Archive member included to satisfy reference by file (symbol)

/home/babi_maria/.pico-sdk/toolchain/13_3_Rel1/bin/../lib/gcc/arm-none-eabi/13.3.1/thumb/v6-m/nofp/libgcc.a(_dvmd_tls.o)
                              CMakeFiles/display_oled.dir/home/babi_maria/.pico-sdk/sdk/2.1.1/src/rp2_common/pico_divider/divider_hardware.S.o (__aeabi_idiv0)
/home/babi_maria/.pico-sdk/toolchain/13_3_Rel1/bin/../lib/gcc/arm-none-eabi/13.3.1/../../../../arm-none-eabi/lib/thumb/v6-m/nofp/libg.a(libc_a-strlen-stub.o)
                              CMakeFiles/display_oled.dir/home/babi_maria/.pico-sdk/sdk/2.1.1/src/rp2_common/pico_stdio/stdio.c.o (strlen)
/home/babi_maria/.pico-sdk/toolchain/13_3_Rel1/bin/../lib/gcc/arm-none-eabi/13.3.1/../../../../arm-none-eabi/lib/thumb/v6-m/nofp/libg.a(libc_a-malloc.o)
                              CMakeFiles/display_oled.dir/home/babi_maria/.pico-sdk/sdk/2.1.1/src/rp2_common/pico_malloc/malloc.c.o (malloc)
/home/babi_maria/.pico-sdk/toolchain/13_3_Rel1/bin/../lib/gcc/arm-none-eabi/13.3.1/../../../../arm-none-eabi/lib/thumb/v6-m/nofp/libg.a(libc_a-mallocr.o)
                              /home/babi_maria/.pico-sdk/toolchain/13_3_Rel1/bin/../lib/gcc/arm-none-eabi/13.3.1/../../../../arm-none-eabi/lib/thumb/v6-m/nofp/libg.a(libc_a-malloc.o) (_malloc_r)
/home/babi_maria/.pico-sdk/toolchain/13_3_Rel1/bin/../lib/gcc/arm-none-eabi/13.3.1/../../../../arm-none-eabi/lib/thumb/v6-m/nofp/libg.a(libc_a-lcltime_r.o)
                              CMakeFiles/display_oled.dir/home/babi_maria/.pico-sdk/sdk/2.1.1/src/common/pico_util/datetime.c.o (localtime_r)
/home/babi_maria/.pico-sdk/toolchain/13_3_Rel1/bin/../lib/gcc/arm-none-eabi/13.3.1/../../../../arm-none-eabi/lib/thumb/v6-m/nofp/libg.a(libc_a-sbrkr.o)
                              /home/babi_maria/.pico-sdk/toolchain/13_3_Rel1/bin/../lib/gcc/arm-none-eabi/13.3.1/../../../../arm-none-eabi/lib/thumb/v6-m/nofp/libg.a(libc_a-mallocr.o) (_sbrk_r)
/home/babi_maria/.pico-sdk/toolchain/13_3_Rel1/bin/../lib/gcc/arm-none-eabi/13.3.1/../../../../arm-none-eabi/lib/thumb/v6-m/nofp/libg.a(libc_a-mktime.o)
                              CMakeFiles/display_oled.dir/home/babi_maria/.pico-sdk/sdk/2.1.1/src/common/pico_util/datetime.c.o (mktime)
/home/babi_maria/.pico-sdk/toolchain/13_3_Rel1/bin/../lib/gcc/arm-none-eabi/13.3.1/../../../../arm-none-eabi/lib/thumb/v6-m/nofp/libg.a(libc_a-month_lengths.o)
                              /home/babi_maria/.pico-sdk/toolchain/13_3_Rel1/bin/../lib/gcc/arm-none-eabi/13.3.1/../../../../arm-none-eabi/lib/thumb/v6-m/nofp/libg.a(libc_a-lcltime_r.o) (__month_lengths)
/home/babi_maria/.pico-sdk/toolchain/13_3_Rel1/bin/../lib/gcc/arm-none-eabi/13.3.1/../../../../arm-none-eabi/lib/thumb/v6-m/nofp/libg.a(libc_a-tzcalc_limits.o)
                              /home/babi_maria/.pico-sdk/toolchain/13_3_Rel1/bin/../lib/gcc/arm-none-eabi/13.3.1/../../../../arm-none-eabi/lib/thumb/v6-m/nofp/libg.a(libc_a-lcltime_r.o) (__tzcalc_limits)
/home/babi_maria/.pico-sdk/toolchain/13_3_Rel1/bin/../lib/gcc/arm-none-eabi/13.3.1/../../../../arm-none-eabi/lib/thumb/v6-m/nofp/libg.a(libc_a-tzlock.o)
                              /home/babi_maria/.pico-sdk/toolchain/13_3_Rel1/bin/../lib/gcc/arm-none-eabi/13.3.1/../../../../arm-none-eabi/lib/thumb/v6-m/nofp/libg.a(libc_a-lcltime_r.o) (__tz_lock)
/home/babi_maria/.pico-sdk/toolchain/13_3_Rel1/bin/../lib/gcc/arm-none-eabi/13.3.1/../../../../arm-none-eabi/lib/thumb/v6-m/nofp/libg.a(libc_a-tzset.o)
                              /home/babi_maria/.pico-sdk/toolchain/13_3_Rel1/bin/../lib/gcc/arm-none-eabi/13.3.1/../../../../arm-none-eabi/lib/thumb/v6-m/nofp/libg.a(libc_a-lcltime_r.o) (_tzset_unlocked)
/home/babi_maria/.pico-sdk/toolchain/13_3_Rel1/bin/../lib/gcc/arm-none-eabi/13.3.1/../../../../arm-none-eabi/lib/thumb/v6-m/nofp/libg.a(libc_a-mlock.o)
                              /home/babi_maria/.pico-sdk/toolchain/13_3_Rel1/bin/../lib/gcc/arm-none-eabi/13.3.1/../../../../arm-none-eabi/lib/thumb/v6-m/nofp/libg.a(libc_a-mallocr.o) (__malloc_lock)
/home/babi_maria/.pico-sdk/toolchain/13_3_Rel1/bin/../lib/gcc/arm-none-eabi/13.3.1/../../../../arm-none-eabi/lib/thumb/v6-m/nofp/libg.a(libc_a-calloc.o)
                              CMakeFiles/display_oled.dir/home/babi_maria/.pico-sdk/sdk/2.1.1/src/rp2_common/pico_malloc/malloc.c.o (calloc)
/home/babi_maria/.pico-sdk/toolchain/13_3_Rel1/bin/../lib/gcc/arm-none-eabi/13.3.1/../../../../arm-none-eabi/lib/thumb/v6-m/nofp/libg.a(libc_a-memcmp.o)
                              CMakeFiles/display_oled.dir/home/babi_maria/.pico-sdk/sdk/2.1.1/src/rp2_common/pico_atomic/atomic.c.o (memcmp)
/home/babi_maria/.pico-sdk/toolchain/13_3_Rel1/bin/../lib/gcc/arm-none-eabi/13.3.1/../../../../arm-none-eabi/lib/thumb/v6-m/nofp/libg.a(libc_a-callocr.o)
                              /home/babi_maria/.pico-sdk/toolchain/13_3_Rel1/bin/../lib/gcc/arm-none-eabi/13.3.1/../../../../arm-none-eabi/lib/thumb/v6-m/nofp/libg.a(libc_a-calloc.o) (_calloc_r)
[...]
Memory Configuration

Name             Origin             Length             Attributes
FLASH            0x10000000         0x00200000         xr
RAM              0x20000000         0x00040000         xrw
SCRATCH_X        0x20040000         0x00001000         xrw
SCRATCH_Y        0x20041000         0x00001000         xrw
*default*        0x00000000         0xffffffff

Linker script and memory map

LOAD /home/babi_maria/.pico-sdk/toolchain/13_3_Rel1/bin/../lib/gcc/arm-none-eabi/13.3.1/thumb/v6-m/nofp/crti.o
LOAD /home/babi_maria/.pico-sdk/toolchain/13_3_Rel1/bin/../lib/gcc/arm-none-eabi/13.3.1/thumb/v6-m/nofp/crtbegin.o
LOAD /home/babi_maria/.pico-sdk/toolchain/13_3_Rel1/bin/../lib/gcc/arm-none-eabi/13.3.1/../../../../arm-none-eabi/lib/thumb/v6-m/nofp/crt0.o

.flash_begin    0x10000000        0x0
                0x10000000                        __flash_binary_start = .

.boot2          0x10000000      0x100
                0x10000000                        __boot2_start__ = .
 *(.boot2)
 .boot2         0x10000000      0x100 pico-sdk/src/rp2040/boot_stage2/CMakeFiles/bs2_default_library.dir/./bs2_default_padded_checksummed.S.o
                0x10000100                        __boot2_end__ = .
                0x00000001                        ASSERT (((__boot2_end__ - __boot2_start__) == 0x100), ERROR: Pico second stage bootloader must be 256 bytes in size)

.text           0x10000100     0x7b94
                0x10000100                        __logical_binary_start = .
 *(.vectors)
 .vectors       0x10000100       0xd4 CMakeFiles/display_oled.dir/home/babi_maria/.pico-sdk/sdk/2.1.1/src/rp2_common/pico_crt0/crt0.S.o
                0x10000100                __vectors
                0x10000100                __VECTOR_TABLE
                0x100001c0                isr_invalid
                0x100001c0                __default_isrs_start
                0x100001c2                isr_nmi
                0x100001c4                isr_hardfault
                0x100001c6                isr_svcall
                0x100001c8                isr_pendsv
                0x100001ca                isr_systick
                0x100001cc                isr_irq30
                0x100001cc                __unhandled_user_irq
                0x100001cc                isr_irq13
                0x100001cc                isr_irq27
                0x100001cc                isr_irq31
                0x100001cc                isr_irq5
                0x100001cc                isr_irq11
                0x100001cc                isr_irq23
                0x100001cc                isr_irq18
                0x100001cc                isr_irq28
                0x100001cc                isr_irq19
                0x100001cc                isr_irq0
                0x100001cc                isr_irq6
                0x100001cc                isr_irq22
                0x100001cc                isr_irq17
                0x100001cc                isr_irq14
                0x100001cc                isr_irq2
                0x100001cc                isr_irq10
                0x100001cc                isr_irq8
                0x100001cc                isr_irq24
                0x100001cc                isr_irq1
                0x100001cc                isr_irq7
                0x100001cc                isr_irq21
                0x100001cc                isr_irq20
                0x100001cc                isr_irq15
                0x100001cc                isr_irq25
                0x100001cc                isr_irq4
                0x100001cc                isr_irq16
                0x100001cc                isr_irq29
                0x100001cc                isr_irq26
                0x100001cc                __default_isrs_end
                0x100001cc                isr_irq3
                0x100001cc                isr_irq12
                0x100001cc                isr_irq9
                0x100001d2                unhandled_user_irq_num_in_r0
 *(.binary_info_header)
 .binary_info_header
                0x100001d4       0x14 CMakeFiles/display_oled.dir/home/babi_maria/.pico-sdk/sdk/2.1.1/src/rp2_common/pico_crt0/crt0.S.o
                0x100001e8                        __binary_info_header_end = .
 *(.embedded_block)
                0x100001e8                        __embedded_block_end = .
 *(.reset)
 .reset         0x100001e8       0x9c CMakeFiles/display_oled.dir/home/babi_maria/.pico-sdk/sdk/2.1.1/src/rp2_common/pico_crt0/crt0.S.o
                0x100001e8                _entry_point
 *(.init)
 .init          0x10000284        0x4 /home/babi_maria/.pico-sdk/toolchain/13_3_Rel1/bin/../lib/gcc/arm-none-eabi/13.3.1/thumb/v6-m/nofp/crti.o
                0x10000284                _init
 *(EXCLUDE_FILE(*libm.a: *libc.a:*lib_a-mem*.o *libgcc.a:) .text*)
 .text.register_tm_clones
                0x10000288       0x28 /home/babi_maria/.pico-sdk/toolchain/13_3_Rel1/bin/../lib/gcc/arm-none-eabi/13.3.1/thumb/v6-m/nofp/crtbegin.o
 .text.frame_dummy
                0x100002b0       0x24 /home/babi_maria/.pico-sdk/toolchain/13_3_Rel1/bin/../lib/gcc/arm-none-eabi/13.3.1/thumb/v6-m/nofp/crtbegin.o
 .text.startup.main
                0x100002d4      0x468 CMakeFiles/display_oled.dir/display_oled.c.o
                0x100002d4                main
 .text.calculate_render_area_buffer_length
                0x1000073c       0x18 CMakeFiles/display_oled.dir/inc/ssd1306_i2c.c.o
                0x1000073c                calculate_render_area_buffer_length
 .text.ssd1306_init
                0x10000754       0x58 CMakeFiles/display_oled.dir/inc/ssd1306_i2c.c.o
                0x10000754                ssd1306_init
 .text.render_on_display
                0x100007ac       0x98 CMakeFiles/display_oled.dir/inc/ssd1306_i2c.c.o
                0x100007ac                render_on_display
 .text.ssd1306_draw_string
                0x10000844       0xd8 CMakeFiles/display_oled.dir/inc/ssd1306_i2c.c.o
                0x10000844                ssd1306_draw_string
 .text.gpio_set_function
                0x1000091c       0x34 CMakeFiles/display_oled.dir/home/babi_maria/.pico-sdk/sdk/2.1.1/src/rp2_common/hardware_gpio/gpio.c.o
                0x1000091c                gpio_set_function
 .text.gpio_set_pulls
                0x10000950       0x28 CMakeFiles/display_oled.dir/home/babi_maria/.pico-sdk/sdk/2.1.1/src/rp2_common/hardware_gpio/gpio.c.o
                0x10000950                gpio_set_pulls
 .text.rp2040_chip_version
                0x10000978        0xc CMakeFiles/display_oled.dir/home/babi_maria/.pico-sdk/sdk/2.1.1/src/rp2040/pico_platform/platform.c.o
                0x10000978                rp2040_chip_version
 .text.panic    0x10000984       0x30 CMakeFiles/display_oled.dir/home/babi_maria/.pico-sdk/sdk/2.1.1/src/rp2_common/pico_platform_panic/panic.c.o
                0x10000984                panic
 .text.hw_claim_or_assert
                0x100009b4       0x44 CMakeFiles/display_oled.dir/home/babi_maria/.pico-sdk/sdk/2.1.1/src/common/hardware_claim/claim.c.o
                0x100009b4                hw_claim_or_assert
 .text.hw_claim_unused_from_range
                0x100009f8       0x9c CMakeFiles/display_oled.dir/home/babi_maria/.pico-sdk/sdk/2.1.1/src/common/hardware_claim/claim.c.o
                0x100009f8                hw_claim_unused_from_range
 .text.next_striped_spin_lock_num
                0x10000a94       0x18 CMakeFiles/display_oled.dir/home/babi_maria/.pico-sdk/sdk/2.1.1/src/rp2_common/hardware_sync/sync.c.o
                0x10000a94                next_striped_spin_lock_num
 .text.spin_lock_claim_unused
                0x10000aac       0x24 CMakeFiles/display_oled.dir/home/babi_maria/.pico-sdk/sdk/2.1.1/src/rp2_common/hardware_sync/sync.c.o
                0x10000aac                spin_lock_claim_unused
 .text.spin_locks_reset
                0x10000ad0       0x1c CMakeFiles/display_oled.dir/home/babi_maria/.pico-sdk/sdk/2.1.1/src/rp2_common/hardware_sync_spin_lock/sync_spin_lock.c.o
                0x10000ad0                spin_locks_reset
 .text.runtime_init_per_core_irq_priorities
                0x10000aec       0x24 CMakeFiles/display_oled.dir/home/babi_maria/.pico-sdk/sdk/2.1.1/src/rp2_common/hardware_irq/irq.c.o
                0x10000aec                runtime_init_per_core_irq_priorities
 .text.irq_set_enabled
                0x10000b10       0x24 CMakeFiles/display_oled.dir/home/babi_maria/.pico-sdk/sdk/2.1.1/src/rp2_common/hardware_irq/irq.c.o
                0x10000b10                irq_set_enabled
 .text.irq_is_enabled
                0x10000b34       0x18 CMakeFiles/display_oled.dir/home/babi_maria/.pico-sdk/sdk/2.1.1/src/rp2_common/hardware_irq/irq.c.o
                0x10000b34                irq_is_enabled
 .text.irq_set_pending
                0x10000b4c       0x10 CMakeFiles/display_oled.dir/home/babi_maria/.pico-sdk/sdk/2.1.1/src/rp2_common/hardware_irq/irq.c.o
                0x10000b4c                irq_set_pending
 .text.irq_has_shared_handler
                0x10000b5c       0x24 CMakeFiles/display_oled.dir/home/babi_maria/.pico-sdk/sdk/2.1.1/src/rp2_common/hardware_irq/irq.c.o
                0x10000b5c                irq_has_shared_handler
 .text.irq_set_exclusive_handler
                0x10000b80       0x54 CMakeFiles/display_oled.dir/home/babi_maria/.pico-sdk/sdk/2.1.1/src/rp2_common/hardware_irq/irq.c.o
                0x10000b80                irq_set_exclusive_handler
 .text.irq_add_shared_handler
                0x10000bd4      0x1f4 CMakeFiles/display_oled.dir/home/babi_maria/.pico-sdk/sdk/2.1.1/src/rp2_common/hardware_irq/irq.c.o
                0x10000bd4                irq_add_shared_handler
 .text.irq_add_tail_to_free_list
                0x10000dc8       0xb4 CMakeFiles/display_oled.dir/home/babi_maria/.pico-sdk/sdk/2.1.1/src/rp2_common/hardware_irq/irq.c.o
                0x10000dc8                irq_add_tail_to_free_list
 .text.user_irq_claim_unused
                0x10000e7c       0x2c CMakeFiles/display_oled.dir/home/babi_maria/.pico-sdk/sdk/2.1.1/src/rp2_common/hardware_irq/irq.c.o
                0x10000e7c                user_irq_claim_unused
 .text.lock_init
                0x10000ea8       0x10 CMakeFiles/display_oled.dir/home/babi_maria/.pico-sdk/sdk/2.1.1/src/common/pico_sync/lock_core.c.o
                0x10000ea8                lock_init
 .text.runtime_init_mutex
                0x10000eb8       0x50 CMakeFiles/display_oled.dir/home/babi_maria/.pico-sdk/sdk/2.1.1/src/common/pico_sync/mutex.c.o
                0x10000eb8                runtime_init_mutex
 .text.mutex_init
                0x10000f08       0x1c CMakeFiles/display_oled.dir/home/babi_maria/.pico-sdk/sdk/2.1.1/src/common/pico_sync/mutex.c.o
                0x10000f08                mutex_init
 .text.critical_section_init
                0x10000f24       0x1c CMakeFiles/display_oled.dir/home/babi_maria/.pico-sdk/sdk/2.1.1/src/common/pico_sync/critical_section.c.o
                0x10000f24                critical_section_init
 .text.critical_section_init_with_lock_num
                0x10000f40       0x14 CMakeFiles/display_oled.dir/home/babi_maria/.pico-sdk/sdk/2.1.1/src/common/pico_sync/critical_section.c.o
                0x10000f40                critical_section_init_with_lock_num
 .text.sleep_until_callback
                0x10000f54       0x30 CMakeFiles/display_oled.dir/home/babi_maria/.pico-sdk/sdk/2.1.1/src/common/pico_time/time.c.o
 .text.alarm_pool_irq_handler
                0x10000f84      0x2fc CMakeFiles/display_oled.dir/home/babi_maria/.pico-sdk/sdk/2.1.1/src/common/pico_time/time.c.o
 .text.runtime_init_default_alarm_pool
                0x10001280       0xdc CMakeFiles/display_oled.dir/home/babi_maria/.pico-sdk/sdk/2.1.1/src/common/pico_time/time.c.o
                0x10001280                runtime_init_default_alarm_pool
 .text.alarm_pool_get_default
                0x1000135c        0x8 CMakeFiles/display_oled.dir/home/babi_maria/.pico-sdk/sdk/2.1.1/src/common/pico_time/time.c.o
                0x1000135c                alarm_pool_get_default
 .text.alarm_pool_add_alarm_at
                0x10001364       0xd4 CMakeFiles/display_oled.dir/home/babi_maria/.pico-sdk/sdk/2.1.1/src/common/pico_time/time.c.o
                0x10001364                alarm_pool_add_alarm_at
 .text.alarm_pool_add_alarm_at_force_in_context
                0x10001438       0xb0 CMakeFiles/display_oled.dir/home/babi_maria/.pico-sdk/sdk/2.1.1/src/common/pico_time/time.c.o
                0x10001438                alarm_pool_add_alarm_at_force_in_context
 .text.alarm_pool_cancel_alarm
                0x100014e8       0x74 CMakeFiles/display_oled.dir/home/babi_maria/.pico-sdk/sdk/2.1.1/src/common/pico_time/time.c.o
                0x100014e8                alarm_pool_cancel_alarm
 .text.alarm_pool_core_num
                0x1000155c        0x4 CMakeFiles/display_oled.dir/home/babi_maria/.pico-sdk/sdk/2.1.1/src/common/pico_time/time.c.o
                0x1000155c                alarm_pool_core_num
 .text.sleep_until
                0x10001560       0xd8 CMakeFiles/display_oled.dir/home/babi_maria/.pico-sdk/sdk/2.1.1/src/common/pico_time/time.c.o
                0x10001560                sleep_until
 .text.sleep_ms
                0x10001638       0x38 CMakeFiles/display_oled.dir/home/babi_maria/.pico-sdk/sdk/2.1.1/src/common/pico_time/time.c.o
                0x10001638                sleep_ms
 .text.best_effort_wfe_or_timeout
                0x10001670       0xf8 CMakeFiles/display_oled.dir/home/babi_maria/.pico-sdk/sdk/2.1.1/src/common/pico_time/time.c.o
                0x10001670                best_effort_wfe_or_timeout
 .text.timer_hardware_alarm_claim
                0x10001768       0x14 CMakeFiles/display_oled.dir/home/babi_maria/.pico-sdk/sdk/2.1.1/src/rp2_common/hardware_timer/timer.c.o
                0x10001768                timer_hardware_alarm_claim
 .text.timer_time_us_64
                0x1000177c       0x10 CMakeFiles/display_oled.dir/home/babi_maria/.pico-sdk/sdk/2.1.1/src/rp2_common/hardware_timer/timer.c.o
                0x1000177c                timer_time_us_64
 .text.time_us_64
                0x1000178c       0x14 CMakeFiles/display_oled.dir/home/babi_maria/.pico-sdk/sdk/2.1.1/src/rp2_common/hardware_timer/timer.c.o
                0x1000178c                time_us_64
 .text.busy_wait_until
                0x100017a0       0x20 CMakeFiles/display_oled.dir/home/babi_maria/.pico-sdk/sdk/2.1.1/src/rp2_common/hardware_timer/timer.c.o
                0x100017a0                busy_wait_until
 .text.clock_configure_int_divider
                0x100017c0       0xf4 CMakeFiles/display_oled.dir/home/babi_maria/.pico-sdk/sdk/2.1.1/src/rp2_common/hardware_clocks/clocks.c.o
                0x100017c0                clock_configure_int_divider
 .text.clock_configure_undivided
                0x100018b4       0xe8 CMakeFiles/display_oled.dir/home/babi_maria/.pico-sdk/sdk/2.1.1/src/rp2_common/hardware_clocks/clocks.c.o
                0x100018b4                clock_configure_undivided
 .text.clock_get_hz
                0x1000199c        0xc CMakeFiles/display_oled.dir/home/babi_maria/.pico-sdk/sdk/2.1.1/src/rp2_common/hardware_clocks/clocks.c.o
                0x1000199c                clock_get_hz
 .text.pll_init
                0x100019a8       0xa4 CMakeFiles/display_oled.dir/home/babi_maria/.pico-sdk/sdk/2.1.1/src/rp2_common/hardware_pll/pll.c.o
                0x100019a8                pll_init
 .text.watchdog_reboot
                0x10001a4c       0x9c CMakeFiles/display_oled.dir/home/babi_maria/.pico-sdk/sdk/2.1.1/src/rp2_common/hardware_watchdog/watchdog.c.o
                0x10001a4c                watchdog_reboot
 .text.tick_start
                0x10001ae8       0x10 CMakeFiles/display_oled.dir/home/babi_maria/.pico-sdk/sdk/2.1.1/src/rp2_common/hardware_ticks/ticks.c.o
                0x10001ae8                tick_start
 .text.rom_func_lookup
                0x10001af8       0x10 CMakeFiles/display_oled.dir/home/babi_maria/.pico-sdk/sdk/2.1.1/src/rp2_common/pico_bootrom/bootrom.c.o
                0x10001af8                rom_func_lookup
 .text.rom_data_lookup
                0x10001b08       0x10 CMakeFiles/display_oled.dir/home/babi_maria/.pico-sdk/sdk/2.1.1/src/rp2_common/pico_bootrom/bootrom.c.o
                0x10001b08                rom_data_lookup
 .text.rom_funcs_lookup
                0x10001b18       0x44 CMakeFiles/display_oled.dir/home/babi_maria/.pico-sdk/sdk/2.1.1/src/rp2_common/pico_bootrom/bootrom.c.o
                0x10001b18                rom_funcs_lookup
 .text.rom_reset_usb_boot_extra
                0x10001b5c       0x28 CMakeFiles/display_oled.dir/home/babi_maria/.pico-sdk/sdk/2.1.1/src/rp2_common/pico_bootrom/bootrom.c.o
                0x10001b5c                rom_reset_usb_boot_extra
 .text.xosc_init
                0x10001b84       0x28 CMakeFiles/display_oled.dir/home/babi_maria/.pico-sdk/sdk/2.1.1/src/rp2_common/hardware_xosc/xosc.c.o
                0x10001b84                xosc_init
 .text.first_per_core_initializer
                0x10001bac        0x4 CMakeFiles/display_oled.dir/home/babi_maria/.pico-sdk/sdk/2.1.1/src/rp2_common/pico_runtime/runtime.c.o
 .text.hard_assertion_failure
                0x10001bb0        0xc CMakeFiles/display_oled.dir/home/babi_maria/.pico-sdk/sdk/2.1.1/src/rp2_common/pico_runtime/runtime.c.o
                0x10001bb0                hard_assertion_failure
 .text.runtime_run_initializers
                0x10001bbc       0x28 CMakeFiles/display_oled.dir/home/babi_maria/.pico-sdk/sdk/2.1.1/src/rp2_common/pico_runtime/runtime.c.o
                0x10001bbc                runtime_run_initializers
 .text.runtime_init_early_resets
                0x10001be4       0x2c CMakeFiles/display_oled.dir/home/babi_maria/.pico-sdk/sdk/2.1.1/src/rp2_common/pico_runtime_init/runtime_init.c.o
                0x10001be4                runtime_init_early_resets
 .text.runtime_init_usb_power_down
                0x10001c10       0x1c CMakeFiles/display_oled.dir/home/babi_maria/.pico-sdk/sdk/2.1.1/src/rp2_common/pico_runtime_init/runtime_init.c.o
                0x10001c10                runtime_init_usb_power_down
 .text.runtime_init_post_clock_resets
                0x10001c2c       0x20 CMakeFiles/display_oled.dir/home/babi_maria/.pico-sdk/sdk/2.1.1/src/rp2_common/pico_runtime_init/runtime_init.c.o
                0x10001c2c                runtime_init_post_clock_resets
 .text.runtime_init_rp2040_gpio_ie_disable
                0x10001c4c       0x14 CMakeFiles/display_oled.dir/home/babi_maria/.pico-sdk/sdk/2.1.1/src/rp2_common/pico_runtime_init/runtime_init.c.o
                0x10001c4c                runtime_init_rp2040_gpio_ie_disable
 .text.runtime_init_spin_locks_reset
                0x10001c60        0x8 CMakeFiles/display_oled.dir/home/babi_maria/.pico-sdk/sdk/2.1.1/src/rp2_common/pico_runtime_init/runtime_init.c.o
                0x10001c60                runtime_init_spin_locks_reset
 .text.runtime_init_install_ram_vector_table
                0x10001c68       0x1c CMakeFiles/display_oled.dir/home/babi_maria/.pico-sdk/sdk/2.1.1/src/rp2_common/pico_runtime_init/runtime_init.c.o
                0x10001c68                runtime_init_install_ram_vector_table
 .text.runtime_init_clocks
                0x10001c84       0xd8 CMakeFiles/display_oled.dir/home/babi_maria/.pico-sdk/sdk/2.1.1/src/rp2_common/pico_runtime_init/runtime_init_clocks.c.o
                0x10001c84                runtime_init_clocks
 .text          0x10001d5c       0x10 CMakeFiles/display_oled.dir/home/babi_maria/.pico-sdk/sdk/2.1.1/src/rp2_common/pico_bit_ops/bit_ops_aeabi.S.o
 .text.__wrap___aeabi_idiv
                0x10001d6c       0x50 CMakeFiles/display_oled.dir/home/babi_maria/.pico-sdk/sdk/2.1.1/src/rp2_common/pico_divider/divider_hardware.S.o
                0x10001d6c                __wrap___aeabi_idivmod
                0x10001d6c                divmod_s32s32
                0x10001d6c                div_s32s32
                0x10001d6c                __wrap___aeabi_idiv
                0x10001d74                divmod_s32s32_unsafe
                0x10001da0                divmod_s32s32_savestate
 .text.__wrap___aeabi_uidiv
                0x10001dbc       0x4c CMakeFiles/display_oled.dir/home/babi_maria/.pico-sdk/sdk/2.1.1/src/rp2_common/pico_divider/divider_hardware.S.o
                0x10001dbc                __wrap___aeabi_uidiv
                0x10001dbc                __wrap___aeabi_uidivmod
                0x10001dbc                div_u32u32
                0x10001dbc                divmod_u32u32
                0x10001dc4                divmod_u32u32_unsafe
                0x10001dec                divmod_u32u32_savestate
 .text.__wrap___aeabi_ldiv
                0x10001e08      0x424 CMakeFiles/display_oled.dir/home/babi_maria/.pico-sdk/sdk/2.1.1/src/rp2_common/pico_divider/divider_hardware.S.o
                0x10001e08                div_s64s64
                0x10001e08                divmod_s64s64
                0x10001e08                __wrap___aeabi_ldivmod
                0x10001e38                div_u64u64
                0x10001e38                divmod_u64u64
                0x10001e38                __wrap___aeabi_uldivmod
                0x10001e48                divmod_u64u64_savestate
                0x10001e68                divmod_s64s64_unsafe
                0x10001ef0                divmod_u64u64_unsafe
 .text.__wrap___aeabi_darithmetic
                0x1000222c       0x80 CMakeFiles/display_oled.dir/home/babi_maria/.pico-sdk/sdk/2.1.1/src/rp2_common/pico_double/double_aeabi_rp2040.S.o
                0x1000222c                __wrap___aeabi_drsub
                0x10002232                __wrap___aeabi_dsub
                0x10002244                __wrap___aeabi_dadd
                0x10002256                __wrap___aeabi_ddiv
                0x10002292                __wrap___aeabi_dmul
 .text.__wrap___aeabi_cdcmple
                0x100022ac       0x6c CMakeFiles/display_oled.dir/home/babi_maria/.pico-sdk/sdk/2.1.1/src/rp2_common/pico_double/double_aeabi_rp2040.S.o
                0x100022ac                __wrap___aeabi_cdrcmple
                0x100022bc                __wrap___aeabi_cdcmple
                0x100022bc                __wrap___aeabi_cdcmpeq
 .text.__wrap___aeabi_dcmplt
                0x10002318        0xc CMakeFiles/display_oled.dir/home/babi_maria/.pico-sdk/sdk/2.1.1/src/rp2_common/pico_double/double_aeabi_rp2040.S.o
                0x10002318                __wrap___aeabi_dcmplt
 .text.__wrap___aeabi_dcmpge
                0x10002324       0x10 CMakeFiles/display_oled.dir/home/babi_maria/.pico-sdk/sdk/2.1.1/src/rp2_common/pico_double/double_aeabi_rp2040.S.o
                0x10002324                __wrap___aeabi_dcmpge
 .text.__wrap___aeabi_dcmpgt
                0x10002334        0xa CMakeFiles/display_oled.dir/home/babi_maria/.pico-sdk/sdk/2.1.1/src/rp2_common/pico_double/double_aeabi_rp2040.S.o
                0x10002334                __wrap___aeabi_dcmpgt
 .text.__wrap___aeabi_dcmpun
                0x1000233e       0x18 CMakeFiles/display_oled.dir/home/babi_maria/.pico-sdk/sdk/2.1.1/src/rp2_common/pico_double/double_aeabi_rp2040.S.o
                0x1000233e                __wrap___aeabi_dcmpun
 *fill*         0x10002356        0x2 
 .text.__wrap___aeabi_i2d
                0x10002358       0x38 CMakeFiles/display_oled.dir/home/babi_maria/.pico-sdk/sdk/2.1.1/src/rp2_common/pico_double/double_aeabi_rp2040.S.o
                0x10002358                __wrap___aeabi_ui2d
                0x10002358                uint2double
                0x10002360                __wrap___aeabi_i2d
                0x10002360                int2double
 .text.__wrap___aeabi_d2iz
                0x10002390       0x48 CMakeFiles/display_oled.dir/home/babi_maria/.pico-sdk/sdk/2.1.1/src/rp2_common/pico_double/double_aeabi_rp2040.S.o
                0x10002390                __wrap___aeabi_d2iz
                0x10002390                double2int_z
 .text.__wrap___aeabi_d2uiz
                0x100023d8       0x18 CMakeFiles/display_oled.dir/home/babi_maria/.pico-sdk/sdk/2.1.1/src/rp2_common/pico_double/double_aeabi_rp2040.S.o
                0x100023d8                double2uint_z
                0x100023d8                double2uint
                0x100023d8                __wrap___aeabi_d2uiz
 .text.__aeabi_double_init
                0x100023f0       0xa4 CMakeFiles/display_oled.dir/home/babi_maria/.pico-sdk/sdk/2.1.1/src/rp2_common/pico_double/double_init_rom_rp2040.c.o
                0x100023f0                __aeabi_double_init
 .text.double_table_shim_on_use_helper
                0x10002494       0x2c CMakeFiles/display_oled.dir/home/babi_maria/.pico-sdk/sdk/2.1.1/src/rp2_common/pico_double/double_v1_rom_shim_rp2040.S.o
                0x10002494                double_table_shim_on_use_helper
 .text.__wrap___aeabi_dsub
                0x100024c0       0x10 CMakeFiles/display_oled.dir/home/babi_maria/.pico-sdk/sdk/2.1.1/src/rp2_common/pico_double/double_v1_rom_shim_rp2040.S.o
                0x100024c0                drsub_shim
                0x100024c6                dsub_shim
 .text.dadd_shim
                0x100024d0      0x15c CMakeFiles/display_oled.dir/home/babi_maria/.pico-sdk/sdk/2.1.1/src/rp2_common/pico_double/double_v1_rom_shim_rp2040.S.o
                0x100024d0                dadd_shim
 .text.dmul_shim
                0x1000262c      0x15c CMakeFiles/display_oled.dir/home/babi_maria/.pico-sdk/sdk/2.1.1/src/rp2_common/pico_double/double_v1_rom_shim_rp2040.S.o
                0x1000262c                dmul_shim
 .text.ddiv_shim
                0x10002788      0x1b0 CMakeFiles/display_oled.dir/home/babi_maria/.pico-sdk/sdk/2.1.1/src/rp2_common/pico_double/double_v1_rom_shim_rp2040.S.o
                0x10002788                ddiv_shim
 .text.double2uint_shim
                0x10002938        0xe CMakeFiles/display_oled.dir/home/babi_maria/.pico-sdk/sdk/2.1.1/src/rp2_common/pico_double/double_v1_rom_shim_rp2040.S.o
                0x10002938                double2uint_shim
                0x1000293a                double2ufix_shim
 *fill*         0x10002946        0x2 
 .text.double2uint64_shim
                0x10002948       0x70 CMakeFiles/display_oled.dir/home/babi_maria/.pico-sdk/sdk/2.1.1/src/rp2_common/pico_double/double_v1_rom_shim_rp2040.S.o
                0x10002948                double2uint64_shim
                0x1000294a                double2ufix64_shim
                0x1000296a                d2fix_a
 .text.dunpacks
                0x100029b8       0x3c CMakeFiles/display_oled.dir/home/babi_maria/.pico-sdk/sdk/2.1.1/src/rp2_common/pico_double/double_v1_rom_shim_rp2040.S.o
                0x100029b8                dunpacks
 .text.__aeabi_lmul
                0x100029f4       0x32 CMakeFiles/display_oled.dir/home/babi_maria/.pico-sdk/sdk/2.1.1/src/rp2_common/pico_int64_ops/pico_int64_ops_aeabi.S.o
                0x100029f4                __wrap___aeabi_lmul
 *fill*         0x10002a26        0x2 
 .text.__wrap___aeabi_farithmetic
                0x10002a28       0x48 CMakeFiles/display_oled.dir/home/babi_maria/.pico-sdk/sdk/2.1.1/src/rp2_common/pico_float/float_aeabi_rp2040.S.o
                0x10002a28                __wrap___aeabi_frsub
                0x10002a2e                __wrap___aeabi_fsub
                0x10002a34                __wrap___aeabi_fadd
                0x10002a3a                __wrap___aeabi_fdiv
                0x10002a62                __wrap___aeabi_fmul
 .text.__wrap___aeabi_cfcmple
                0x10002a70       0x50 CMakeFiles/display_oled.dir/home/babi_maria/.pico-sdk/sdk/2.1.1/src/rp2_common/pico_float/float_aeabi_rp2040.S.o
                0x10002a70                __wrap___aeabi_cfrcmple
                0x10002a7c                __wrap___aeabi_cfcmpeq
                0x10002a7c                __wrap___aeabi_cfcmple
 .text.__wrap___aeabi_fcmple
                0x10002ac0       0x10 CMakeFiles/display_oled.dir/home/babi_maria/.pico-sdk/sdk/2.1.1/src/rp2_common/pico_float/float_aeabi_rp2040.S.o
                0x10002ac0                __wrap___aeabi_fcmple
 .text.__wrap___aeabi_i2f
                0x10002ad0       0x44 CMakeFiles/display_oled.dir/home/babi_maria/.pico-sdk/sdk/2.1.1/src/rp2_common/pico_float/float_aeabi_rp2040.S.o
                0x10002ad0                int2float
                0x10002ad0                __wrap___aeabi_i2f
 .text.__wrap___aeabi_f2d
                0x10002b14       0x14 CMakeFiles/display_oled.dir/home/babi_maria/.pico-sdk/sdk/2.1.1/src/rp2_common/pico_float/float_aeabi_rp2040.S.o
                0x10002b14                __wrap___aeabi_f2d
 .text.__aeabi_float_init
                0x10002b28       0x64 CMakeFiles/display_oled.dir/home/babi_maria/.pico-sdk/sdk/2.1.1/src/rp2_common/pico_float/float_init_rom_rp2040.c.o
                0x10002b28                __aeabi_float_init
 .text.float_table_shim_on_use_helper
                0x10002b8c       0x2c CMakeFiles/display_oled.dir/home/babi_maria/.pico-sdk/sdk/2.1.1/src/rp2_common/pico_float/float_v1_rom_shim_rp2040.S.o
                0x10002b8c                float_table_shim_on_use_helper
 .text.float2double_shim
                0x10002bb8       0x30 CMakeFiles/display_oled.dir/home/babi_maria/.pico-sdk/sdk/2.1.1/src/rp2_common/pico_float/float_v1_rom_shim_rp2040.S.o
                0x10002bb8                float2double_shim
 .text.__wrap_malloc
                0x10002be8       0x24 CMakeFiles/display_oled.dir/home/babi_maria/.pico-sdk/sdk/2.1.1/src/rp2_common/pico_malloc/malloc.c.o
                0x10002be8                __wrap_malloc
 .text.__wrap_free
                0x10002c0c        0x8 CMakeFiles/display_oled.dir/home/babi_maria/.pico-sdk/sdk/2.1.1/src/rp2_common/pico_malloc/malloc.c.o
                0x10002c0c                __wrap_free
 .text          0x10002c14       0x10 CMakeFiles/display_oled.dir/home/babi_maria/.pico-sdk/sdk/2.1.1/src/rp2_common/pico_mem_ops/mem_ops_aeabi.S.o
                0x10002c14                __aeabi_mem_init
 .text.memset   0x10002c24        0xc CMakeFiles/display_oled.dir/home/babi_maria/.pico-sdk/sdk/2.1.1/src/rp2_common/pico_mem_ops/mem_ops_aeabi.S.o
                0x10002c24                __wrap_memset
 .text.memcpy   0x10002c30        0xc CMakeFiles/display_oled.dir/home/babi_maria/.pico-sdk/sdk/2.1.1/src/rp2_common/pico_mem_ops/mem_ops_aeabi.S.o
                0x10002c30                __wrap___aeabi_memcpy
                0x10002c30                __wrap_memcpy
 .text._out_buffer
                0x10002c3c        0x8 CMakeFiles/display_oled.dir/home/babi_maria/.pico-sdk/sdk/2.1.1/src/rp2_common/pico_printf/printf.c.o
 .text._out_null
                0x10002c44        0x4 CMakeFiles/display_oled.dir/home/babi_maria/.pico-sdk/sdk/2.1.1/src/rp2_common/pico_printf/printf.c.o
 .text._out_rev
                0x10002c48       0xac CMakeFiles/display_oled.dir/home/babi_maria/.pico-sdk/sdk/2.1.1/src/rp2_common/pico_printf/printf.c.o
 .text._ntoa_format
                0x10002cf4      0x250 CMakeFiles/display_oled.dir/home/babi_maria/.pico-sdk/sdk/2.1.1/src/rp2_common/pico_printf/printf.c.o
 .text._out_char
                0x10002f44       0x10 CMakeFiles/display_oled.dir/home/babi_maria/.pico-sdk/sdk/2.1.1/src/rp2_common/pico_printf/printf.c.o
 .text._out_fct
                0x10002f54       0x10 CMakeFiles/display_oled.dir/home/babi_maria/.pico-sdk/sdk/2.1.1/src/rp2_common/pico_printf/printf.c.o
 .text._etoa    0x10002f64      0x464 CMakeFiles/display_oled.dir/home/babi_maria/.pico-sdk/sdk/2.1.1/src/rp2_common/pico_printf/printf.c.o
 .text._ftoa    0x100033c8      0x3c0 CMakeFiles/display_oled.dir/home/babi_maria/.pico-sdk/sdk/2.1.1/src/rp2_common/pico_printf/printf.c.o
 .text._vsnprintf
                0x10003788      0xbc8 CMakeFiles/display_oled.dir/home/babi_maria/.pico-sdk/sdk/2.1.1/src/rp2_common/pico_printf/printf.c.o
 .text.__wrap_snprintf
                0x10004350       0x28 CMakeFiles/display_oled.dir/home/babi_maria/.pico-sdk/sdk/2.1.1/src/rp2_common/pico_printf/printf.c.o
                0x10004350                __wrap_snprintf
 .text.vfctprintf
                0x10004378       0x20 CMakeFiles/display_oled.dir/home/babi_maria/.pico-sdk/sdk/2.1.1/src/rp2_common/pico_printf/printf.c.o
                0x10004378                vfctprintf
 .text.weak_raw_vprintf
                0x10004398       0x30 CMakeFiles/display_oled.dir/home/babi_maria/.pico-sdk/sdk/2.1.1/src/rp2_common/pico_printf/printf.c.o
                0x10004398                weak_raw_vprintf
 .text._exit    0x100043c8        0x4 CMakeFiles/display_oled.dir/home/babi_maria/.pico-sdk/sdk/2.1.1/src/rp2_common/pico_clib_interface/newlib_interface.c.o
                0x100043c8                _exit
 .text._sbrk    0x100043cc       0x34 CMakeFiles/display_oled.dir/home/babi_maria/.pico-sdk/sdk/2.1.1/src/rp2_common/pico_clib_interface/newlib_interface.c.o
                0x100043cc                _sbrk
 .text.exit     0x10004400        0x8 CMakeFiles/display_oled.dir/home/babi_maria/.pico-sdk/sdk/2.1.1/src/rp2_common/pico_clib_interface/newlib_interface.c.o
                0x10004400                exit
 .text.runtime_init
                0x10004408       0x2c CMakeFiles/display_oled.dir/home/babi_maria/.pico-sdk/sdk/2.1.1/src/rp2_common/pico_clib_interface/newlib_interface.c.o
                0x10004408                runtime_init
 .text.stdio_out_chars_no_crlf
                0x10004434       0x10 CMakeFiles/display_oled.dir/home/babi_maria/.pico-sdk/sdk/2.1.1/src/rp2_common/pico_stdio/stdio.c.o
 .text.stdio_out_chars_crlf
                0x10004444       0x94 CMakeFiles/display_oled.dir/home/babi_maria/.pico-sdk/sdk/2.1.1/src/rp2_common/pico_stdio/stdio.c.o
 .text.stdio_buffered_printer
                0x100044d8       0x64 CMakeFiles/display_oled.dir/home/babi_maria/.pico-sdk/sdk/2.1.1/src/rp2_common/pico_stdio/stdio.c.o
 .text.stdio_put_string
                0x1000453c      0x100 CMakeFiles/display_oled.dir/home/babi_maria/.pico-sdk/sdk/2.1.1/src/rp2_common/pico_stdio/stdio.c.o
                0x1000453c                stdio_put_string
 .text.stdio_set_driver_enabled
                0x1000463c       0x30 CMakeFiles/display_oled.dir/home/babi_maria/.pico-sdk/sdk/2.1.1/src/rp2_common/pico_stdio/stdio.c.o
                0x1000463c                stdio_set_driver_enabled
 .text.stdio_init_all
                0x1000466c        0x8 CMakeFiles/display_oled.dir/home/babi_maria/.pico-sdk/sdk/2.1.1/src/rp2_common/pico_stdio/stdio.c.o
                0x1000466c                stdio_init_all
 .text.__wrap_putchar
                0x10004674       0x98 CMakeFiles/display_oled.dir/home/babi_maria/.pico-sdk/sdk/2.1.1/src/rp2_common/pico_stdio/stdio.c.o
                0x10004674                stdio_putchar
                0x10004674                __wrap_putchar
 .text.__wrap_puts
                0x1000470c       0x3c CMakeFiles/display_oled.dir/home/babi_maria/.pico-sdk/sdk/2.1.1/src/rp2_common/pico_stdio/stdio.c.o
                0x1000470c                __wrap_puts
                0x1000470c                stdio_puts
 .text.__wrap_vprintf
                0x10004748       0xd4 CMakeFiles/display_oled.dir/home/babi_maria/.pico-sdk/sdk/2.1.1/src/rp2_common/pico_stdio/stdio.c.o
                0x10004748                __wrap_vprintf
                0x10004748                stdio_vprintf
 .text.__wrap_printf
                0x1000481c       0x18 CMakeFiles/display_oled.dir/home/babi_maria/.pico-sdk/sdk/2.1.1/src/rp2_common/pico_stdio/stdio.c.o
                0x1000481c                stdio_printf
                0x1000481c                __wrap_printf
 .text.resetd_init
                0x10004834        0x4 CMakeFiles/display_oled.dir/home/babi_maria/.pico-sdk/sdk/2.1.1/src/rp2_common/pico_stdio_usb/reset_interface.c.o
 .text.resetd_reset
                0x10004838        0xc CMakeFiles/display_oled.dir/home/babi_maria/.pico-sdk/sdk/2.1.1/src/rp2_common/pico_stdio_usb/reset_interface.c.o
 .text.resetd_open
                0x10004844       0x28 CMakeFiles/display_oled.dir/home/babi_maria/.pico-sdk/sdk/2.1.1/src/rp2_common/pico_stdio_usb/reset_interface.c.o
 .text.resetd_xfer_cb
                0x1000486c        0x4 CMakeFiles/display_oled.dir/home/babi_maria/.pico-sdk/sdk/2.1.1/src/rp2_common/pico_stdio_usb/reset_interface.c.o
 .text.resetd_control_xfer_cb
                0x10004870       0x5c CMakeFiles/display_oled.dir/home/babi_maria/.pico-sdk/sdk/2.1.1/src/rp2_common/pico_stdio_usb/reset_interface.c.o
 .text.tud_descriptor_bos_cb
                0x100048cc        0x8 CMakeFiles/display_oled.dir/home/babi_maria/.pico-sdk/sdk/2.1.1/src/rp2_common/pico_stdio_usb/reset_interface.c.o
                0x100048cc                tud_descriptor_bos_cb
 .text.tud_vendor_control_xfer_cb
                0x100048d4       0x34 CMakeFiles/display_oled.dir/home/babi_maria/.pico-sdk/sdk/2.1.1/src/rp2_common/pico_stdio_usb/reset_interface.c.o
                0x100048d4                tud_vendor_control_xfer_cb
 .text.usbd_app_driver_get_cb
                0x10004908        0xc CMakeFiles/display_oled.dir/home/babi_maria/.pico-sdk/sdk/2.1.1/src/rp2_common/pico_stdio_usb/reset_interface.c.o
                0x10004908                usbd_app_driver_get_cb
 .text.tud_cdc_line_coding_cb
                0x10004914       0x2c CMakeFiles/display_oled.dir/home/babi_maria/.pico-sdk/sdk/2.1.1/src/rp2_common/pico_stdio_usb/reset_interface.c.o
                0x10004914                tud_cdc_line_coding_cb
 .text.stdio_usb_set_chars_available_callback
                0x10004940       0x14 CMakeFiles/display_oled.dir/home/babi_maria/.pico-sdk/sdk/2.1.1/src/rp2_common/pico_stdio_usb/stdio_usb.c.o
                0x10004940                stdio_usb_set_chars_available_callback
 .text.usb_irq  0x10004954       0x10 CMakeFiles/display_oled.dir/home/babi_maria/.pico-sdk/sdk/2.1.1/src/rp2_common/pico_stdio_usb/stdio_usb.c.o
 .text.timer_task
                0x10004964       0x64 CMakeFiles/display_oled.dir/home/babi_maria/.pico-sdk/sdk/2.1.1/src/rp2_common/pico_stdio_usb/stdio_usb.c.o
 .text.stdio_usb_in_chars
                0x100049c8       0x90 CMakeFiles/display_oled.dir/home/babi_maria/.pico-sdk/sdk/2.1.1/src/rp2_common/pico_stdio_usb/stdio_usb.c.o
                0x100049c8                stdio_usb_in_chars
 .text.stdio_usb_out_flush
                0x10004a58       0x50 CMakeFiles/display_oled.dir/home/babi_maria/.pico-sdk/sdk/2.1.1/src/rp2_common/pico_stdio_usb/stdio_usb.c.o
 .text.stdio_usb_out_chars
                0x10004aa8      0x104 CMakeFiles/display_oled.dir/home/babi_maria/.pico-sdk/sdk/2.1.1/src/rp2_common/pico_stdio_usb/stdio_usb.c.o
 .text.low_priority_worker_irq
                0x10004bac       0xcc CMakeFiles/display_oled.dir/home/babi_maria/.pico-sdk/sdk/2.1.1/src/rp2_common/pico_stdio_usb/stdio_usb.c.o
 .text.stdio_usb_init
                0x10004c78       0xec CMakeFiles/display_oled.dir/home/babi_maria/.pico-sdk/sdk/2.1.1/src/rp2_common/pico_stdio_usb/stdio_usb.c.o
                0x10004c78                stdio_usb_init
 .text.tud_descriptor_device_cb
                0x10004d64        0x8 CMakeFiles/display_oled.dir/home/babi_maria/.pico-sdk/sdk/2.1.1/src/rp2_common/pico_stdio_usb/stdio_usb_descriptors.c.o
                0x10004d64                tud_descriptor_device_cb
 .text.tud_descriptor_configuration_cb
                0x10004d6c        0x8 CMakeFiles/display_oled.dir/home/babi_maria/.pico-sdk/sdk/2.1.1/src/rp2_common/pico_stdio_usb/stdio_usb_descriptors.c.o
                0x10004d6c                tud_descriptor_configuration_cb
 .text.tud_descriptor_string_cb
                0x10004d74       0x78 CMakeFiles/display_oled.dir/home/babi_maria/.pico-sdk/sdk/2.1.1/src/rp2_common/pico_stdio_usb/stdio_usb_descriptors.c.o
                0x10004d74                tud_descriptor_string_cb
 .text.startup._retrieve_unique_id_on_boot
                0x10004dec       0x10 CMakeFiles/display_oled.dir/home/babi_maria/.pico-sdk/sdk/2.1.1/src/rp2_common/pico_unique_id/unique_id.c.o
 .text.pico_get_unique_board_id_string
                0x10004dfc      0x1a8 CMakeFiles/display_oled.dir/home/babi_maria/.pico-sdk/sdk/2.1.1/src/rp2_common/pico_unique_id/unique_id.c.o
                0x10004dfc                pico_get_unique_board_id_string
 .text.flash_get_unique_id
                0x10004fa4       0x3c CMakeFiles/display_oled.dir/home/babi_maria/.pico-sdk/sdk/2.1.1/src/rp2_common/hardware_flash/flash.c.o
                0x10004fa4                flash_get_unique_id
 .text.dcd_init
                0x10004fe0       0x90 CMakeFiles/display_oled.dir/home/babi_maria/.pico-sdk/sdk/2.1.1/lib/tinyusb/src/portable/raspberrypi/rp2040/dcd_rp2040.c.o
                0x10004fe0                dcd_init
 .text.dcd_int_enable
                0x10005070        0xc CMakeFiles/display_oled.dir/home/babi_maria/.pico-sdk/sdk/2.1.1/lib/tinyusb/src/portable/raspberrypi/rp2040/dcd_rp2040.c.o
                0x10005070                dcd_int_enable
 .text.dcd_set_address
                0x1000507c       0x14 CMakeFiles/display_oled.dir/home/babi_maria/.pico-sdk/sdk/2.1.1/lib/tinyusb/src/portable/raspberrypi/rp2040/dcd_rp2040.c.o
                0x1000507c                dcd_set_address
 .text.dcd_sof_enable
                0x10005090       0x1c CMakeFiles/display_oled.dir/home/babi_maria/.pico-sdk/sdk/2.1.1/lib/tinyusb/src/portable/raspberrypi/rp2040/dcd_rp2040.c.o
                0x10005090                dcd_sof_enable
 .text.dcd_edpt0_status_complete
                0x100050ac       0x1c CMakeFiles/display_oled.dir/home/babi_maria/.pico-sdk/sdk/2.1.1/lib/tinyusb/src/portable/raspberrypi/rp2040/dcd_rp2040.c.o
                0x100050ac                dcd_edpt0_status_complete
 .text.dcd_edpt_open
                0x100050c8      0x114 CMakeFiles/display_oled.dir/home/babi_maria/.pico-sdk/sdk/2.1.1/lib/tinyusb/src/portable/raspberrypi/rp2040/dcd_rp2040.c.o
                0x100050c8                dcd_edpt_open
 .text.dcd_edpt_close_all
                0x100051dc        0x8 CMakeFiles/display_oled.dir/home/babi_maria/.pico-sdk/sdk/2.1.1/lib/tinyusb/src/portable/raspberrypi/rp2040/dcd_rp2040.c.o
                0x100051dc                dcd_edpt_close_all
 .text.dcd_edpt_xfer
                0x100051e4       0x24 CMakeFiles/display_oled.dir/home/babi_maria/.pico-sdk/sdk/2.1.1/lib/tinyusb/src/portable/raspberrypi/rp2040/dcd_rp2040.c.o
                0x100051e4                dcd_edpt_xfer
 .text.dcd_edpt_stall
                0x10005208       0x34 CMakeFiles/display_oled.dir/home/babi_maria/.pico-sdk/sdk/2.1.1/lib/tinyusb/src/portable/raspberrypi/rp2040/dcd_rp2040.c.o
                0x10005208                dcd_edpt_stall
 .text.dcd_edpt_clear_stall
                0x1000523c       0x30 CMakeFiles/display_oled.dir/home/babi_maria/.pico-sdk/sdk/2.1.1/lib/tinyusb/src/portable/raspberrypi/rp2040/dcd_rp2040.c.o
                0x1000523c                dcd_edpt_clear_stall
 .text.rp2040_usb_init
                0x1000526c       0x40 CMakeFiles/display_oled.dir/home/babi_maria/.pico-sdk/sdk/2.1.1/lib/tinyusb/src/portable/raspberrypi/rp2040/rp2040_usb.c.o
                0x1000526c                rp2040_usb_init
 .text.hw_endpoint_xfer_start
                0x100052ac       0x40 CMakeFiles/display_oled.dir/home/babi_maria/.pico-sdk/sdk/2.1.1/lib/tinyusb/src/portable/raspberrypi/rp2040/rp2040_usb.c.o
                0x100052ac                hw_endpoint_xfer_start
 .text.tud_event_hook_cb
                0x100052ec        0x4 CMakeFiles/display_oled.dir/home/babi_maria/.pico-sdk/sdk/2.1.1/lib/tinyusb/src/device/usbd.c.o
                0x100052ec                tud_event_hook_cb
 .text.tud_sof_cb
                0x100052f0        0x4 CMakeFiles/display_oled.dir/home/babi_maria/.pico-sdk/sdk/2.1.1/lib/tinyusb/src/device/usbd.c.o
                0x100052f0                tud_sof_cb
 .text.tud_descriptor_device_qualifier_cb
                0x100052f4        0x4 CMakeFiles/display_oled.dir/home/babi_maria/.pico-sdk/sdk/2.1.1/lib/tinyusb/src/device/usbd.c.o
                0x100052f4                tud_descriptor_device_qualifier_cb
 .text.tud_descriptor_other_speed_configuration_cb
                0x100052f8        0x4 CMakeFiles/display_oled.dir/home/babi_maria/.pico-sdk/sdk/2.1.1/lib/tinyusb/src/device/usbd.c.o
                0x100052f8                tud_descriptor_other_speed_configuration_cb
 .text.tud_mount_cb
                0x100052fc        0x4 CMakeFiles/display_oled.dir/home/babi_maria/.pico-sdk/sdk/2.1.1/lib/tinyusb/src/device/usbd.c.o
                0x100052fc                tud_mount_cb
 .text.tud_umount_cb
                0x10005300        0x4 CMakeFiles/display_oled.dir/home/babi_maria/.pico-sdk/sdk/2.1.1/lib/tinyusb/src/device/usbd.c.o
                0x10005300                tud_umount_cb
 .text.tud_suspend_cb
                0x10005304        0x4 CMakeFiles/display_oled.dir/home/babi_maria/.pico-sdk/sdk/2.1.1/lib/tinyusb/src/device/usbd.c.o
                0x10005304                tud_suspend_cb
 .text.tud_resume_cb
                0x10005308        0x4 CMakeFiles/display_oled.dir/home/babi_maria/.pico-sdk/sdk/2.1.1/lib/tinyusb/src/device/usbd.c.o
                0x10005308                tud_resume_cb
 .text.tud_mounted
                0x1000530c       0x10 CMakeFiles/display_oled.dir/home/babi_maria/.pico-sdk/sdk/2.1.1/lib/tinyusb/src/device/usbd.c.o
                0x1000530c                tud_mounted
 .text.tud_suspended
                0x1000531c       0x10 CMakeFiles/display_oled.dir/home/babi_maria/.pico-sdk/sdk/2.1.1/lib/tinyusb/src/device/usbd.c.o
                0x1000531c                tud_suspended
 .text.tud_rhport_init
                0x1000532c       0xfc CMakeFiles/display_oled.dir/home/babi_maria/.pico-sdk/sdk/2.1.1/lib/tinyusb/src/device/usbd.c.o
                0x1000532c                tud_rhport_init
 .text.tud_task_ext
                0x10005428      0x800 CMakeFiles/display_oled.dir/home/babi_maria/.pico-sdk/sdk/2.1.1/lib/tinyusb/src/device/usbd.c.o
                0x10005428                tud_task_ext
 .text.usbd_open_edpt_pair
                0x10005c28       0x9c CMakeFiles/display_oled.dir/home/babi_maria/.pico-sdk/sdk/2.1.1/lib/tinyusb/src/device/usbd.c.o
                0x10005c28                usbd_open_edpt_pair
 .text.usbd_edpt_open
                0x10005cc4       0x34 CMakeFiles/display_oled.dir/home/babi_maria/.pico-sdk/sdk/2.1.1/lib/tinyusb/src/device/usbd.c.o
                0x10005cc4                usbd_edpt_open
 .text.usbd_edpt_claim
                0x10005cf8       0x28 CMakeFiles/display_oled.dir/home/babi_maria/.pico-sdk/sdk/2.1.1/lib/tinyusb/src/device/usbd.c.o
                0x10005cf8                usbd_edpt_claim
 .text.usbd_edpt_release
                0x10005d20       0x28 CMakeFiles/display_oled.dir/home/babi_maria/.pico-sdk/sdk/2.1.1/lib/tinyusb/src/device/usbd.c.o
                0x10005d20                usbd_edpt_release
 .text.usbd_edpt_xfer
                0x10005d48       0x4c CMakeFiles/display_oled.dir/home/babi_maria/.pico-sdk/sdk/2.1.1/lib/tinyusb/src/device/usbd.c.o
                0x10005d48                usbd_edpt_xfer
 .text.tud_control_status
                0x10005d94       0x2c CMakeFiles/display_oled.dir/home/babi_maria/.pico-sdk/sdk/2.1.1/lib/tinyusb/src/device/usbd_control.c.o
                0x10005d94                tud_control_status
 .text.tud_control_xfer
                0x10005dc0       0xac CMakeFiles/display_oled.dir/home/babi_maria/.pico-sdk/sdk/2.1.1/lib/tinyusb/src/device/usbd_control.c.o
                0x10005dc0                tud_control_xfer
 .text.usbd_control_reset
                0x10005e6c       0x14 CMakeFiles/display_oled.dir/home/babi_maria/.pico-sdk/sdk/2.1.1/lib/tinyusb/src/device/usbd_control.c.o
                0x10005e6c                usbd_control_reset
 .text.usbd_control_set_complete_callback
                0x10005e80        0xc CMakeFiles/display_oled.dir/home/babi_maria/.pico-sdk/sdk/2.1.1/lib/tinyusb/src/device/usbd_control.c.o
                0x10005e80                usbd_control_set_complete_callback
 .text.usbd_control_set_request
                0x10005e8c       0x1c CMakeFiles/display_oled.dir/home/babi_maria/.pico-sdk/sdk/2.1.1/lib/tinyusb/src/device/usbd_control.c.o
                0x10005e8c                usbd_control_set_request
 .text.usbd_control_xfer_cb
                0x10005ea8       0xec CMakeFiles/display_oled.dir/home/babi_maria/.pico-sdk/sdk/2.1.1/lib/tinyusb/src/device/usbd_control.c.o
                0x10005ea8                usbd_control_xfer_cb
 .text._prep_out_transaction.isra.0
                0x10005f94       0x6c CMakeFiles/display_oled.dir/home/babi_maria/.pico-sdk/sdk/2.1.1/lib/tinyusb/src/class/cdc/cdc_device.c.o
 .text.tud_cdc_n_connected
                0x10006000       0x2c CMakeFiles/display_oled.dir/home/babi_maria/.pico-sdk/sdk/2.1.1/lib/tinyusb/src/class/cdc/cdc_device.c.o
                0x10006000                tud_cdc_n_connected
 .text.tud_cdc_n_available
                0x1000602c       0x14 CMakeFiles/display_oled.dir/home/babi_maria/.pico-sdk/sdk/2.1.1/lib/tinyusb/src/class/cdc/cdc_device.c.o
                0x1000602c                tud_cdc_n_available
 .text.tud_cdc_n_read
                0x10006040       0x94 CMakeFiles/display_oled.dir/home/babi_maria/.pico-sdk/sdk/2.1.1/lib/tinyusb/src/class/cdc/cdc_device.c.o
                0x10006040                tud_cdc_n_read
 .text.tud_cdc_n_write_flush
                0x100060d4       0x74 CMakeFiles/display_oled.dir/home/babi_maria/.pico-sdk/sdk/2.1.1/lib/tinyusb/src/class/cdc/cdc_device.c.o
                0x100060d4                tud_cdc_n_write_flush
 .text.tud_cdc_n_write
                0x10006148       0x40 CMakeFiles/display_oled.dir/home/babi_maria/.pico-sdk/sdk/2.1.1/lib/tinyusb/src/class/cdc/cdc_device.c.o
                0x10006148                tud_cdc_n_write
 .text.tud_cdc_n_write_available
                0x10006188       0x14 CMakeFiles/display_oled.dir/home/babi_maria/.pico-sdk/sdk/2.1.1/lib/tinyusb/src/class/cdc/cdc_device.c.o
                0x10006188                tud_cdc_n_write_available
 .text.cdcd_init
                0x1000619c       0x70 CMakeFiles/display_oled.dir/home/babi_maria/.pico-sdk/sdk/2.1.1/lib/tinyusb/src/class/cdc/cdc_device.c.o
                0x1000619c                cdcd_init
 .text.cdcd_deinit
                0x1000620c       0x34 CMakeFiles/display_oled.dir/home/babi_maria/.pico-sdk/sdk/2.1.1/lib/tinyusb/src/class/cdc/cdc_device.c.o
                0x1000620c                cdcd_deinit
 .text.cdcd_reset
                0x10006240       0x4c CMakeFiles/display_oled.dir/home/babi_maria/.pico-sdk/sdk/2.1.1/lib/tinyusb/src/class/cdc/cdc_device.c.o
                0x10006240                cdcd_reset
 .text.cdcd_open
                0x1000628c       0xa8 CMakeFiles/display_oled.dir/home/babi_maria/.pico-sdk/sdk/2.1.1/lib/tinyusb/src/class/cdc/cdc_device.c.o
                0x1000628c                cdcd_open
 .text.cdcd_control_xfer_cb
                0x10006334       0xe8 CMakeFiles/display_oled.dir/home/babi_maria/.pico-sdk/sdk/2.1.1/lib/tinyusb/src/class/cdc/cdc_device.c.o
                0x10006334                cdcd_control_xfer_cb
 .text.cdcd_xfer_cb
                0x1000641c      0x100 CMakeFiles/display_oled.dir/home/babi_maria/.pico-sdk/sdk/2.1.1/lib/tinyusb/src/class/cdc/cdc_device.c.o
                0x1000641c                cdcd_xfer_cb
 .text.vendord_init
                0x1000651c       0x5c CMakeFiles/display_oled.dir/home/babi_maria/.pico-sdk/sdk/2.1.1/lib/tinyusb/src/class/vendor/vendor_device.c.o
                0x1000651c                vendord_init
 .text.vendord_deinit
                0x10006578       0x1c CMakeFiles/display_oled.dir/home/babi_maria/.pico-sdk/sdk/2.1.1/lib/tinyusb/src/class/vendor/vendor_device.c.o
                0x10006578                vendord_deinit
 .text.vendord_reset
                0x10006594       0x28 CMakeFiles/display_oled.dir/home/babi_maria/.pico-sdk/sdk/2.1.1/lib/tinyusb/src/class/vendor/vendor_device.c.o
                0x10006594                vendord_reset
 .text.vendord_open
                0x100065bc      0x128 CMakeFiles/display_oled.dir/home/babi_maria/.pico-sdk/sdk/2.1.1/lib/tinyusb/src/class/vendor/vendor_device.c.o
                0x100065bc                vendord_open
 .text.vendord_xfer_cb
                0x100066e4       0x9c CMakeFiles/display_oled.dir/home/babi_maria/.pico-sdk/sdk/2.1.1/lib/tinyusb/src/class/vendor/vendor_device.c.o
                0x100066e4                vendord_xfer_cb
 .text.tusb_rhport_init
                0x10006780       0x48 CMakeFiles/display_oled.dir/home/babi_maria/.pico-sdk/sdk/2.1.1/lib/tinyusb/src/tusb.c.o
                0x10006780                tusb_rhport_init
 .text.tu_edpt_claim
                0x100067c8       0x50 CMakeFiles/display_oled.dir/home/babi_maria/.pico-sdk/sdk/2.1.1/lib/tinyusb/src/tusb.c.o
                0x100067c8                tu_edpt_claim
 .text.tu_edpt_release
                0x10006818       0x38 CMakeFiles/display_oled.dir/home/babi_maria/.pico-sdk/sdk/2.1.1/lib/tinyusb/src/tusb.c.o
                0x10006818                tu_edpt_release
 .text.tu_edpt_validate
                0x10006850       0x7c CMakeFiles/display_oled.dir/home/babi_maria/.pico-sdk/sdk/2.1.1/lib/tinyusb/src/tusb.c.o
                0x10006850                tu_edpt_validate
 .text.tu_edpt_bind_driver
                0x100068cc       0x34 CMakeFiles/display_oled.dir/home/babi_maria/.pico-sdk/sdk/2.1.1/lib/tinyusb/src/tusb.c.o
                0x100068cc                tu_edpt_bind_driver
 .text.tu_edpt_stream_init
                0x10006900       0x6c CMakeFiles/display_oled.dir/home/babi_maria/.pico-sdk/sdk/2.1.1/lib/tinyusb/src/tusb.c.o
                0x10006900                tu_edpt_stream_init
 .text.tu_edpt_stream_deinit
                0x1000696c        0x4 CMakeFiles/display_oled.dir/home/babi_maria/.pico-sdk/sdk/2.1.1/lib/tinyusb/src/tusb.c.o
                0x1000696c                tu_edpt_stream_deinit
 .text.tu_edpt_stream_write_zlp_if_needed
                0x10006970       0x68 CMakeFiles/display_oled.dir/home/babi_maria/.pico-sdk/sdk/2.1.1/lib/tinyusb/src/tusb.c.o
                0x10006970                tu_edpt_stream_write_zlp_if_needed
 .text.tu_edpt_stream_write_xfer
                0x100069d8       0x64 CMakeFiles/display_oled.dir/home/babi_maria/.pico-sdk/sdk/2.1.1/lib/tinyusb/src/tusb.c.o
                0x100069d8                tu_edpt_stream_write_xfer
 .text.tu_edpt_stream_read_xfer
                0x10006a3c       0xdc CMakeFiles/display_oled.dir/home/babi_maria/.pico-sdk/sdk/2.1.1/lib/tinyusb/src/tusb.c.o
                0x10006a3c                tu_edpt_stream_read_xfer
 .text.tu_fifo_config
                0x10006b18       0x6c CMakeFiles/display_oled.dir/home/babi_maria/.pico-sdk/sdk/2.1.1/lib/tinyusb/src/common/tusb_fifo.c.o
                0x10006b18                tu_fifo_config
 .text.tu_fifo_count
                0x10006b84       0x2c CMakeFiles/display_oled.dir/home/babi_maria/.pico-sdk/sdk/2.1.1/lib/tinyusb/src/common/tusb_fifo.c.o
                0x10006b84                tu_fifo_count
 .text.tu_fifo_empty
                0x10006bb0       0x10 CMakeFiles/display_oled.dir/home/babi_maria/.pico-sdk/sdk/2.1.1/lib/tinyusb/src/common/tusb_fifo.c.o
                0x10006bb0                tu_fifo_empty
 .text.tu_fifo_remaining
                0x10006bc0       0x2c CMakeFiles/display_oled.dir/home/babi_maria/.pico-sdk/sdk/2.1.1/lib/tinyusb/src/common/tusb_fifo.c.o
                0x10006bc0                tu_fifo_remaining
 .text.tu_fifo_read
                0x10006bec       0x9c CMakeFiles/display_oled.dir/home/babi_maria/.pico-sdk/sdk/2.1.1/lib/tinyusb/src/common/tusb_fifo.c.o
                0x10006bec                tu_fifo_read
 .text.tu_fifo_read_n
                0x10006c88       0xe8 CMakeFiles/display_oled.dir/home/babi_maria/.pico-sdk/sdk/2.1.1/lib/tinyusb/src/common/tusb_fifo.c.o
                0x10006c88                tu_fifo_read_n
 .text.tu_fifo_write
                0x10006d70       0xa8 CMakeFiles/display_oled.dir/home/babi_maria/.pico-sdk/sdk/2.1.1/lib/tinyusb/src/common/tusb_fifo.c.o
                0x10006d70                tu_fifo_write
 .text.tu_fifo_write_n
                0x10006e18      0x178 CMakeFiles/display_oled.dir/home/babi_maria/.pico-sdk/sdk/2.1.1/lib/tinyusb/src/common/tusb_fifo.c.o
                0x10006e18                tu_fifo_write_n
 .text.tu_fifo_clear
                0x10006f90       0x40 CMakeFiles/display_oled.dir/home/babi_maria/.pico-sdk/sdk/2.1.1/lib/tinyusb/src/common/tusb_fifo.c.o
                0x10006f90                tu_fifo_clear
 .text.tu_fifo_set_overwritable
                0x10006fd0       0x48 CMakeFiles/display_oled.dir/home/babi_maria/.pico-sdk/sdk/2.1.1/lib/tinyusb/src/common/tusb_fifo.c.o
                0x10006fd0                tu_fifo_set_overwritable
 .text.adc_init
                0x10007018       0x38 CMakeFiles/display_oled.dir/home/babi_maria/.pico-sdk/sdk/2.1.1/src/rp2_common/hardware_adc/adc.c.o
                0x10007018                adc_init
 .text.i2c_write_blocking_internal.constprop.0
                0x10007050       0xd0 CMakeFiles/display_oled.dir/home/babi_maria/.pico-sdk/sdk/2.1.1/src/rp2_common/hardware_i2c/i2c.c.o
 .text.i2c_set_baudrate
                0x10007120       0xc0 CMakeFiles/display_oled.dir/home/babi_maria/.pico-sdk/sdk/2.1.1/src/rp2_common/hardware_i2c/i2c.c.o
                0x10007120                i2c_set_baudrate
 .text.i2c_init
                0x100071e0       0x50 CMakeFiles/display_oled.dir/home/babi_maria/.pico-sdk/sdk/2.1.1/src/rp2_common/hardware_i2c/i2c.c.o
                0x100071e0                i2c_init
 .text.i2c_write_blocking
                0x10007230       0x14 CMakeFiles/display_oled.dir/home/babi_maria/.pico-sdk/sdk/2.1.1/src/rp2_common/hardware_i2c/i2c.c.o
                0x10007230                i2c_write_blocking
 .text.strlen   0x10007244       0x5c /home/babi_maria/.pico-sdk/toolchain/13_3_Rel1/bin/../lib/gcc/arm-none-eabi/13.3.1/../../../../arm-none-eabi/lib/thumb/v6-m/nofp/libg.a(libc_a-strlen-stub.o)
                0x10007244                strlen
 .text.malloc   0x100072a0       0x14 /home/babi_maria/.pico-sdk/toolchain/13_3_Rel1/bin/../lib/gcc/arm-none-eabi/13.3.1/../../../../arm-none-eabi/lib/thumb/v6-m/nofp/libg.a(libc_a-malloc.o)
                0x100072a0                malloc
 .text.free     0x100072b4       0x14 /home/babi_maria/.pico-sdk/toolchain/13_3_Rel1/bin/../lib/gcc/arm-none-eabi/13.3.1/../../../../arm-none-eabi/lib/thumb/v6-m/nofp/libg.a(libc_a-malloc.o)
                0x100072b4                free
 .text._malloc_r
                0x100072c8      0x5c4 /home/babi_maria/.pico-sdk/toolchain/13_3_Rel1/bin/../lib/gcc/arm-none-eabi/13.3.1/../../../../arm-none-eabi/lib/thumb/v6-m/nofp/libg.a(libc_a-mallocr.o)
                0x100072c8                _malloc_r
 .text._sbrk_r  0x1000788c       0x24 /home/babi_maria/.pico-sdk/toolchain/13_3_Rel1/bin/../lib/gcc/arm-none-eabi/13.3.1/../../../../arm-none-eabi/lib/thumb/v6-m/nofp/libg.a(libc_a-sbrkr.o)
                0x1000788c                _sbrk_r
 .text.__malloc_lock
                0x100078b0       0x10 /home/babi_maria/.pico-sdk/toolchain/13_3_Rel1/bin/../lib/gcc/arm-none-eabi/13.3.1/../../../../arm-none-eabi/lib/thumb/v6-m/nofp/libg.a(libc_a-mlock.o)
                0x100078b0                __malloc_lock
 .text.__malloc_unlock
                0x100078c0       0x10 /home/babi_maria/.pico-sdk/toolchain/13_3_Rel1/bin/../lib/gcc/arm-none-eabi/13.3.1/../../../../arm-none-eabi/lib/thumb/v6-m/nofp/libg.a(libc_a-mlock.o)
                0x100078c0                __malloc_unlock
 .text.__retarget_lock_acquire_recursive
                0x100078d0        0x4 /home/babi_maria/.pico-sdk/toolchain/13_3_Rel1/bin/../lib/gcc/arm-none-eabi/13.3.1/../../../../arm-none-eabi/lib/thumb/v6-m/nofp/libg.a(libc_a-lock.o)
                0x100078d0                __retarget_lock_acquire_recursive
 .text.__retarget_lock_release_recursive
                0x100078d4        0x4 /home/babi_maria/.pico-sdk/toolchain/13_3_Rel1/bin/../lib/gcc/arm-none-eabi/13.3.1/../../../../arm-none-eabi/lib/thumb/v6-m/nofp/libg.a(libc_a-lock.o)
                0x100078d4                __retarget_lock_release_recursive
 .text.sysconf  0x100078d8       0x1c /home/babi_maria/.pico-sdk/toolchain/13_3_Rel1/bin/../lib/gcc/arm-none-eabi/13.3.1/../../../../arm-none-eabi/lib/thumb/v6-m/nofp/libg.a(libc_a-sysconf.o)
                0x100078d8                sysconf
 .text._malloc_trim_r
                0x100078f4       0xb4 /home/babi_maria/.pico-sdk/toolchain/13_3_Rel1/bin/../lib/gcc/arm-none-eabi/13.3.1/../../../../arm-none-eabi/lib/thumb/v6-m/nofp/libg.a(libc_a-freer.o)
                0x100078f4                _malloc_trim_r
 .text._free_r  0x100079a8      0x1d4 /home/babi_maria/.pico-sdk/toolchain/13_3_Rel1/bin/../lib/gcc/arm-none-eabi/13.3.1/../../../../arm-none-eabi/lib/thumb/v6-m/nofp/libg.a(libc_a-freer.o)
                0x100079a8                _free_r
 .text.__errno  0x10007b7c        0xc /home/babi_maria/.pico-sdk/toolchain/13_3_Rel1/bin/../lib/gcc/arm-none-eabi/13.3.1/../../../../arm-none-eabi/lib/thumb/v6-m/nofp/libg.a(libc_a-errno.o)
                0x10007b7c                __errno
 *(.fini)
 .fini          0x10007b88        0x4 /home/babi_maria/.pico-sdk/toolchain/13_3_Rel1/bin/../lib/gcc/arm-none-eabi/13.3.1/thumb/v6-m/nofp/crti.o
                0x10007b88                _fini
 *fill*         0x10007b8c        0x4 
 .fini.__stub   0x10007b90       0xc0 linker stubs
 *crtbegin.o(.ctors)
 *crtbegin?.o(.ctors)
 *(EXCLUDE_FILE(*crtend.o *crtend?.o) .ctors)
 *(SORT_BY_NAME(.ctors.*))
 *(.ctors)
 *crtbegin.o(.dtors)
 *crtbegin?.o(.dtors)
 *(EXCLUDE_FILE(*crtend.o *crtend?.o) .dtors)
 *(SORT_BY_NAME(.dtors.*))
 *(.dtors)
                0x10007c50                        . = ALIGN (0x4)
                0x10007c50                        PROVIDE (__preinit_array_start = .)
 *(SORT_BY_NAME(.preinit_array.*))
 .preinit_array.00100
                0x10007c50        0x4 CMakeFiles/display_oled.dir/home/babi_maria/.pico-sdk/sdk/2.1.1/src/rp2_common/pico_runtime_init/runtime_init.c.o
                0x10007c50                __pre_init_runtime_init_early_resets
 .preinit_array.00101
                0x10007c54        0x4 CMakeFiles/display_oled.dir/home/babi_maria/.pico-sdk/sdk/2.1.1/src/rp2_common/pico_runtime_init/runtime_init.c.o
                0x10007c54                __pre_init_runtime_init_usb_power_down
 .preinit_array.00275
                0x10007c58        0x4 CMakeFiles/display_oled.dir/home/babi_maria/.pico-sdk/sdk/2.1.1/src/rp2_common/pico_bit_ops/bit_ops_aeabi.S.o
 .preinit_array.00300
                0x10007c5c        0x4 CMakeFiles/display_oled.dir/home/babi_maria/.pico-sdk/sdk/2.1.1/src/rp2_common/pico_mem_ops/mem_ops_aeabi.S.o
 .preinit_array.00350
                0x10007c60        0x4 CMakeFiles/display_oled.dir/home/babi_maria/.pico-sdk/sdk/2.1.1/src/rp2_common/pico_double/double_aeabi_rp2040.S.o
 .preinit_array.00350
                0x10007c64        0x4 CMakeFiles/display_oled.dir/home/babi_maria/.pico-sdk/sdk/2.1.1/src/rp2_common/pico_float/float_aeabi_rp2040.S.o
 .preinit_array.00500
                0x10007c68        0x4 CMakeFiles/display_oled.dir/home/babi_maria/.pico-sdk/sdk/2.1.1/src/rp2_common/pico_runtime_init/runtime_init.c.o
                0x10007c68                __pre_init_runtime_init_clocks
 .preinit_array.00600
                0x10007c6c        0x4 CMakeFiles/display_oled.dir/home/babi_maria/.pico-sdk/sdk/2.1.1/src/rp2_common/pico_runtime_init/runtime_init.c.o
                0x10007c6c                __pre_init_runtime_init_post_clock_resets
 .preinit_array.00700
                0x10007c70        0x4 CMakeFiles/display_oled.dir/home/babi_maria/.pico-sdk/sdk/2.1.1/src/rp2_common/pico_runtime_init/runtime_init.c.o
                0x10007c70                __pre_init_runtime_init_rp2040_gpio_ie_disable
 .preinit_array.01000
                0x10007c74        0x4 CMakeFiles/display_oled.dir/home/babi_maria/.pico-sdk/sdk/2.1.1/src/rp2_common/pico_runtime_init/runtime_init.c.o
                0x10007c74                __pre_init_runtime_init_spin_locks_reset
 .preinit_array.01100
                0x10007c78        0x4 CMakeFiles/display_oled.dir/home/babi_maria/.pico-sdk/sdk/2.1.1/src/common/pico_sync/mutex.c.o
                0x10007c78                __pre_init_runtime_init_mutex
 .preinit_array.10080
                0x10007c7c        0x4 CMakeFiles/display_oled.dir/home/babi_maria/.pico-sdk/sdk/2.1.1/src/rp2_common/pico_runtime_init/runtime_init.c.o
                0x10007c7c                __pre_init_runtime_init_install_ram_vector_table
 .preinit_array.11000
                0x10007c80        0x4 CMakeFiles/display_oled.dir/home/babi_maria/.pico-sdk/sdk/2.1.1/src/common/pico_time/time.c.o
                0x10007c80                __pre_init_runtime_init_default_alarm_pool
 .preinit_array.YYYYY
                0x10007c84        0x4 CMakeFiles/display_oled.dir/home/babi_maria/.pico-sdk/sdk/2.1.1/src/rp2_common/pico_runtime/runtime.c.o
                0x10007c84                __pre_init_first_per_core_initializer
 .preinit_array.ZZZZZ.01200
                0x10007c88        0x4 CMakeFiles/display_oled.dir/home/babi_maria/.pico-sdk/sdk/2.1.1/src/rp2_common/hardware_irq/irq.c.o
                0x10007c88                __pre_init_runtime_init_per_core_irq_priorities
 *(.preinit_array)
                0x10007c8c                        PROVIDE (__preinit_array_end = .)
                0x10007c8c                        . = ALIGN (0x4)
                0x10007c8c                        PROVIDE (__init_array_start = .)
 *(SORT_BY_NAME(.init_array.*))
 *(.init_array)
 .init_array    0x10007c8c        0x4 /home/babi_maria/.pico-sdk/toolchain/13_3_Rel1/bin/../lib/gcc/arm-none-eabi/13.3.1/thumb/v6-m/nofp/crtbegin.o
 .init_array    0x10007c90        0x4 CMakeFiles/display_oled.dir/home/babi_maria/.pico-sdk/sdk/2.1.1/src/rp2_common/pico_unique_id/unique_id.c.o
                0x10007c94                        PROVIDE (__init_array_end = .)
                0x10007c94                        . = ALIGN (0x4)
                [!provide]                        PROVIDE (__fini_array_start = .)
 *(SORT_BY_NAME(.fini_array.*))
 *(.fini_array)
                [!provide]                        PROVIDE (__fini_array_end = .)
 *(.eh_frame*)
 .eh_frame      0x10007c94        0x0 /home/babi_maria/.pico-sdk/toolchain/13_3_Rel1/bin/../lib/gcc/arm-none-eabi/13.3.1/thumb/v6-m/nofp/crtbegin.o
                0x10007c94                        . = ALIGN (0x4)

.glue_7         0x10007c94        0x0
 .glue_7        0x10007c94        0x0 linker stubs

.glue_7t        0x10007c94        0x0
 .glue_7t       0x10007c94        0x0 linker stubs

.vfp11_veneer   0x10007c94        0x0
 .vfp11_veneer  0x10007c94        0x0 linker stubs

.v4_bx          0x10007c94        0x0
 .v4_bx         0x10007c94        0x0 linker stubs

.iplt           0x10007c94        0x0
 .iplt          0x10007c94        0x0 /home/babi_maria/.pico-sdk/toolchain/13_3_Rel1/bin/../lib/gcc/arm-none-eabi/13.3.1/thumb/v6-m/nofp/crtbegin.o

.rodata         0x10007c98      0x8f0
 *(EXCLUDE_FILE(*libm.a: *libc.a:*lib_a-mem*.o *libgcc.a:) .rodata*)
 .rodata.main.str1.4
                0x10007c98      0x1f4 CMakeFiles/display_oled.dir/display_oled.c.o
                                 0x6b (size before relaxing)
 .rodata.font   0x10007e8c      0x128 CMakeFiles/display_oled.dir/inc/ssd1306_i2c.c.o
 .rodata        0x10007fb4       0x1a CMakeFiles/display_oled.dir/inc/ssd1306_i2c.c.o
 .rodata.panic.str1.4
                0x10007fce       0x12 CMakeFiles/display_oled.dir/home/babi_maria/.pico-sdk/sdk/2.1.1/src/rp2_common/pico_platform_panic/panic.c.o
 .rodata.spin_lock_claim_unused.str1.4
                0x10007fce       0x1b CMakeFiles/display_oled.dir/home/babi_maria/.pico-sdk/sdk/2.1.1/src/rp2_common/hardware_sync/sync.c.o
 .rodata.user_irq_claim_unused.str1.4
                0x10007fce       0x1b CMakeFiles/display_oled.dir/home/babi_maria/.pico-sdk/sdk/2.1.1/src/rp2_common/hardware_irq/irq.c.o
 .rodata.timer_hardware_alarm_claim.str1.4
                0x10007fce       0x22 CMakeFiles/display_oled.dir/home/babi_maria/.pico-sdk/sdk/2.1.1/src/rp2_common/hardware_timer/timer.c.o
 .rodata.hard_assertion_failure.str1.4
                0x10007fce        0xc CMakeFiles/display_oled.dir/home/babi_maria/.pico-sdk/sdk/2.1.1/src/rp2_common/pico_runtime/runtime.c.o
 .rodata.__wrap_malloc.str1.4
                0x10007fce        0xe CMakeFiles/display_oled.dir/home/babi_maria/.pico-sdk/sdk/2.1.1/src/rp2_common/pico_malloc/malloc.c.o
 .rodata.str1.4
                0x10007fce       0x48 CMakeFiles/display_oled.dir/home/babi_maria/.pico-sdk/sdk/2.1.1/src/rp2_common/pico_standard_binary_info/standard_binary_info.c.o
 *fill*         0x10007fce        0x2 
 .rodata.__bi_84
                0x10007fd0        0xc CMakeFiles/display_oled.dir/home/babi_maria/.pico-sdk/sdk/2.1.1/src/rp2_common/pico_standard_binary_info/standard_binary_info.c.o
 .rodata.__bi_78
                0x10007fdc        0xc CMakeFiles/display_oled.dir/home/babi_maria/.pico-sdk/sdk/2.1.1/src/rp2_common/pico_standard_binary_info/standard_binary_info.c.o
 .rodata.__bi_60
                0x10007fe8        0xc CMakeFiles/display_oled.dir/home/babi_maria/.pico-sdk/sdk/2.1.1/src/rp2_common/pico_standard_binary_info/standard_binary_info.c.o
 .rodata.__bi_54
                0x10007ff4        0xc CMakeFiles/display_oled.dir/home/babi_maria/.pico-sdk/sdk/2.1.1/src/rp2_common/pico_standard_binary_info/standard_binary_info.c.o
 .rodata.__bi_48
                0x10008000        0xc CMakeFiles/display_oled.dir/home/babi_maria/.pico-sdk/sdk/2.1.1/src/rp2_common/pico_standard_binary_info/standard_binary_info.c.o
 .rodata.__bi_42
                0x1000800c        0xc CMakeFiles/display_oled.dir/home/babi_maria/.pico-sdk/sdk/2.1.1/src/rp2_common/pico_standard_binary_info/standard_binary_info.c.o
 .rodata.__bi_34
                0x10008018        0xc CMakeFiles/display_oled.dir/home/babi_maria/.pico-sdk/sdk/2.1.1/src/rp2_common/pico_standard_binary_info/standard_binary_info.c.o
 .rodata.__bi_26
                0x10008024        0xc CMakeFiles/display_oled.dir/home/babi_maria/.pico-sdk/sdk/2.1.1/src/rp2_common/pico_standard_binary_info/standard_binary_info.c.o
 .rodata._ftoa.str1.4
                0x10008030       0x15 CMakeFiles/display_oled.dir/home/babi_maria/.pico-sdk/sdk/2.1.1/src/rp2_common/pico_printf/printf.c.o
 .rodata._vsnprintf
                0x10008030      0x19c CMakeFiles/display_oled.dir/home/babi_maria/.pico-sdk/sdk/2.1.1/src/rp2_common/pico_printf/printf.c.o
 *fill*         0x100081cc        0x4 
 .rodata.pow10.0
                0x100081d0       0x50 CMakeFiles/display_oled.dir/home/babi_maria/.pico-sdk/sdk/2.1.1/src/rp2_common/pico_printf/printf.c.o
 .rodata.crlf_str.0
                0x10008220        0x2 CMakeFiles/display_oled.dir/home/babi_maria/.pico-sdk/sdk/2.1.1/src/rp2_common/pico_stdio/stdio.c.o
 *fill*         0x10008222        0x2 
 .rodata._resetd_driver
                0x10008224       0x20 CMakeFiles/display_oled.dir/home/babi_maria/.pico-sdk/sdk/2.1.1/src/rp2_common/pico_stdio_usb/reset_interface.c.o
 .rodata.desc_ms_os_20
                0x10008244       0xa6 CMakeFiles/display_oled.dir/home/babi_maria/.pico-sdk/sdk/2.1.1/src/rp2_common/pico_stdio_usb/reset_interface.c.o
 *fill*         0x100082ea        0x2 
 .rodata.desc_bos
                0x100082ec       0x21 CMakeFiles/display_oled.dir/home/babi_maria/.pico-sdk/sdk/2.1.1/src/rp2_common/pico_stdio_usb/reset_interface.c.o
                0x100082ec                desc_bos
 .rodata.str1.4
                0x1000830d       0x13 CMakeFiles/display_oled.dir/home/babi_maria/.pico-sdk/sdk/2.1.1/src/rp2_common/pico_stdio_usb/stdio_usb.c.o
 *fill*         0x1000830d        0x3 
 .rodata.__bi_197.0
                0x10008310        0xc CMakeFiles/display_oled.dir/home/babi_maria/.pico-sdk/sdk/2.1.1/src/rp2_common/pico_stdio_usb/stdio_usb.c.o
 .rodata.str1.4
                0x1000831c       0x2a CMakeFiles/display_oled.dir/home/babi_maria/.pico-sdk/sdk/2.1.1/src/rp2_common/pico_stdio_usb/stdio_usb_descriptors.c.o
 .rodata.usbd_desc_str
                0x1000831c       0x18 CMakeFiles/display_oled.dir/home/babi_maria/.pico-sdk/sdk/2.1.1/src/rp2_common/pico_stdio_usb/stdio_usb_descriptors.c.o
 .rodata.usbd_desc_cfg
                0x10008334       0x54 CMakeFiles/display_oled.dir/home/babi_maria/.pico-sdk/sdk/2.1.1/src/rp2_common/pico_stdio_usb/stdio_usb_descriptors.c.o
 .rodata.usbd_desc_device
                0x10008388       0x12 CMakeFiles/display_oled.dir/home/babi_maria/.pico-sdk/sdk/2.1.1/src/rp2_common/pico_stdio_usb/stdio_usb_descriptors.c.o
 .rodata.str1.4
                0x1000839a       0x14 CMakeFiles/display_oled.dir/home/babi_maria/.pico-sdk/sdk/2.1.1/lib/tinyusb/src/portable/raspberrypi/rp2040/dcd_rp2040.c.o
 .rodata.str1.4
                0x1000839a       0x48 CMakeFiles/display_oled.dir/home/babi_maria/.pico-sdk/sdk/2.1.1/lib/tinyusb/src/portable/raspberrypi/rp2040/rp2040_usb.c.o
 *fill*         0x1000839a        0x2 
 .rodata.tud_task_ext
                0x1000839c       0x8c CMakeFiles/display_oled.dir/home/babi_maria/.pico-sdk/sdk/2.1.1/lib/tinyusb/src/device/usbd.c.o
 .rodata        0x10008428       0x1c CMakeFiles/display_oled.dir/home/babi_maria/.pico-sdk/sdk/2.1.1/lib/tinyusb/src/device/usbd.c.o
 .rodata._usbd_driver
                0x10008444       0x40 CMakeFiles/display_oled.dir/home/babi_maria/.pico-sdk/sdk/2.1.1/lib/tinyusb/src/device/usbd.c.o
 .rodata._ctype_
                0x10008484      0x101 /home/babi_maria/.pico-sdk/toolchain/13_3_Rel1/bin/../lib/gcc/arm-none-eabi/13.3.1/../../../../arm-none-eabi/lib/thumb/v6-m/nofp/libg.a(libc_a-ctype_.o)
                0x10008484                _ctype_
                0x10008588                        . = ALIGN (0x4)
 *fill*         0x10008585        0x3 
 *(SORT_BY_ALIGNMENT(SORT_BY_NAME(.flashdata*)))
                0x10008588                        . = ALIGN (0x4)

.ARM.extab
 *(.ARM.extab* .gnu.linkonce.armextab.*)
                0x10008588                        __exidx_start = .

.ARM.exidx
 *(.ARM.exidx* .gnu.linkonce.armexidx.*)
                0x10008588                        __exidx_end = .
                0x10008588                        . = ALIGN (0x4)
                0x10008588                        __binary_info_start = .

.binary_info    0x10008588       0x24
 *(.binary_info.keep.*)
 .binary_info.keep.__bi_ptr84
                0x10008588        0x4 CMakeFiles/display_oled.dir/home/babi_maria/.pico-sdk/sdk/2.1.1/src/rp2_common/pico_standard_binary_info/standard_binary_info.c.o
 .binary_info.keep.__bi_ptr78
                0x1000858c        0x4 CMakeFiles/display_oled.dir/home/babi_maria/.pico-sdk/sdk/2.1.1/src/rp2_common/pico_standard_binary_info/standard_binary_info.c.o
 .binary_info.keep.__bi_ptr60
                0x10008590        0x4 CMakeFiles/display_oled.dir/home/babi_maria/.pico-sdk/sdk/2.1.1/src/rp2_common/pico_standard_binary_info/standard_binary_info.c.o
 .binary_info.keep.__bi_ptr54
                0x10008594        0x4 CMakeFiles/display_oled.dir/home/babi_maria/.pico-sdk/sdk/2.1.1/src/rp2_common/pico_standard_binary_info/standard_binary_info.c.o
 .binary_info.keep.__bi_ptr48
                0x10008598        0x4 CMakeFiles/display_oled.dir/home/babi_maria/.pico-sdk/sdk/2.1.1/src/rp2_common/pico_standard_binary_info/standard_binary_info.c.o
 .binary_info.keep.__bi_ptr42
                0x1000859c        0x4 CMakeFiles/display_oled.dir/home/babi_maria/.pico-sdk/sdk/2.1.1/src/rp2_common/pico_standard_binary_info/standard_binary_info.c.o
 .binary_info.keep.__bi_ptr34
                0x100085a0        0x4 CMakeFiles/display_oled.dir/home/babi_maria/.pico-sdk/sdk/2.1.1/src/rp2_common/pico_standard_binary_info/standard_binary_info.c.o
 .binary_info.keep.__bi_ptr26
                0x100085a4        0x4 CMakeFiles/display_oled.dir/home/babi_maria/.pico-sdk/sdk/2.1.1/src/rp2_common/pico_standard_binary_info/standard_binary_info.c.o
 *(.binary_info.*)
 .binary_info.__bi_ptr197
                0x100085a8        0x4 CMakeFiles/display_oled.dir/home/babi_maria/.pico-sdk/sdk/2.1.1/src/rp2_common/pico_stdio_usb/stdio_usb.c.o
                0x100085ac                        __binary_info_end = .

.rel.dyn        0x100085ac        0x0
 .rel.iplt      0x100085ac        0x0 /home/babi_maria/.pico-sdk/toolchain/13_3_Rel1/bin/../lib/gcc/arm-none-eabi/13.3.1/thumb/v6-m/nofp/crtbegin.o
                0x100085ac                        . = ALIGN (0x4)

.ram_vector_table
                0x20000000       0xc0
 *(.ram_vector_table)
 .ram_vector_table
                0x20000000       0xc0 CMakeFiles/display_oled.dir/home/babi_maria/.pico-sdk/sdk/2.1.1/src/rp2_common/pico_runtime_init/runtime_init.c.o
                0x20000000                ram_vector_table

.uninitialized_data
                0x200000c0        0x0
                0x200000c0                        . = ALIGN (0x4)
 *(.uninitialized_data*)

.data           0x200000c0     0x14c8 load address 0x100085ac
                0x200000c0                        __data_start__ = .
 *(vtable)
 *(.time_critical*)
 .time_critical.mutex_try_enter
                0x200000c0       0x40 CMakeFiles/display_oled.dir/home/babi_maria/.pico-sdk/sdk/2.1.1/src/common/pico_sync/mutex.c.o
                0x200000c0                mutex_try_enter
 .time_critical.mutex_try_enter_block_until
                0x20000100       0x9c CMakeFiles/display_oled.dir/home/babi_maria/.pico-sdk/sdk/2.1.1/src/common/pico_sync/mutex.c.o
                0x20000100                mutex_try_enter_block_until
 .time_critical.mutex_enter_timeout_ms
                0x2000019c       0x90 CMakeFiles/display_oled.dir/home/babi_maria/.pico-sdk/sdk/2.1.1/src/common/pico_sync/mutex.c.o
                0x2000019c                mutex_enter_timeout_ms
 .time_critical.mutex_exit
                0x2000022c       0x28 CMakeFiles/display_oled.dir/home/babi_maria/.pico-sdk/sdk/2.1.1/src/common/pico_sync/mutex.c.o
                0x2000022c                mutex_exit
 .time_critical.flash_init_boot2_copyout
                0x20000254       0x30 CMakeFiles/display_oled.dir/home/babi_maria/.pico-sdk/sdk/2.1.1/src/rp2_common/hardware_flash/flash.c.o
 .time_critical.flash_enable_xip_via_boot2
                0x20000284        0xc CMakeFiles/display_oled.dir/home/babi_maria/.pico-sdk/sdk/2.1.1/src/rp2_common/hardware_flash/flash.c.o
 .time_critical.flash_cs_force
                0x20000290       0x38 CMakeFiles/display_oled.dir/home/babi_maria/.pico-sdk/sdk/2.1.1/src/rp2_common/hardware_flash/flash.c.o
 .time_critical.flash_do_cmd
                0x200002c8       0xc0 CMakeFiles/display_oled.dir/home/babi_maria/.pico-sdk/sdk/2.1.1/src/rp2_common/hardware_flash/flash.c.o
                0x200002c8                flash_do_cmd
 .time_critical.reset_non_control_endpoints
                0x20000388       0x68 CMakeFiles/display_oled.dir/home/babi_maria/.pico-sdk/sdk/2.1.1/lib/tinyusb/src/portable/raspberrypi/rp2040/dcd_rp2040.c.o
 .time_critical.hw_handle_buff_status
                0x200003f0       0xa0 CMakeFiles/display_oled.dir/home/babi_maria/.pico-sdk/sdk/2.1.1/lib/tinyusb/src/portable/raspberrypi/rp2040/dcd_rp2040.c.o
 .time_critical.dcd_rp2040_irq
                0x20000490      0x544 CMakeFiles/display_oled.dir/home/babi_maria/.pico-sdk/sdk/2.1.1/lib/tinyusb/src/portable/raspberrypi/rp2040/dcd_rp2040.c.o
 .time_critical.prepare_ep_buffer
                0x200009d4       0xe0 CMakeFiles/display_oled.dir/home/babi_maria/.pico-sdk/sdk/2.1.1/lib/tinyusb/src/portable/raspberrypi/rp2040/rp2040_usb.c.o
 .time_critical.sync_ep_buffer
                0x20000ab4       0xa8 CMakeFiles/display_oled.dir/home/babi_maria/.pico-sdk/sdk/2.1.1/lib/tinyusb/src/portable/raspberrypi/rp2040/rp2040_usb.c.o
 .time_critical._hw_endpoint_xfer_sync
                0x20000b5c       0x28 CMakeFiles/display_oled.dir/home/babi_maria/.pico-sdk/sdk/2.1.1/lib/tinyusb/src/portable/raspberrypi/rp2040/rp2040_usb.c.o
 .time_critical.e15_is_bulkin_ep
                0x20000b84       0x28 CMakeFiles/display_oled.dir/home/babi_maria/.pico-sdk/sdk/2.1.1/lib/tinyusb/src/portable/raspberrypi/rp2040/rp2040_usb.c.o
 .time_critical.e15_is_critical_frame_period
                0x20000bac       0x34 CMakeFiles/display_oled.dir/home/babi_maria/.pico-sdk/sdk/2.1.1/lib/tinyusb/src/portable/raspberrypi/rp2040/rp2040_usb.c.o
 .time_critical.hw_endpoint_reset_transfer
                0x20000be0        0xc CMakeFiles/display_oled.dir/home/babi_maria/.pico-sdk/sdk/2.1.1/lib/tinyusb/src/portable/raspberrypi/rp2040/rp2040_usb.c.o
                0x20000be0                hw_endpoint_reset_transfer
 .time_critical._hw_endpoint_buffer_control_update32
                0x20000bec       0x50 CMakeFiles/display_oled.dir/home/babi_maria/.pico-sdk/sdk/2.1.1/lib/tinyusb/src/portable/raspberrypi/rp2040/rp2040_usb.c.o
                0x20000bec                _hw_endpoint_buffer_control_update32
 .time_critical.hw_endpoint_start_next_buffer
                0x20000c3c       0x6c CMakeFiles/display_oled.dir/home/babi_maria/.pico-sdk/sdk/2.1.1/lib/tinyusb/src/portable/raspberrypi/rp2040/rp2040_usb.c.o
                0x20000c3c                hw_endpoint_start_next_buffer
 .time_critical.hw_endpoint_xfer_continue
                0x20000ca8       0x40 CMakeFiles/display_oled.dir/home/babi_maria/.pico-sdk/sdk/2.1.1/lib/tinyusb/src/portable/raspberrypi/rp2040/rp2040_usb.c.o
                0x20000ca8                hw_endpoint_xfer_continue
 .time_critical.tinyusb
                0x20000ce8      0x1e4 CMakeFiles/display_oled.dir/home/babi_maria/.pico-sdk/sdk/2.1.1/lib/tinyusb/src/device/usbd.c.o
                0x20000ce8                dcd_event_handler
 *(.text*)
 .text          0x20000ecc        0x4 /home/babi_maria/.pico-sdk/toolchain/13_3_Rel1/bin/../lib/gcc/arm-none-eabi/13.3.1/thumb/v6-m/nofp/libgcc.a(_dvmd_tls.o)
                0x20000ecc                __aeabi_ldiv0
                0x20000ecc                __aeabi_idiv0
 .text.__stub   0x20000ed0       0x80 linker stubs
                0x20000f50                        . = ALIGN (0x4)
 *(.rodata*)
                0x20000f50                        . = ALIGN (0x4)
 *(.data*)
 .data.striped_spin_lock_num
                0x20000f50        0x1 CMakeFiles/display_oled.dir/home/babi_maria/.pico-sdk/sdk/2.1.1/src/rp2_common/hardware_sync/sync.c.o
 *fill*         0x20000f51        0x3 
 .data          0x20000f54       0x48 CMakeFiles/display_oled.dir/home/babi_maria/.pico-sdk/sdk/2.1.1/src/rp2_common/hardware_irq/irq_handler_chain.S.o
                0x20000f54                irq_handler_chain_slots
                0x20000f84                irq_handler_chain_first_slot
                0x20000f8e                irq_handler_chain_remove_tail
 .data.default_alarm_pool
                0x20000f9c       0x18 CMakeFiles/display_oled.dir/home/babi_maria/.pico-sdk/sdk/2.1.1/src/common/pico_time/time.c.o
 *fill*         0x20000fb4        0xc 
 .data.aeabi_bits_funcs
                0x20000fc0       0x10 CMakeFiles/display_oled.dir/home/babi_maria/.pico-sdk/sdk/2.1.1/src/rp2_common/pico_bit_ops/bit_ops_aeabi.S.o
                0x20000fc0                aeabi_bits_funcs
                0x20000fd0                aeabi_bits_funcs_end
 .data.aeabi_mem_funcs
                0x20000fd0       0x10 CMakeFiles/display_oled.dir/home/babi_maria/.pico-sdk/sdk/2.1.1/src/rp2_common/pico_mem_ops/mem_ops_aeabi.S.o
                0x20000fd0                aeabi_mem_funcs
                0x20000fe0                aeabi_mem_funcs_end
 .data.stdio_usb
                0x20000fe0       0x18 CMakeFiles/display_oled.dir/home/babi_maria/.pico-sdk/sdk/2.1.1/src/rp2_common/pico_stdio_usb/stdio_usb.c.o
                0x20000fe0                stdio_usb
 .data._usbd_qdef
                0x20000ff8       0x1c CMakeFiles/display_oled.dir/home/babi_maria/.pico-sdk/sdk/2.1.1/lib/tinyusb/src/device/usbd.c.o
                0x20000ff8                _usbd_qdef
 .data._usbd_rhport
                0x20001014        0x1 CMakeFiles/display_oled.dir/home/babi_maria/.pico-sdk/sdk/2.1.1/lib/tinyusb/src/device/usbd.c.o
 *fill*         0x20001015        0x3 
 .data.i2c1_inst
                0x20001018        0x8 CMakeFiles/display_oled.dir/home/babi_maria/.pico-sdk/sdk/2.1.1/src/rp2_common/hardware_i2c/i2c.c.o
                0x20001018                i2c1_inst
 .data.i2c0_inst
                0x20001020        0x8 CMakeFiles/display_oled.dir/home/babi_maria/.pico-sdk/sdk/2.1.1/src/rp2_common/hardware_i2c/i2c.c.o
                0x20001020                i2c0_inst
 .data.__malloc_sbrk_base
                0x20001028        0x4 /home/babi_maria/.pico-sdk/toolchain/13_3_Rel1/bin/../lib/gcc/arm-none-eabi/13.3.1/../../../../arm-none-eabi/lib/thumb/v6-m/nofp/libg.a(libc_a-mallocr.o)
                0x20001028                __malloc_sbrk_base
 .data.__malloc_trim_threshold
                0x2000102c        0x4 /home/babi_maria/.pico-sdk/toolchain/13_3_Rel1/bin/../lib/gcc/arm-none-eabi/13.3.1/../../../../arm-none-eabi/lib/thumb/v6-m/nofp/libg.a(libc_a-mallocr.o)
                0x2000102c                __malloc_trim_threshold
 .data.__malloc_av_
                0x20001030      0x408 /home/babi_maria/.pico-sdk/toolchain/13_3_Rel1/bin/../lib/gcc/arm-none-eabi/13.3.1/../../../../arm-none-eabi/lib/thumb/v6-m/nofp/libg.a(libc_a-mallocr.o)
                0x20001030                __malloc_av_
 .data._impure_ptr
                0x20001438        0x4 /home/babi_maria/.pico-sdk/toolchain/13_3_Rel1/bin/../lib/gcc/arm-none-eabi/13.3.1/../../../../arm-none-eabi/lib/thumb/v6-m/nofp/libg.a(libc_a-impure.o)
                0x20001438                _impure_ptr
 *fill*         0x2000143c        0x4 
 .data._impure_data
                0x20001440      0x140 /home/babi_maria/.pico-sdk/toolchain/13_3_Rel1/bin/../lib/gcc/arm-none-eabi/13.3.1/../../../../arm-none-eabi/lib/thumb/v6-m/nofp/libg.a(libc_a-impure.o)
                0x20001440                _impure_data
                0x20001580                        . = ALIGN (0x4)
 *(.after_data.*)
                0x20001580                        . = ALIGN (0x4)
                0x20001580                        PROVIDE (__mutex_array_start = .)
 *(SORT_BY_NAME(.mutex_array.*))
 *(.mutex_array)
 .mutex_array   0x20001580        0x8 CMakeFiles/display_oled.dir/home/babi_maria/.pico-sdk/sdk/2.1.1/src/rp2_common/pico_stdio/stdio.c.o
                0x20001588                        PROVIDE (__mutex_array_end = .)
                0x20001588                        . = ALIGN (0x4)
 *(.jcr)
                0x20001588                        . = ALIGN (0x4)

.tm_clone_table
                0x20001588        0x0 load address 0x10009a74
 .tm_clone_table
                0x20001588        0x0 /home/babi_maria/.pico-sdk/toolchain/13_3_Rel1/bin/../lib/gcc/arm-none-eabi/13.3.1/thumb/v6-m/nofp/crtbegin.o
 .tm_clone_table
                0x20001588        0x0 /home/babi_maria/.pico-sdk/toolchain/13_3_Rel1/bin/../lib/gcc/arm-none-eabi/13.3.1/thumb/v6-m/nofp/crtend.o

.igot.plt       0x20001588        0x0 load address 0x10009a74
 .igot.plt      0x20001588        0x0 /home/babi_maria/.pico-sdk/toolchain/13_3_Rel1/bin/../lib/gcc/arm-none-eabi/13.3.1/thumb/v6-m/nofp/crtbegin.o

.tdata          0x20001588        0x0 load address 0x10009a74
                0x20001588                        . = ALIGN (0x4)
 *(.tdata .tdata.* .gnu.linkonce.td.*)
                0x20001588                        __tdata_end = .
                0x20001588                        PROVIDE (__data_end__ = .)
                0x100085ac                        __etext = LOADADDR (.data)

.tbss           0x20001588        0x0 load address 0x10009a74
                0x20001588                        . = ALIGN (0x4)
                0x20001588                        __bss_start__ = .
                0x20001588                        __tls_base = .
 *(.tbss .tbss.* .gnu.linkonce.tb.*)
 *(.tcommon)
                0x20001588                        __tls_end = .

.bss            0x20001588     0x1074 load address 0x10009a74
                0x20001588                        . = ALIGN (0x4)
                0x20001588                        __tbss_end = .
 *(SORT_BY_ALIGNMENT(SORT_BY_NAME(.bss*)))
 .bss.default_alarm_pool_entries
                0x20001588      0x180 CMakeFiles/display_oled.dir/home/babi_maria/.pico-sdk/sdk/2.1.1/src/common/pico_time/time.c.o
 .bss.last_avail_time.1
                0x20001708        0x8 CMakeFiles/display_oled.dir/home/babi_maria/.pico-sdk/sdk/2.1.1/src/rp2_common/pico_stdio_usb/stdio_usb.c.o
 .bss.sd_table  0x20001710      0x100 CMakeFiles/display_oled.dir/home/babi_maria/.pico-sdk/sdk/2.1.1/src/rp2_common/pico_double/double_init_rom_rp2040.c.o
                0x20001710                sd_table
 .bss.sf_table  0x20001810      0x100 CMakeFiles/display_oled.dir/home/babi_maria/.pico-sdk/sdk/2.1.1/src/rp2_common/pico_float/float_init_rom_rp2040.c.o
                0x20001810                sf_table
 .bss.__lock___malloc_recursive_mutex
                0x20001910        0x1 /home/babi_maria/.pico-sdk/toolchain/13_3_Rel1/bin/../lib/gcc/arm-none-eabi/13.3.1/../../../../arm-none-eabi/lib/thumb/v6-m/nofp/libg.a(libc_a-lock.o)
                0x20001910                __lock___malloc_recursive_mutex
 *fill*         0x20001911        0x3 
 .bss.__malloc_current_mallinfo
                0x20001914       0x28 /home/babi_maria/.pico-sdk/toolchain/13_3_Rel1/bin/../lib/gcc/arm-none-eabi/13.3.1/../../../../arm-none-eabi/lib/thumb/v6-m/nofp/libg.a(libc_a-mallocr.o)
                0x20001914                __malloc_current_mallinfo
 .bss.__malloc_max_sbrked_mem
                0x2000193c        0x4 /home/babi_maria/.pico-sdk/toolchain/13_3_Rel1/bin/../lib/gcc/arm-none-eabi/13.3.1/../../../../arm-none-eabi/lib/thumb/v6-m/nofp/libg.a(libc_a-mallocr.o)
                0x2000193c                __malloc_max_sbrked_mem
 .bss.__malloc_max_total_mem
                0x20001940        0x4 /home/babi_maria/.pico-sdk/toolchain/13_3_Rel1/bin/../lib/gcc/arm-none-eabi/13.3.1/../../../../arm-none-eabi/lib/thumb/v6-m/nofp/libg.a(libc_a-mallocr.o)
                0x20001940                __malloc_max_total_mem
 .bss.__malloc_top_pad
                0x20001944        0x4 /home/babi_maria/.pico-sdk/toolchain/13_3_Rel1/bin/../lib/gcc/arm-none-eabi/13.3.1/../../../../arm-none-eabi/lib/thumb/v6-m/nofp/libg.a(libc_a-mallocr.o)
                0x20001944                __malloc_top_pad
 .bss.__sf      0x20001948      0x138 /home/babi_maria/.pico-sdk/toolchain/13_3_Rel1/bin/../lib/gcc/arm-none-eabi/13.3.1/../../../../arm-none-eabi/lib/thumb/v6-m/nofp/libg.a(libc_a-findfp.o)
                0x20001948                __sf
 .bss._app_driver
                0x20001a80        0x4 CMakeFiles/display_oled.dir/home/babi_maria/.pico-sdk/sdk/2.1.1/lib/tinyusb/src/device/usbd.c.o
 .bss._cdcd_epbuf
                0x20001a84       0x80 CMakeFiles/display_oled.dir/home/babi_maria/.pico-sdk/sdk/2.1.1/lib/tinyusb/src/class/cdc/cdc_device.c.o
 .bss._cdcd_fifo_cfg
                0x20001b04        0x1 CMakeFiles/display_oled.dir/home/babi_maria/.pico-sdk/sdk/2.1.1/lib/tinyusb/src/class/cdc/cdc_device.c.o
 *fill*         0x20001b05        0x3 
 .bss._cdcd_itf
                0x20001b08       0xc8 CMakeFiles/display_oled.dir/home/babi_maria/.pico-sdk/sdk/2.1.1/lib/tinyusb/src/class/cdc/cdc_device.c.o
 .bss._ctrl_epbuf
                0x20001bd0       0x40 CMakeFiles/display_oled.dir/home/babi_maria/.pico-sdk/sdk/2.1.1/lib/tinyusb/src/device/usbd_control.c.o
 .bss._ctrl_xfer
                0x20001c10       0x14 CMakeFiles/display_oled.dir/home/babi_maria/.pico-sdk/sdk/2.1.1/lib/tinyusb/src/device/usbd_control.c.o
 .bss._tusb_rhport_role
                0x20001c24        0x2 CMakeFiles/display_oled.dir/home/babi_maria/.pico-sdk/sdk/2.1.1/lib/tinyusb/src/tusb.c.o
                0x20001c24                _tusb_rhport_role
 *fill*         0x20001c26        0x2 
 .bss._ubsd_mutexdef
                0x20001c28        0x8 CMakeFiles/display_oled.dir/home/babi_maria/.pico-sdk/sdk/2.1.1/lib/tinyusb/src/device/usbd.c.o
 .bss._usbd_dev
                0x20001c30       0x54 CMakeFiles/display_oled.dir/home/babi_maria/.pico-sdk/sdk/2.1.1/lib/tinyusb/src/device/usbd.c.o
 .bss._usbd_mutex
                0x20001c84        0x4 CMakeFiles/display_oled.dir/home/babi_maria/.pico-sdk/sdk/2.1.1/lib/tinyusb/src/device/usbd.c.o
 .bss._usbd_q   0x20001c88        0x4 CMakeFiles/display_oled.dir/home/babi_maria/.pico-sdk/sdk/2.1.1/lib/tinyusb/src/device/usbd.c.o
 .bss._usbd_qdef_buf
                0x20001c8c       0xc0 CMakeFiles/display_oled.dir/home/babi_maria/.pico-sdk/sdk/2.1.1/lib/tinyusb/src/device/usbd.c.o
                0x20001c8c                _usbd_qdef_buf
 .bss._vendord_epbuf
                0x20001d4c       0x80 CMakeFiles/display_oled.dir/home/babi_maria/.pico-sdk/sdk/2.1.1/lib/tinyusb/src/class/vendor/vendor_device.c.o
 .bss._vendord_itf
                0x20001dcc      0x24c CMakeFiles/display_oled.dir/home/babi_maria/.pico-sdk/sdk/2.1.1/lib/tinyusb/src/class/vendor/vendor_device.c.o
 .bss.boot2_copyout
                0x20002018      0x100 CMakeFiles/display_oled.dir/home/babi_maria/.pico-sdk/sdk/2.1.1/src/rp2_common/hardware_flash/flash.c.o
 .bss.chars_available_callback
                0x20002118        0x4 CMakeFiles/display_oled.dir/home/babi_maria/.pico-sdk/sdk/2.1.1/src/rp2_common/pico_stdio_usb/stdio_usb.c.o
 .bss.chars_available_param
                0x2000211c        0x4 CMakeFiles/display_oled.dir/home/babi_maria/.pico-sdk/sdk/2.1.1/src/rp2_common/pico_stdio_usb/stdio_usb.c.o
 .bss.claimed   0x20002120        0x4 CMakeFiles/display_oled.dir/home/babi_maria/.pico-sdk/sdk/2.1.1/src/rp2_common/hardware_sync/sync.c.o
 .bss.claimed   0x20002124        0x1 CMakeFiles/display_oled.dir/home/babi_maria/.pico-sdk/sdk/2.1.1/src/rp2_common/hardware_timer/timer.c.o
 *fill*         0x20002125        0x3 
 .bss.configured_freq
                0x20002128       0x28 CMakeFiles/display_oled.dir/home/babi_maria/.pico-sdk/sdk/2.1.1/src/rp2_common/hardware_clocks/clocks.c.o
 .bss.desc_str.0
                0x20002150       0x28 CMakeFiles/display_oled.dir/home/babi_maria/.pico-sdk/sdk/2.1.1/src/rp2_common/pico_stdio_usb/stdio_usb_descriptors.c.o
 .bss.drivers   0x20002178        0x4 CMakeFiles/display_oled.dir/home/babi_maria/.pico-sdk/sdk/2.1.1/src/rp2_common/pico_stdio/stdio.c.o
 .bss.e15_last_sof