Archive member included to satisfy reference by file (symbol)

/home/babi_maria/.pico-sdk/toolchain/13_3_Rel1/bin/../lib/gcc/arm-none-eabi/13.3.1/thumb/v6-m/nofp/libgcc.a(_dvmd_tls.o)
                              CMakeFiles/Projeto1_Barbara_Glauco.dir/home/babi_maria/.pico-sdk/sdk/2.1.1/src/rp2_common/pico_divider/divider_hardware.S.o (__aeabi_idiv0)
/home/babi_maria/.pico-sdk/toolchain/13_3_Rel1/bin/../lib/gcc/arm-none-eabi/13.3.1/../../../../arm-none-eabi/lib/thumb/v6-m/nofp/libg.a(libc_a-strlen-stub.o)
                              CMakeFiles/Projeto1_Barbara_Glauco.dir/home/babi_maria/.pico-sdk/sdk/2.1.1/src/rp2_common/pico_stdio/stdio.c.o (strlen)
/home/babi_maria/.pico-sdk/toolchain/13_3_Rel1/bin/../lib/gcc/arm-none-eabi/13.3.1/../../../../arm-none-eabi/lib/thumb/v6-m/nofp/libg.a(libc_a-malloc.o)
                              CMakeFiles/Projeto1_Barbara_Glauco.dir/home/babi_maria/.pico-sdk/sdk/2.1.1/src/rp2_common/pico_malloc/malloc.c.o (malloc)
/home/babi_maria/.pico-sdk/toolchain/13_3_Rel1/bin/../lib/gcc/arm-none-eabi/13.3.1/../../../../arm-none-eabi/lib/thumb/v6-m/nofp/libg.a(libc_a-mallocr.o)
                              /home/babi_maria/.pico-sdk/toolchain/13_3_Rel1/bin/../lib/gcc/arm-none-eabi/13.3.1/../../../../arm-none-eabi/lib/thumb/v6-m/nofp/libg.a(libc_a-malloc.o) (_malloc_r)
/home/babi_maria/.pico-sdk/toolchain/13_3_Rel1/bin/../lib/gcc/arm-none-eabi/13.3.1/../../../../arm-none-eabi/lib/thumb/v6-m/nofp/libg.a(libc_a-lcltime_r.o)
                              CMakeFiles/Projeto1_Barbara_Glauco.dir/home/babi_maria/.pico-sdk/sdk/2.1.1/src/common/pico_util/datetime.c.o (localtime_r)
/home/babi_maria/.pico-sdk/toolchain/13_3_Rel1/bin/../lib/gcc/arm-none-eabi/13.3.1/../../../../arm-none-eabi/lib/thumb/v6-m/nofp/libg.a(libc_a-sbrkr.o)
                              /home/babi_maria/.pico-sdk/toolchain/13_3_Rel1/bin/../lib/gcc/arm-none-eabi/13.3.1/../../../../arm-none-eabi/lib/thumb/v6-m/nofp/libg.a(libc_a-mallocr.o) (_sbrk_r)
/home/babi_maria/.pico-sdk/toolchain/13_3_Rel1/bin/../lib/gcc/arm-none-eabi/13.3.1/../../../../arm-none-eabi/lib/thumb/v6-m/nofp/libg.a(libc_a-mktime.o)
                              CMakeFiles/Projeto1_Barbara_Glauco.dir/home/babi_maria/.pico-sdk/sdk/2.1.1/src/common/pico_util/datetime.c.o (mktime)
/home/babi_maria/.pico-sdk/toolchain/13_3_Rel1/bin/../lib/gcc/arm-none-eabi/13.3.1/../../../../arm-none-eabi/lib/thumb/v6-m/nofp/libg.a(libc_a-month_lengths.o)
                              /home/babi_maria/.pico-sdk/toolchain/13_3_Rel1/bin/../lib/gcc/arm-none-eabi/13.3.1/../../../../arm-none-eabi/lib/thumb/v6-m/nofp/libg.a(libc_a-lcltime_r.o) (__month_lengths)
/home/babi_maria/.pico-sdk/toolchain/13_3_Rel1/bin/../lib/gcc/arm-none-eabi/13.3.1/../../../../arm-none-eabi/lib/thumb/v6-m/nofp/libg.a(libc_a-tzcalc_limits.o)
                              /home/babi_maria/.pico-sdk/toolchain/13_3_Rel1/bin/../lib/gcc/arm-none-eabi/13.3.1/../../../../arm-none-eabi/lib/thumb/v6-m/nofp/libg.a(libc_a-lcltime_r.o) (__tzcalc_limits)
/home/babi_maria/.pico-sdk/toolchain/13_3_Rel1/bin/../lib/gcc/arm-none-eabi/13.3.1/../../../../arm-none-eabi/lib/thumb/v6-m/nofp/libg.a(libc_a-tzlock.o)
                              /home/babi_maria/.pico-sdk/toolchain/13_3_Rel1/bin/../lib/gcc/arm-none-eabi/13.3.1/../../../../arm-none-eabi/lib/thumb/v6-m/nofp/libg.a(libc_a-lcltime_r.o) (__tz_lock)
/home/babi_maria/.pico-sdk/toolchain/13_3_Rel1/bin/../lib/gcc/arm-none-eabi/13.3.1/../../../../arm-none-eabi/lib/thumb/v6-m/nofp/libg.a(libc_a-tzset.o)
                              /home/babi_maria/.pico-sdk/toolchain/13_3_Rel1/bin/../lib/gcc/arm-none-eabi/13.3.1/../../../../arm-none-eabi/lib/thumb/v6-m/nofp/libg.a(libc_a-lcltime_r.o) (_tzset_unlocked)
/home/babi_maria/.pico-sdk/toolchain/13_3_Rel1/bin/../lib/gcc/arm-none-eabi/13.3.1/../../../../arm-none-eabi/lib/thumb/v6-m/nofp/libg.a(libc_a-mlock.o)
                              /home/babi_maria/.pico-sdk/toolchain/13_3_Rel1/bin/../lib/gcc/arm-none-eabi/13.3.1/../../../../arm-none-eabi/lib/thumb/v6-m/nofp/libg.a(libc_a-mallocr.o) (__malloc_lock)
/home/babi_maria/.pico-sdk/toolchain/13_3_Rel1/bin/../lib/gcc/arm-none-eabi/13.3.1/../../../../arm-none-eabi/lib/thumb/v6-m/nofp/libg.a(libc_a-calloc.o)
                              CMakeFiles/Projeto1_Barbara_Glauco.dir/home/babi_maria/.pico-sdk/sdk/2.1.1/src/rp2_common/pico_malloc/malloc.c.o (calloc)
/home/babi_maria/.pico-sdk/toolchain/13_3_Rel1/bin/../lib/gcc/arm-none-eabi/13.3.1/../../../../arm-none-eabi/lib/thumb/v6-m/nofp/libg.a(libc_a-memcmp.o)
                              CMakeFiles/Projeto1_Barbara_Glauco.dir/home/babi_maria/.pico-sdk/sdk/2.1.1/src/rp2_common/pico_atomic/atomic.c.o (memcmp)
/home/babi_maria/.pico-sdk/toolchain/13_3_Rel1/bin/../lib/gcc/arm-none-eabi/13.3.1/../../../../arm-none-eabi/lib/thumb/v6-m/nofp/libg.a(libc_a-callocr.o)
[...]
Memory Configuration

Name             Origin             Length             Attributes
FLASH            0x10000000         0x00200000         xr
RAM              0x20000000         0x00040000         xrw
SCRATCH_X        0x20040000         0x00001000         xrw
SCRATCH_Y        0x20041000         0x00001000         xrw
*default*        0x00000000         0xffffffff

Linker script and memory map

LOAD /home/babi_maria/.pico-sdk/toolchain/13_3_Rel1/bin/../lib/gcc/arm-none-eabi/13.3.1/thumb/v6-m/nofp/crti.o
LOAD /home/babi_maria/.pico-sdk/toolchain/13_3_Rel1/bin/../lib/gcc/arm-none-eabi/13.3.1/thumb/v6-m/nofp/crtbegin.o
LOAD /home/babi_maria/.pico-sdk/toolchain/13_3_Rel1/bin/../lib/gcc/arm-none-eabi/13.3.1/../../../../arm-none-eabi/lib/thumb/v6-m/nofp/crt0.o

.flash_begin    0x10000000        0x0
                0x10000000                        __flash_binary_start = .

.boot2          0x10000000      0x100
                0x10000000                        __boot2_start__ = .
 *(.boot2)
 .boot2         0x10000000      0x100 pico-sdk/src/rp2040/boot_stage2/CMakeFiles/bs2_default_library.dir/./bs2_default_padded_checksummed.S.o
                0x10000100                        __boot2_end__ = .
                0x00000001                        ASSERT (((__boot2_end__ - __boot2_start__) == 0x100), ERROR: Pico second stage bootloader must be 256 bytes in size)

.text           0x10000100     0x7bf4
                0x10000100                        __logical_binary_start = .
 *(.vectors)
 .vectors       0x10000100       0xd4 CMakeFiles/Projeto1_Barbara_Glauco.dir/home/babi_maria/.pico-sdk/sdk/2.1.1/src/rp2_common/pico_crt0/crt0.S.o
                0x10000100                __vectors
                0x10000100                __VECTOR_TABLE
                0x100001c0                isr_invalid
                0x100001c0                __default_isrs_start
                0x100001c2                isr_nmi
                0x100001c4                isr_hardfault
                0x100001c6                isr_svcall
                0x100001c8                isr_pendsv
                0x100001ca                isr_systick
                0x100001cc                isr_irq30
                0x100001cc                __unhandled_user_irq
                0x100001cc                isr_irq13
                0x100001cc                isr_irq27
                0x100001cc                isr_irq31
                0x100001cc                isr_irq5
                0x100001cc                isr_irq11
                0x100001cc                isr_irq23
                0x100001cc                isr_irq18
                0x100001cc                isr_irq28
                0x100001cc                isr_irq19
                0x100001cc                isr_irq0
                0x100001cc                isr_irq6
                0x100001cc                isr_irq22
                0x100001cc                isr_irq17
                0x100001cc                isr_irq14
                0x100001cc                isr_irq2
                0x100001cc                isr_irq10
                0x100001cc                isr_irq8
                0x100001cc                isr_irq24
                0x100001cc                isr_irq1
                0x100001cc                isr_irq7
                0x100001cc                isr_irq21
                0x100001cc                isr_irq20
                0x100001cc                isr_irq15
                0x100001cc                isr_irq25
                0x100001cc                isr_irq4
                0x100001cc                isr_irq16
                0x100001cc                isr_irq29
                0x100001cc                isr_irq26
                0x100001cc                __default_isrs_end
                0x100001cc                isr_irq3
                0x100001cc                isr_irq12
                0x100001cc                isr_irq9
                0x100001d2                unhandled_user_irq_num_in_r0
 *(.binary_info_header)
 .binary_info_header
                0x100001d4       0x14 CMakeFiles/Projeto1_Barbara_Glauco.dir/home/babi_maria/.pico-sdk/sdk/2.1.1/src/rp2_common/pico_crt0/crt0.S.o
                0x100001e8                        __binary_info_header_end = .
 *(.embedded_block)
                0x100001e8                        __embedded_block_end = .
 *(.reset)
 .reset         0x100001e8       0x9c CMakeFiles/Projeto1_Barbara_Glauco.dir/home/babi_maria/.pico-sdk/sdk/2.1.1/src/rp2_common/pico_crt0/crt0.S.o
                0x100001e8                _entry_point
 *(.init)
 .init          0x10000284        0x4 /home/babi_maria/.pico-sdk/toolchain/13_3_Rel1/bin/../lib/gcc/arm-none-eabi/13.3.1/thumb/v6-m/nofp/crti.o
                0x10000284                _init
 *(EXCLUDE_FILE(*libm.a: *libc.a:*lib_a-mem*.o *libgcc.a:) .text*)
 .text.register_tm_clones
                0x10000288       0x28 /home/babi_maria/.pico-sdk/toolchain/13_3_Rel1/bin/../lib/gcc/arm-none-eabi/13.3.1/thumb/v6-m/nofp/crtbegin.o
 .text.frame_dummy
                0x100002b0       0x24 /home/babi_maria/.pico-sdk/toolchain/13_3_Rel1/bin/../lib/gcc/arm-none-eabi/13.3.1/thumb/v6-m/nofp/crtbegin.o
 .text.adc_gpio_init
                0x100002d4       0x20 CMakeFiles/Projeto1_Barbara_Glauco.dir/Projeto1_Barbara_Glauco.c.o
 .text.startup.main
                0x100002f4      0x480 CMakeFiles/Projeto1_Barbara_Glauco.dir/Projeto1_Barbara_Glauco.c.o
                0x100002f4                main
 .text.calculate_render_area_buffer_length
                0x10000774       0x18 CMakeFiles/Projeto1_Barbara_Glauco.dir/inc/ssd1306_i2c.c.o
                0x10000774                calculate_render_area_buffer_length
 .text.ssd1306_init
                0x1000078c       0x58 CMakeFiles/Projeto1_Barbara_Glauco.dir/inc/ssd1306_i2c.c.o
                0x1000078c                ssd1306_init
 .text.render_on_display
                0x100007e4       0x98 CMakeFiles/Projeto1_Barbara_Glauco.dir/inc/ssd1306_i2c.c.o
                0x100007e4                render_on_display
 .text.ssd1306_draw_string
                0x1000087c       0xd8 CMakeFiles/Projeto1_Barbara_Glauco.dir/inc/ssd1306_i2c.c.o
                0x1000087c                ssd1306_draw_string
 .text.gpio_set_function
                0x10000954       0x34 CMakeFiles/Projeto1_Barbara_Glauco.dir/home/babi_maria/.pico-sdk/sdk/2.1.1/src/rp2_common/hardware_gpio/gpio.c.o
                0x10000954                gpio_set_function
 .text.gpio_set_pulls
                0x10000988       0x28 CMakeFiles/Projeto1_Barbara_Glauco.dir/home/babi_maria/.pico-sdk/sdk/2.1.1/src/rp2_common/hardware_gpio/gpio.c.o
                0x10000988                gpio_set_pulls
 .text.gpio_set_input_enabled
                0x100009b0       0x28 CMakeFiles/Projeto1_Barbara_Glauco.dir/home/babi_maria/.pico-sdk/sdk/2.1.1/src/rp2_common/hardware_gpio/gpio.c.o
                0x100009b0                gpio_set_input_enabled
 .text.rp2040_chip_version
                0x100009d8        0xc CMakeFiles/Projeto1_Barbara_Glauco.dir/home/babi_maria/.pico-sdk/sdk/2.1.1/src/rp2040/pico_platform/platform.c.o
                0x100009d8                rp2040_chip_version
 .text.panic    0x100009e4       0x30 CMakeFiles/Projeto1_Barbara_Glauco.dir/home/babi_maria/.pico-sdk/sdk/2.1.1/src/rp2_common/pico_platform_panic/panic.c.o
                0x100009e4                panic
 .text.hw_claim_or_assert
                0x10000a14       0x44 CMakeFiles/Projeto1_Barbara_Glauco.dir/home/babi_maria/.pico-sdk/sdk/2.1.1/src/common/hardware_claim/claim.c.o
                0x10000a14                hw_claim_or_assert
 .text.hw_claim_unused_from_range
                0x10000a58       0x9c CMakeFiles/Projeto1_Barbara_Glauco.dir/home/babi_maria/.pico-sdk/sdk/2.1.1/src/common/hardware_claim/claim.c.o
                0x10000a58                hw_claim_unused_from_range
 .text.next_striped_spin_lock_num
                0x10000af4       0x18 CMakeFiles/Projeto1_Barbara_Glauco.dir/home/babi_maria/.pico-sdk/sdk/2.1.1/src/rp2_common/hardware_sync/sync.c.o
                0x10000af4                next_striped_spin_lock_num
 .text.spin_lock_claim_unused
                0x10000b0c       0x24 CMakeFiles/Projeto1_Barbara_Glauco.dir/home/babi_maria/.pico-sdk/sdk/2.1.1/src/rp2_common/hardware_sync/sync.c.o
                0x10000b0c                spin_lock_claim_unused
 .text.spin_locks_reset
                0x10000b30       0x1c CMakeFiles/Projeto1_Barbara_Glauco.dir/home/babi_maria/.pico-sdk/sdk/2.1.1/src/rp2_common/hardware_sync_spin_lock/sync_spin_lock.c.o
                0x10000b30                spin_locks_reset
 .text.runtime_init_per_core_irq_priorities
                0x10000b4c       0x24 CMakeFiles/Projeto1_Barbara_Glauco.dir/home/babi_maria/.pico-sdk/sdk/2.1.1/src/rp2_common/hardware_irq/irq.c.o
                0x10000b4c                runtime_init_per_core_irq_priorities
 .text.irq_set_enabled
                0x10000b70       0x24 CMakeFiles/Projeto1_Barbara_Glauco.dir/home/babi_maria/.pico-sdk/sdk/2.1.1/src/rp2_common/hardware_irq/irq.c.o
                0x10000b70                irq_set_enabled
 .text.irq_is_enabled
                0x10000b94       0x18 CMakeFiles/Projeto1_Barbara_Glauco.dir/home/babi_maria/.pico-sdk/sdk/2.1.1/src/rp2_common/hardware_irq/irq.c.o
                0x10000b94                irq_is_enabled
 .text.irq_set_pending
                0x10000bac       0x10 CMakeFiles/Projeto1_Barbara_Glauco.dir/home/babi_maria/.pico-sdk/sdk/2.1.1/src/rp2_common/hardware_irq/irq.c.o
                0x10000bac                irq_set_pending
 .text.irq_has_shared_handler
                0x10000bbc       0x24 CMakeFiles/Projeto1_Barbara_Glauco.dir/home/babi_maria/.pico-sdk/sdk/2.1.1/src/rp2_common/hardware_irq/irq.c.o
                0x10000bbc                irq_has_shared_handler
 .text.irq_set_exclusive_handler
                0x10000be0       0x54 CMakeFiles/Projeto1_Barbara_Glauco.dir/home/babi_maria/.pico-sdk/sdk/2.1.1/src/rp2_common/hardware_irq/irq.c.o
                0x10000be0                irq_set_exclusive_handler
 .text.irq_add_shared_handler
                0x10000c34      0x1f4 CMakeFiles/Projeto1_Barbara_Glauco.dir/home/babi_maria/.pico-sdk/sdk/2.1.1/src/rp2_common/hardware_irq/irq.c.o
                0x10000c34                irq_add_shared_handler
 .text.irq_add_tail_to_free_list
                0x10000e28       0xb4 CMakeFiles/Projeto1_Barbara_Glauco.dir/home/babi_maria/.pico-sdk/sdk/2.1.1/src/rp2_common/hardware_irq/irq.c.o
                0x10000e28                irq_add_tail_to_free_list
 .text.user_irq_claim_unused
                0x10000edc       0x2c CMakeFiles/Projeto1_Barbara_Glauco.dir/home/babi_maria/.pico-sdk/sdk/2.1.1/src/rp2_common/hardware_irq/irq.c.o
                0x10000edc                user_irq_claim_unused
 .text.lock_init
                0x10000f08       0x10 CMakeFiles/Projeto1_Barbara_Glauco.dir/home/babi_maria/.pico-sdk/sdk/2.1.1/src/common/pico_sync/lock_core.c.o
                0x10000f08                lock_init
 .text.runtime_init_mutex
                0x10000f18       0x50 CMakeFiles/Projeto1_Barbara_Glauco.dir/home/babi_maria/.pico-sdk/sdk/2.1.1/src/common/pico_sync/mutex.c.o
                0x10000f18                runtime_init_mutex
 .text.mutex_init
                0x10000f68       0x1c CMakeFiles/Projeto1_Barbara_Glauco.dir/home/babi_maria/.pico-sdk/sdk/2.1.1/src/common/pico_sync/mutex.c.o
                0x10000f68                mutex_init
 .text.critical_section_init
                0x10000f84       0x1c CMakeFiles/Projeto1_Barbara_Glauco.dir/home/babi_maria/.pico-sdk/sdk/2.1.1/src/common/pico_sync/critical_section.c.o
                0x10000f84                critical_section_init
 .text.critical_section_init_with_lock_num
                0x10000fa0       0x14 CMakeFiles/Projeto1_Barbara_Glauco.dir/home/babi_maria/.pico-sdk/sdk/2.1.1/src/common/pico_sync/critical_section.c.o
                0x10000fa0                critical_section_init_with_lock_num
 .text.sleep_until_callback
                0x10000fb4       0x30 CMakeFiles/Projeto1_Barbara_Glauco.dir/home/babi_maria/.pico-sdk/sdk/2.1.1/src/common/pico_time/time.c.o
 .text.alarm_pool_irq_handler
                0x10000fe4      0x2fc CMakeFiles/Projeto1_Barbara_Glauco.dir/home/babi_maria/.pico-sdk/sdk/2.1.1/src/common/pico_time/time.c.o
 .text.runtime_init_default_alarm_pool
                0x100012e0       0xdc CMakeFiles/Projeto1_Barbara_Glauco.dir/home/babi_maria/.pico-sdk/sdk/2.1.1/src/common/pico_time/time.c.o
                0x100012e0                runtime_init_default_alarm_pool
 .text.alarm_pool_get_default
                0x100013bc        0x8 CMakeFiles/Projeto1_Barbara_Glauco.dir/home/babi_maria/.pico-sdk/sdk/2.1.1/src/common/pico_time/time.c.o
                0x100013bc                alarm_pool_get_default
 .text.alarm_pool_add_alarm_at
                0x100013c4       0xd4 CMakeFiles/Projeto1_Barbara_Glauco.dir/home/babi_maria/.pico-sdk/sdk/2.1.1/src/common/pico_time/time.c.o
                0x100013c4                alarm_pool_add_alarm_at
 .text.alarm_pool_add_alarm_at_force_in_context
                0x10001498       0xb0 CMakeFiles/Projeto1_Barbara_Glauco.dir/home/babi_maria/.pico-sdk/sdk/2.1.1/src/common/pico_time/time.c.o
                0x10001498                alarm_pool_add_alarm_at_force_in_context
 .text.alarm_pool_cancel_alarm
                0x10001548       0x74 CMakeFiles/Projeto1_Barbara_Glauco.dir/home/babi_maria/.pico-sdk/sdk/2.1.1/src/common/pico_time/time.c.o
                0x10001548                alarm_pool_cancel_alarm
 .text.alarm_pool_core_num
                0x100015bc        0x4 CMakeFiles/Projeto1_Barbara_Glauco.dir/home/babi_maria/.pico-sdk/sdk/2.1.1/src/common/pico_time/time.c.o
                0x100015bc                alarm_pool_core_num
 .text.sleep_until
                0x100015c0       0xd8 CMakeFiles/Projeto1_Barbara_Glauco.dir/home/babi_maria/.pico-sdk/sdk/2.1.1/src/common/pico_time/time.c.o
                0x100015c0                sleep_until
 .text.sleep_ms
                0x10001698       0x38 CMakeFiles/Projeto1_Barbara_Glauco.dir/home/babi_maria/.pico-sdk/sdk/2.1.1/src/common/pico_time/time.c.o
                0x10001698                sleep_ms
 .text.best_effort_wfe_or_timeout
                0x100016d0       0xf8 CMakeFiles/Projeto1_Barbara_Glauco.dir/home/babi_maria/.pico-sdk/sdk/2.1.1/src/common/pico_time/time.c.o
                0x100016d0                best_effort_wfe_or_timeout
 .text.timer_hardware_alarm_claim
                0x100017c8       0x14 CMakeFiles/Projeto1_Barbara_Glauco.dir/home/babi_maria/.pico-sdk/sdk/2.1.1/src/rp2_common/hardware_timer/timer.c.o
                0x100017c8                timer_hardware_alarm_claim
 .text.timer_time_us_64
                0x100017dc       0x10 CMakeFiles/Projeto1_Barbara_Glauco.dir/home/babi_maria/.pico-sdk/sdk/2.1.1/src/rp2_common/hardware_timer/timer.c.o
                0x100017dc                timer_time_us_64
 .text.time_us_64
                0x100017ec       0x14 CMakeFiles/Projeto1_Barbara_Glauco.dir/home/babi_maria/.pico-sdk/sdk/2.1.1/src/rp2_common/hardware_timer/timer.c.o
                0x100017ec                time_us_64
 .text.busy_wait_until
                0x10001800       0x20 CMakeFiles/Projeto1_Barbara_Glauco.dir/home/babi_maria/.pico-sdk/sdk/2.1.1/src/rp2_common/hardware_timer/timer.c.o
                0x10001800                busy_wait_until
 .text.clock_configure_int_divider
                0x10001820       0xf4 CMakeFiles/Projeto1_Barbara_Glauco.dir/home/babi_maria/.pico-sdk/sdk/2.1.1/src/rp2_common/hardware_clocks/clocks.c.o
                0x10001820                clock_configure_int_divider
 .text.clock_configure_undivided
                0x10001914       0xe8 CMakeFiles/Projeto1_Barbara_Glauco.dir/home/babi_maria/.pico-sdk/sdk/2.1.1/src/rp2_common/hardware_clocks/clocks.c.o
                0x10001914                clock_configure_undivided
 .text.clock_get_hz
                0x100019fc        0xc CMakeFiles/Projeto1_Barbara_Glauco.dir/home/babi_maria/.pico-sdk/sdk/2.1.1/src/rp2_common/hardware_clocks/clocks.c.o
                0x100019fc                clock_get_hz
 .text.pll_init
                0x10001a08       0xa4 CMakeFiles/Projeto1_Barbara_Glauco.dir/home/babi_maria/.pico-sdk/sdk/2.1.1/src/rp2_common/hardware_pll/pll.c.o
                0x10001a08                pll_init
 .text.watchdog_reboot
                0x10001aac       0x9c CMakeFiles/Projeto1_Barbara_Glauco.dir/home/babi_maria/.pico-sdk/sdk/2.1.1/src/rp2_common/hardware_watchdog/watchdog.c.o
                0x10001aac                watchdog_reboot
 .text.tick_start
                0x10001b48       0x10 CMakeFiles/Projeto1_Barbara_Glauco.dir/home/babi_maria/.pico-sdk/sdk/2.1.1/src/rp2_common/hardware_ticks/ticks.c.o
                0x10001b48                tick_start
 .text.rom_func_lookup
                0x10001b58       0x10 CMakeFiles/Projeto1_Barbara_Glauco.dir/home/babi_maria/.pico-sdk/sdk/2.1.1/src/rp2_common/pico_bootrom/bootrom.c.o
                0x10001b58                rom_func_lookup
 .text.rom_data_lookup
                0x10001b68       0x10 CMakeFiles/Projeto1_Barbara_Glauco.dir/home/babi_maria/.pico-sdk/sdk/2.1.1/src/rp2_common/pico_bootrom/bootrom.c.o
                0x10001b68                rom_data_lookup
 .text.rom_funcs_lookup
                0x10001b78       0x44 CMakeFiles/Projeto1_Barbara_Glauco.dir/home/babi_maria/.pico-sdk/sdk/2.1.1/src/rp2_common/pico_bootrom/bootrom.c.o
                0x10001b78                rom_funcs_lookup
 .text.rom_reset_usb_boot_extra
                0x10001bbc       0x28 CMakeFiles/Projeto1_Barbara_Glauco.dir/home/babi_maria/.pico-sdk/sdk/2.1.1/src/rp2_common/pico_bootrom/bootrom.c.o
                0x10001bbc                rom_reset_usb_boot_extra
 .text.xosc_init
                0x10001be4       0x28 CMakeFiles/Projeto1_Barbara_Glauco.dir/home/babi_maria/.pico-sdk/sdk/2.1.1/src/rp2_common/hardware_xosc/xosc.c.o
                0x10001be4                xosc_init
 .text.first_per_core_initializer
                0x10001c0c        0x4 CMakeFiles/Projeto1_Barbara_Glauco.dir/home/babi_maria/.pico-sdk/sdk/2.1.1/src/rp2_common/pico_runtime/runtime.c.o
 .text.hard_assertion_failure
                0x10001c10        0xc CMakeFiles/Projeto1_Barbara_Glauco.dir/home/babi_maria/.pico-sdk/sdk/2.1.1/src/rp2_common/pico_runtime/runtime.c.o
                0x10001c10                hard_assertion_failure
 .text.runtime_run_initializers
                0x10001c1c       0x28 CMakeFiles/Projeto1_Barbara_Glauco.dir/home/babi_maria/.pico-sdk/sdk/2.1.1/src/rp2_common/pico_runtime/runtime.c.o
                0x10001c1c                runtime_run_initializers
 .text.runtime_init_early_resets
                0x10001c44       0x2c CMakeFiles/Projeto1_Barbara_Glauco.dir/home/babi_maria/.pico-sdk/sdk/2.1.1/src/rp2_common/pico_runtime_init/runtime_init.c.o
                0x10001c44                runtime_init_early_resets
 .text.runtime_init_usb_power_down
                0x10001c70       0x1c CMakeFiles/Projeto1_Barbara_Glauco.dir/home/babi_maria/.pico-sdk/sdk/2.1.1/src/rp2_common/pico_runtime_init/runtime_init.c.o
                0x10001c70                runtime_init_usb_power_down
 .text.runtime_init_post_clock_resets
                0x10001c8c       0x20 CMakeFiles/Projeto1_Barbara_Glauco.dir/home/babi_maria/.pico-sdk/sdk/2.1.1/src/rp2_common/pico_runtime_init/runtime_init.c.o
                0x10001c8c                runtime_init_post_clock_resets
 .text.runtime_init_rp2040_gpio_ie_disable
                0x10001cac       0x14 CMakeFiles/Projeto1_Barbara_Glauco.dir/home/babi_maria/.pico-sdk/sdk/2.1.1/src/rp2_common/pico_runtime_init/runtime_init.c.o
                0x10001cac                runtime_init_rp2040_gpio_ie_disable
 .text.runtime_init_spin_locks_reset
                0x10001cc0        0x8 CMakeFiles/Projeto1_Barbara_Glauco.dir/home/babi_maria/.pico-sdk/sdk/2.1.1/src/rp2_common/pico_runtime_init/runtime_init.c.o
                0x10001cc0                runtime_init_spin_locks_reset
 .text.runtime_init_install_ram_vector_table
                0x10001cc8       0x1c CMakeFiles/Projeto1_Barbara_Glauco.dir/home/babi_maria/.pico-sdk/sdk/2.1.1/src/rp2_common/pico_runtime_init/runtime_init.c.o
                0x10001cc8                runtime_init_install_ram_vector_table
 .text.runtime_init_clocks
                0x10001ce4       0xd8 CMakeFiles/Projeto1_Barbara_Glauco.dir/home/babi_maria/.pico-sdk/sdk/2.1.1/src/rp2_common/pico_runtime_init/runtime_init_clocks.c.o
                0x10001ce4                runtime_init_clocks
 .text          0x10001dbc       0x10 CMakeFiles/Projeto1_Barbara_Glauco.dir/home/babi_maria/.pico-sdk/sdk/2.1.1/src/rp2_common/pico_bit_ops/bit_ops_aeabi.S.o
 .text.__wrap___aeabi_idiv
                0x10001dcc       0x50 CMakeFiles/Projeto1_Barbara_Glauco.dir/home/babi_maria/.pico-sdk/sdk/2.1.1/src/rp2_common/pico_divider/divider_hardware.S.o
                0x10001dcc                __wrap___aeabi_idivmod
                0x10001dcc                divmod_s32s32
                0x10001dcc                div_s32s32
                0x10001dcc                __wrap___aeabi_idiv
                0x10001dd4                divmod_s32s32_unsafe
                0x10001e00                divmod_s32s32_savestate
 .text.__wrap___aeabi_uidiv
                0x10001e1c       0x4c CMakeFiles/Projeto1_Barbara_Glauco.dir/home/babi_maria/.pico-sdk/sdk/2.1.1/src/rp2_common/pico_divider/divider_hardware.S.o
                0x10001e1c                __wrap___aeabi_uidiv
                0x10001e1c                __wrap___aeabi_uidivmod
                0x10001e1c                div_u32u32
                0x10001e1c                divmod_u32u32
                0x10001e24                divmod_u32u32_unsafe
                0x10001e4c                divmod_u32u32_savestate
 .text.__wrap___aeabi_ldiv
                0x10001e68      0x424 CMakeFiles/Projeto1_Barbara_Glauco.dir/home/babi_maria/.pico-sdk/sdk/2.1.1/src/rp2_common/pico_divider/divider_hardware.S.o
                0x10001e68                div_s64s64
                0x10001e68                divmod_s64s64
                0x10001e68                __wrap___aeabi_ldivmod
                0x10001e98                div_u64u64
                0x10001e98                divmod_u64u64
                0x10001e98                __wrap___aeabi_uldivmod
                0x10001ea8                divmod_u64u64_savestate
                0x10001ec8                divmod_s64s64_unsafe
                0x10001f50                divmod_u64u64_unsafe
 .text.__wrap___aeabi_darithmetic
                0x1000228c       0x80 CMakeFiles/Projeto1_Barbara_Glauco.dir/home/babi_maria/.pico-sdk/sdk/2.1.1/src/rp2_common/pico_double/double_aeabi_rp2040.S.o
                0x1000228c                __wrap___aeabi_drsub
                0x10002292                __wrap___aeabi_dsub
                0x100022a4                __wrap___aeabi_dadd
                0x100022b6                __wrap___aeabi_ddiv
                0x100022f2                __wrap___aeabi_dmul
 .text.__wrap___aeabi_cdcmple
                0x1000230c       0x6c CMakeFiles/Projeto1_Barbara_Glauco.dir/home/babi_maria/.pico-sdk/sdk/2.1.1/src/rp2_common/pico_double/double_aeabi_rp2040.S.o
                0x1000230c                __wrap___aeabi_cdrcmple
                0x1000231c                __wrap___aeabi_cdcmple
                0x1000231c                __wrap___aeabi_cdcmpeq
 .text.__wrap___aeabi_dcmplt
                0x10002378        0xc CMakeFiles/Projeto1_Barbara_Glauco.dir/home/babi_maria/.pico-sdk/sdk/2.1.1/src/rp2_common/pico_double/double_aeabi_rp2040.S.o
                0x10002378                __wrap___aeabi_dcmplt
 .text.__wrap___aeabi_dcmpge
                0x10002384       0x10 CMakeFiles/Projeto1_Barbara_Glauco.dir/home/babi_maria/.pico-sdk/sdk/2.1.1/src/rp2_common/pico_double/double_aeabi_rp2040.S.o
                0x10002384                __wrap___aeabi_dcmpge
 .text.__wrap___aeabi_dcmpgt
                0x10002394        0xa CMakeFiles/Projeto1_Barbara_Glauco.dir/home/babi_maria/.pico-sdk/sdk/2.1.1/src/rp2_common/pico_double/double_aeabi_rp2040.S.o
                0x10002394                __wrap___aeabi_dcmpgt
 .text.__wrap___aeabi_dcmpun
                0x1000239e       0x18 CMakeFiles/Projeto1_Barbara_Glauco.dir/home/babi_maria/.pico-sdk/sdk/2.1.1/src/rp2_common/pico_double/double_aeabi_rp2040.S.o
                0x1000239e                __wrap___aeabi_dcmpun
 *fill*         0x100023b6        0x2 
 .text.__wrap___aeabi_i2d
                0x100023b8       0x38 CMakeFiles/Projeto1_Barbara_Glauco.dir/home/babi_maria/.pico-sdk/sdk/2.1.1/src/rp2_common/pico_double/double_aeabi_rp2040.S.o
                0x100023b8                __wrap___aeabi_ui2d
                0x100023b8                uint2double
                0x100023c0                __wrap___aeabi_i2d
                0x100023c0                int2double
 .text.__wrap___aeabi_d2iz
                0x100023f0       0x48 CMakeFiles/Projeto1_Barbara_Glauco.dir/home/babi_maria/.pico-sdk/sdk/2.1.1/src/rp2_common/pico_double/double_aeabi_rp2040.S.o
                0x100023f0                __wrap___aeabi_d2iz
                0x100023f0                double2int_z
 .text.__wrap___aeabi_d2uiz
                0x10002438       0x18 CMakeFiles/Projeto1_Barbara_Glauco.dir/home/babi_maria/.pico-sdk/sdk/2.1.1/src/rp2_common/pico_double/double_aeabi_rp2040.S.o
                0x10002438                double2uint_z
                0x10002438                double2uint
                0x10002438                __wrap___aeabi_d2uiz
 .text.__aeabi_double_init
                0x10002450       0xa4 CMakeFiles/Projeto1_Barbara_Glauco.dir/home/babi_maria/.pico-sdk/sdk/2.1.1/src/rp2_common/pico_double/double_init_rom_rp2040.c.o
                0x10002450                __aeabi_double_init
 .text.double_table_shim_on_use_helper
                0x100024f4       0x2c CMakeFiles/Projeto1_Barbara_Glauco.dir/home/babi_maria/.pico-sdk/sdk/2.1.1/src/rp2_common/pico_double/double_v1_rom_shim_rp2040.S.o
                0x100024f4                double_table_shim_on_use_helper
 .text.__wrap___aeabi_dsub
                0x10002520       0x10 CMakeFiles/Projeto1_Barbara_Glauco.dir/home/babi_maria/.pico-sdk/sdk/2.1.1/src/rp2_common/pico_double/double_v1_rom_shim_rp2040.S.o
                0x10002520                drsub_shim
                0x10002526                dsub_shim
 .text.dadd_shim
                0x10002530      0x15c CMakeFiles/Projeto1_Barbara_Glauco.dir/home/babi_maria/.pico-sdk/sdk/2.1.1/src/rp2_common/pico_double/double_v1_rom_shim_rp2040.S.o
                0x10002530                dadd_shim
 .text.dmul_shim
                0x1000268c      0x15c CMakeFiles/Projeto1_Barbara_Glauco.dir/home/babi_maria/.pico-sdk/sdk/2.1.1/src/rp2_common/pico_double/double_v1_rom_shim_rp2040.S.o
                0x1000268c                dmul_shim
 .text.ddiv_shim
                0x100027e8      0x1b0 CMakeFiles/Projeto1_Barbara_Glauco.dir/home/babi_maria/.pico-sdk/sdk/2.1.1/src/rp2_common/pico_double/double_v1_rom_shim_rp2040.S.o
                0x100027e8                ddiv_shim
 .text.double2uint_shim
                0x10002998        0xe CMakeFiles/Projeto1_Barbara_Glauco.dir/home/babi_maria/.pico-sdk/sdk/2.1.1/src/rp2_common/pico_double/double_v1_rom_shim_rp2040.S.o
                0x10002998                double2uint_shim
                0x1000299a                double2ufix_shim
 *fill*         0x100029a6        0x2 
 .text.double2uint64_shim
                0x100029a8       0x70 CMakeFiles/Projeto1_Barbara_Glauco.dir/home/babi_maria/.pico-sdk/sdk/2.1.1/src/rp2_common/pico_double/double_v1_rom_shim_rp2040.S.o
                0x100029a8                double2uint64_shim
                0x100029aa                double2ufix64_shim
                0x100029ca                d2fix_a
 .text.dunpacks
                0x10002a18       0x3c CMakeFiles/Projeto1_Barbara_Glauco.dir/home/babi_maria/.pico-sdk/sdk/2.1.1/src/rp2_common/pico_double/double_v1_rom_shim_rp2040.S.o
                0x10002a18                dunpacks
 .text.__aeabi_lmul
                0x10002a54       0x32 CMakeFiles/Projeto1_Barbara_Glauco.dir/home/babi_maria/.pico-sdk/sdk/2.1.1/src/rp2_common/pico_int64_ops/pico_int64_ops_aeabi.S.o
                0x10002a54                __wrap___aeabi_lmul
 *fill*         0x10002a86        0x2 
 .text.__wrap___aeabi_farithmetic
                0x10002a88       0x48 CMakeFiles/Projeto1_Barbara_Glauco.dir/home/babi_maria/.pico-sdk/sdk/2.1.1/src/rp2_common/pico_float/float_aeabi_rp2040.S.o
                0x10002a88                __wrap___aeabi_frsub
                0x10002a8e                __wrap___aeabi_fsub
                0x10002a94                __wrap___aeabi_fadd
                0x10002a9a                __wrap___aeabi_fdiv
                0x10002ac2                __wrap___aeabi_fmul
 .text.__wrap___aeabi_cfcmple
                0x10002ad0       0x50 CMakeFiles/Projeto1_Barbara_Glauco.dir/home/babi_maria/.pico-sdk/sdk/2.1.1/src/rp2_common/pico_float/float_aeabi_rp2040.S.o
                0x10002ad0                __wrap___aeabi_cfrcmple
                0x10002adc                __wrap___aeabi_cfcmpeq
                0x10002adc                __wrap___aeabi_cfcmple
 .text.__wrap___aeabi_fcmple
                0x10002b20       0x10 CMakeFiles/Projeto1_Barbara_Glauco.dir/home/babi_maria/.pico-sdk/sdk/2.1.1/src/rp2_common/pico_float/float_aeabi_rp2040.S.o
                0x10002b20                __wrap___aeabi_fcmple
 .text.__wrap___aeabi_i2f
                0x10002b30       0x44 CMakeFiles/Projeto1_Barbara_Glauco.dir/home/babi_maria/.pico-sdk/sdk/2.1.1/src/rp2_common/pico_float/float_aeabi_rp2040.S.o
                0x10002b30                int2float
                0x10002b30                __wrap___aeabi_i2f
 .text.__wrap___aeabi_f2d
                0x10002b74       0x14 CMakeFiles/Projeto1_Barbara_Glauco.dir/home/babi_maria/.pico-sdk/sdk/2.1.1/src/rp2_common/pico_float/float_aeabi_rp2040.S.o
                0x10002b74                __wrap___aeabi_f2d
 .text.__aeabi_float_init
                0x10002b88       0x64 CMakeFiles/Projeto1_Barbara_Glauco.dir/home/babi_maria/.pico-sdk/sdk/2.1.1/src/rp2_common/pico_float/float_init_rom_rp2040.c.o
                0x10002b88                __aeabi_float_init
 .text.float_table_shim_on_use_helper
                0x10002bec       0x2c CMakeFiles/Projeto1_Barbara_Glauco.dir/home/babi_maria/.pico-sdk/sdk/2.1.1/src/rp2_common/pico_float/float_v1_rom_shim_rp2040.S.o
                0x10002bec                float_table_shim_on_use_helper
 .text.float2double_shim
                0x10002c18       0x30 CMakeFiles/Projeto1_Barbara_Glauco.dir/home/babi_maria/.pico-sdk/sdk/2.1.1/src/rp2_common/pico_float/float_v1_rom_shim_rp2040.S.o
                0x10002c18                float2double_shim
 .text.__wrap_malloc
                0x10002c48       0x24 CMakeFiles/Projeto1_Barbara_Glauco.dir/home/babi_maria/.pico-sdk/sdk/2.1.1/src/rp2_common/pico_malloc/malloc.c.o
                0x10002c48                __wrap_malloc
 .text.__wrap_free
                0x10002c6c        0x8 CMakeFiles/Projeto1_Barbara_Glauco.dir/home/babi_maria/.pico-sdk/sdk/2.1.1/src/rp2_common/pico_malloc/malloc.c.o
                0x10002c6c                __wrap_free
 .text          0x10002c74       0x10 CMakeFiles/Projeto1_Barbara_Glauco.dir/home/babi_maria/.pico-sdk/sdk/2.1.1/src/rp2_common/pico_mem_ops/mem_ops_aeabi.S.o
                0x10002c74                __aeabi_mem_init
 .text.memset   0x10002c84        0xc CMakeFiles/Projeto1_Barbara_Glauco.dir/home/babi_maria/.pico-sdk/sdk/2.1.1/src/rp2_common/pico_mem_ops/mem_ops_aeabi.S.o
                0x10002c84                __wrap_memset
 .text.memcpy   0x10002c90        0xc CMakeFiles/Projeto1_Barbara_Glauco.dir/home/babi_maria/.pico-sdk/sdk/2.1.1/src/rp2_common/pico_mem_ops/mem_ops_aeabi.S.o
                0x10002c90                __wrap___aeabi_memcpy
                0x10002c90                __wrap_memcpy
 .text._out_buffer
                0x10002c9c        0x8 CMakeFiles/Projeto1_Barbara_Glauco.dir/home/babi_maria/.pico-sdk/sdk/2.1.1/src/rp2_common/pico_printf/printf.c.o
 .text._out_null
                0x10002ca4        0x4 CMakeFiles/Projeto1_Barbara_Glauco.dir/home/babi_maria/.pico-sdk/sdk/2.1.1/src/rp2_common/pico_printf/printf.c.o
 .text._out_rev
                0x10002ca8       0xac CMakeFiles/Projeto1_Barbara_Glauco.dir/home/babi_maria/.pico-sdk/sdk/2.1.1/src/rp2_common/pico_printf/printf.c.o
 .text._ntoa_format
                0x10002d54      0x250 CMakeFiles/Projeto1_Barbara_Glauco.dir/home/babi_maria/.pico-sdk/sdk/2.1.1/src/rp2_common/pico_printf/printf.c.o
 .text._out_char
                0x10002fa4       0x10 CMakeFiles/Projeto1_Barbara_Glauco.dir/home/babi_maria/.pico-sdk/sdk/2.1.1/src/rp2_common/pico_printf/printf.c.o
 .text._out_fct
                0x10002fb4       0x10 CMakeFiles/Projeto1_Barbara_Glauco.dir/home/babi_maria/.pico-sdk/sdk/2.1.1/src/rp2_common/pico_printf/printf.c.o
 .text._etoa    0x10002fc4      0x464 CMakeFiles/Projeto1_Barbara_Glauco.dir/home/babi_maria/.pico-sdk/sdk/2.1.1/src/rp2_common/pico_printf/printf.c.o
 .text._ftoa    0x10003428      0x3c0 CMakeFiles/Projeto1_Barbara_Glauco.dir/home/babi_maria/.pico-sdk/sdk/2.1.1/src/rp2_common/pico_printf/printf.c.o
 .text._vsnprintf
                0x100037e8      0xbc8 CMakeFiles/Projeto1_Barbara_Glauco.dir/home/babi_maria/.pico-sdk/sdk/2.1.1/src/rp2_common/pico_printf/printf.c.o
 .text.__wrap_snprintf
                0x100043b0       0x28 CMakeFiles/Projeto1_Barbara_Glauco.dir/home/babi_maria/.pico-sdk/sdk/2.1.1/src/rp2_common/pico_printf/printf.c.o
                0x100043b0                __wrap_snprintf
 .text.vfctprintf
                0x100043d8       0x20 CMakeFiles/Projeto1_Barbara_Glauco.dir/home/babi_maria/.pico-sdk/sdk/2.1.1/src/rp2_common/pico_printf/printf.c.o
                0x100043d8                vfctprintf
 .text.weak_raw_vprintf
                0x100043f8       0x30 CMakeFiles/Projeto1_Barbara_Glauco.dir/home/babi_maria/.pico-sdk/sdk/2.1.1/src/rp2_common/pico_printf/printf.c.o
                0x100043f8                weak_raw_vprintf
 .text._exit    0x10004428        0x4 CMakeFiles/Projeto1_Barbara_Glauco.dir/home/babi_maria/.pico-sdk/sdk/2.1.1/src/rp2_common/pico_clib_interface/newlib_interface.c.o
                0x10004428                _exit
 .text._sbrk    0x1000442c       0x34 CMakeFiles/Projeto1_Barbara_Glauco.dir/home/babi_maria/.pico-sdk/sdk/2.1.1/src/rp2_common/pico_clib_interface/newlib_interface.c.o
                0x1000442c                _sbrk
 .text.exit     0x10004460        0x8 CMakeFiles/Projeto1_Barbara_Glauco.dir/home/babi_maria/.pico-sdk/sdk/2.1.1/src/rp2_common/pico_clib_interface/newlib_interface.c.o
                0x10004460                exit
 .text.runtime_init
                0x10004468       0x2c CMakeFiles/Projeto1_Barbara_Glauco.dir/home/babi_maria/.pico-sdk/sdk/2.1.1/src/rp2_common/pico_clib_interface/newlib_interface.c.o
                0x10004468                runtime_init
 .text.stdio_out_chars_no_crlf
                0x10004494       0x10 CMakeFiles/Projeto1_Barbara_Glauco.dir/home/babi_maria/.pico-sdk/sdk/2.1.1/src/rp2_common/pico_stdio/stdio.c.o
 .text.stdio_out_chars_crlf
                0x100044a4       0x94 CMakeFiles/Projeto1_Barbara_Glauco.dir/home/babi_maria/.pico-sdk/sdk/2.1.1/src/rp2_common/pico_stdio/stdio.c.o
 .text.stdio_buffered_printer
                0x10004538       0x64 CMakeFiles/Projeto1_Barbara_Glauco.dir/home/babi_maria/.pico-sdk/sdk/2.1.1/src/rp2_common/pico_stdio/stdio.c.o
 .text.stdio_put_string
                0x1000459c      0x100 CMakeFiles/Projeto1_Barbara_Glauco.dir/home/babi_maria/.pico-sdk/sdk/2.1.1/src/rp2_common/pico_stdio/stdio.c.o
                0x1000459c                stdio_put_string
 .text.stdio_set_driver_enabled
                0x1000469c       0x30 CMakeFiles/Projeto1_Barbara_Glauco.dir/home/babi_maria/.pico-sdk/sdk/2.1.1/src/rp2_common/pico_stdio/stdio.c.o
                0x1000469c                stdio_set_driver_enabled
 .text.stdio_init_all
                0x100046cc        0x8 CMakeFiles/Projeto1_Barbara_Glauco.dir/home/babi_maria/.pico-sdk/sdk/2.1.1/src/rp2_common/pico_stdio/stdio.c.o
                0x100046cc                stdio_init_all
 .text.__wrap_putchar
                0x100046d4       0x98 CMakeFiles/Projeto1_Barbara_Glauco.dir/home/babi_maria/.pico-sdk/sdk/2.1.1/src/rp2_common/pico_stdio/stdio.c.o
                0x100046d4                stdio_putchar
                0x100046d4                __wrap_putchar
 .text.__wrap_puts
                0x1000476c       0x3c CMakeFiles/Projeto1_Barbara_Glauco.dir/home/babi_maria/.pico-sdk/sdk/2.1.1/src/rp2_common/pico_stdio/stdio.c.o
                0x1000476c                __wrap_puts
                0x1000476c                stdio_puts
 .text.__wrap_vprintf
                0x100047a8       0xd4 CMakeFiles/Projeto1_Barbara_Glauco.dir/home/babi_maria/.pico-sdk/sdk/2.1.1/src/rp2_common/pico_stdio/stdio.c.o
                0x100047a8                __wrap_vprintf
                0x100047a8                stdio_vprintf
 .text.__wrap_printf
                0x1000487c       0x18 CMakeFiles/Projeto1_Barbara_Glauco.dir/home/babi_maria/.pico-sdk/sdk/2.1.1/src/rp2_common/pico_stdio/stdio.c.o
                0x1000487c                stdio_printf
                0x1000487c                __wrap_printf
 .text.resetd_init
                0x10004894        0x4 CMakeFiles/Projeto1_Barbara_Glauco.dir/home/babi_maria/.pico-sdk/sdk/2.1.1/src/rp2_common/pico_stdio_usb/reset_interface.c.o
 .text.resetd_reset
                0x10004898        0xc CMakeFiles/Projeto1_Barbara_Glauco.dir/home/babi_maria/.pico-sdk/sdk/2.1.1/src/rp2_common/pico_stdio_usb/reset_interface.c.o
 .text.resetd_open
                0x100048a4       0x28 CMakeFiles/Projeto1_Barbara_Glauco.dir/home/babi_maria/.pico-sdk/sdk/2.1.1/src/rp2_common/pico_stdio_usb/reset_interface.c.o
 .text.resetd_xfer_cb
                0x100048cc        0x4 CMakeFiles/Projeto1_Barbara_Glauco.dir/home/babi_maria/.pico-sdk/sdk/2.1.1/src/rp2_common/pico_stdio_usb/reset_interface.c.o
 .text.resetd_control_xfer_cb
                0x100048d0       0x5c CMakeFiles/Projeto1_Barbara_Glauco.dir/home/babi_maria/.pico-sdk/sdk/2.1.1/src/rp2_common/pico_stdio_usb/reset_interface.c.o
 .text.tud_descriptor_bos_cb
                0x1000492c        0x8 CMakeFiles/Projeto1_Barbara_Glauco.dir/home/babi_maria/.pico-sdk/sdk/2.1.1/src/rp2_common/pico_stdio_usb/reset_interface.c.o
                0x1000492c                tud_descriptor_bos_cb
 .text.tud_vendor_control_xfer_cb
                0x10004934       0x34 CMakeFiles/Projeto1_Barbara_Glauco.dir/home/babi_maria/.pico-sdk/sdk/2.1.1/src/rp2_common/pico_stdio_usb/reset_interface.c.o
                0x10004934                tud_vendor_control_xfer_cb
 .text.usbd_app_driver_get_cb
                0x10004968        0xc CMakeFiles/Projeto1_Barbara_Glauco.dir/home/babi_maria/.pico-sdk/sdk/2.1.1/src/rp2_common/pico_stdio_usb/reset_interface.c.o
                0x10004968                usbd_app_driver_get_cb
 .text.tud_cdc_line_coding_cb
                0x10004974       0x2c CMakeFiles/Projeto1_Barbara_Glauco.dir/home/babi_maria/.pico-sdk/sdk/2.1.1/src/rp2_common/pico_stdio_usb/reset_interface.c.o
                0x10004974                tud_cdc_line_coding_cb
 .text.stdio_usb_set_chars_available_callback
                0x100049a0       0x14 CMakeFiles/Projeto1_Barbara_Glauco.dir/home/babi_maria/.pico-sdk/sdk/2.1.1/src/rp2_common/pico_stdio_usb/stdio_usb.c.o
                0x100049a0                stdio_usb_set_chars_available_callback
 .text.usb_irq  0x100049b4       0x10 CMakeFiles/Projeto1_Barbara_Glauco.dir/home/babi_maria/.pico-sdk/sdk/2.1.1/src/rp2_common/pico_stdio_usb/stdio_usb.c.o
 .text.timer_task
                0x100049c4       0x64 CMakeFiles/Projeto1_Barbara_Glauco.dir/home/babi_maria/.pico-sdk/sdk/2.1.1/src/rp2_common/pico_stdio_usb/stdio_usb.c.o
 .text.stdio_usb_in_chars
                0x10004a28       0x90 CMakeFiles/Projeto1_Barbara_Glauco.dir/home/babi_maria/.pico-sdk/sdk/2.1.1/src/rp2_common/pico_stdio_usb/stdio_usb.c.o
                0x10004a28                stdio_usb_in_chars
 .text.stdio_usb_out_flush
                0x10004ab8       0x50 CMakeFiles/Projeto1_Barbara_Glauco.dir/home/babi_maria/.pico-sdk/sdk/2.1.1/src/rp2_common/pico_stdio_usb/stdio_usb.c.o
 .text.stdio_usb_out_chars
                0x10004b08      0x104 CMakeFiles/Projeto1_Barbara_Glauco.dir/home/babi_maria/.pico-sdk/sdk/2.1.1/src/rp2_common/pico_stdio_usb/stdio_usb.c.o
 .text.low_priority_worker_irq
                0x10004c0c       0xcc CMakeFiles/Projeto1_Barbara_Glauco.dir/home/babi_maria/.pico-sdk/sdk/2.1.1/src/rp2_common/pico_stdio_usb/stdio_usb.c.o
 .text.stdio_usb_init
                0x10004cd8       0xec CMakeFiles/Projeto1_Barbara_Glauco.dir/home/babi_maria/.pico-sdk/sdk/2.1.1/src/rp2_common/pico_stdio_usb/stdio_usb.c.o
                0x10004cd8                stdio_usb_init
 .text.tud_descriptor_device_cb
                0x10004dc4        0x8 CMakeFiles/Projeto1_Barbara_Glauco.dir/home/babi_maria/.pico-sdk/sdk/2.1.1/src/rp2_common/pico_stdio_usb/stdio_usb_descriptors.c.o
                0x10004dc4                tud_descriptor_device_cb
 .text.tud_descriptor_configuration_cb
                0x10004dcc        0x8 CMakeFiles/Projeto1_Barbara_Glauco.dir/home/babi_maria/.pico-sdk/sdk/2.1.1/src/rp2_common/pico_stdio_usb/stdio_usb_descriptors.c.o
                0x10004dcc                tud_descriptor_configuration_cb
 .text.tud_descriptor_string_cb
                0x10004dd4       0x78 CMakeFiles/Projeto1_Barbara_Glauco.dir/home/babi_maria/.pico-sdk/sdk/2.1.1/src/rp2_common/pico_stdio_usb/stdio_usb_descriptors.c.o
                0x10004dd4                tud_descriptor_string_cb
 .text.startup._retrieve_unique_id_on_boot
                0x10004e4c       0x10 CMakeFiles/Projeto1_Barbara_Glauco.dir/home/babi_maria/.pico-sdk/sdk/2.1.1/src/rp2_common/pico_unique_id/unique_id.c.o
 .text.pico_get_unique_board_id_string
                0x10004e5c      0x1a8 CMakeFiles/Projeto1_Barbara_Glauco.dir/home/babi_maria/.pico-sdk/sdk/2.1.1/src/rp2_common/pico_unique_id/unique_id.c.o
                0x10004e5c                pico_get_unique_board_id_string
 .text.flash_get_unique_id
                0x10005004       0x3c CMakeFiles/Projeto1_Barbara_Glauco.dir/home/babi_maria/.pico-sdk/sdk/2.1.1/src/rp2_common/hardware_flash/flash.c.o
                0x10005004                flash_get_unique_id
 .text.dcd_init
                0x10005040       0x90 CMakeFiles/Projeto1_Barbara_Glauco.dir/home/babi_maria/.pico-sdk/sdk/2.1.1/lib/tinyusb/src/portable/raspberrypi/rp2040/dcd_rp2040.c.o
                0x10005040                dcd_init
 .text.dcd_int_enable
                0x100050d0        0xc CMakeFiles/Projeto1_Barbara_Glauco.dir/home/babi_maria/.pico-sdk/sdk/2.1.1/lib/tinyusb/src/portable/raspberrypi/rp2040/dcd_rp2040.c.o
                0x100050d0                dcd_int_enable
 .text.dcd_set_address
                0x100050dc       0x14 CMakeFiles/Projeto1_Barbara_Glauco.dir/home/babi_maria/.pico-sdk/sdk/2.1.1/lib/tinyusb/src/portable/raspberrypi/rp2040/dcd_rp2040.c.o
                0x100050dc                dcd_set_address
 .text.dcd_sof_enable
                0x100050f0       0x1c CMakeFiles/Projeto1_Barbara_Glauco.dir/home/babi_maria/.pico-sdk/sdk/2.1.1/lib/tinyusb/src/portable/raspberrypi/rp2040/dcd_rp2040.c.o
                0x100050f0                dcd_sof_enable
 .text.dcd_edpt0_status_complete
                0x1000510c       0x1c CMakeFiles/Projeto1_Barbara_Glauco.dir/home/babi_maria/.pico-sdk/sdk/2.1.1/lib/tinyusb/src/portable/raspberrypi/rp2040/dcd_rp2040.c.o
                0x1000510c                dcd_edpt0_status_complete
 .text.dcd_edpt_open
                0x10005128      0x114 CMakeFiles/Projeto1_Barbara_Glauco.dir/home/babi_maria/.pico-sdk/sdk/2.1.1/lib/tinyusb/src/portable/raspberrypi/rp2040/dcd_rp2040.c.o
                0x10005128                dcd_edpt_open
 .text.dcd_edpt_close_all
                0x1000523c        0x8 CMakeFiles/Projeto1_Barbara_Glauco.dir/home/babi_maria/.pico-sdk/sdk/2.1.1/lib/tinyusb/src/portable/raspberrypi/rp2040/dcd_rp2040.c.o
                0x1000523c                dcd_edpt_close_all
 .text.dcd_edpt_xfer
                0x10005244       0x24 CMakeFiles/Projeto1_Barbara_Glauco.dir/home/babi_maria/.pico-sdk/sdk/2.1.1/lib/tinyusb/src/portable/raspberrypi/rp2040/dcd_rp2040.c.o
                0x10005244                dcd_edpt_xfer
 .text.dcd_edpt_stall
                0x10005268       0x34 CMakeFiles/Projeto1_Barbara_Glauco.dir/home/babi_maria/.pico-sdk/sdk/2.1.1/lib/tinyusb/src/portable/raspberrypi/rp2040/dcd_rp2040.c.o
                0x10005268                dcd_edpt_stall
 .text.dcd_edpt_clear_stall
                0x1000529c       0x30 CMakeFiles/Projeto1_Barbara_Glauco.dir/home/babi_maria/.pico-sdk/sdk/2.1.1/lib/tinyusb/src/portable/raspberrypi/rp2040/dcd_rp2040.c.o
                0x1000529c                dcd_edpt_clear_stall
 .text.rp2040_usb_init
                0x100052cc       0x40 CMakeFiles/Projeto1_Barbara_Glauco.dir/home/babi_maria/.pico-sdk/sdk/2.1.1/lib/tinyusb/src/portable/raspberrypi/rp2040/rp2040_usb.c.o
                0x100052cc                rp2040_usb_init
 .text.hw_endpoint_xfer_start
                0x1000530c       0x40 CMakeFiles/Projeto1_Barbara_Glauco.dir/home/babi_maria/.pico-sdk/sdk/2.1.1/lib/tinyusb/src/portable/raspberrypi/rp2040/rp2040_usb.c.o
                0x1000530c                hw_endpoint_xfer_start
 .text.tud_event_hook_cb
                0x1000534c        0x4 CMakeFiles/Projeto1_Barbara_Glauco.dir/home/babi_maria/.pico-sdk/sdk/2.1.1/lib/tinyusb/src/device/usbd.c.o
                0x1000534c                tud_event_hook_cb
 .text.tud_sof_cb
                0x10005350        0x4 CMakeFiles/Projeto1_Barbara_Glauco.dir/home/babi_maria/.pico-sdk/sdk/2.1.1/lib/tinyusb/src/device/usbd.c.o
                0x10005350                tud_sof_cb
 .text.tud_descriptor_device_qualifier_cb
                0x10005354        0x4 CMakeFiles/Projeto1_Barbara_Glauco.dir/home/babi_maria/.pico-sdk/sdk/2.1.1/lib/tinyusb/src/device/usbd.c.o
                0x10005354                tud_descriptor_device_qualifier_cb
 .text.tud_descriptor_other_speed_configuration_cb
                0x10005358        0x4 CMakeFiles/Projeto1_Barbara_Glauco.dir/home/babi_maria/.pico-sdk/sdk/2.1.1/lib/tinyusb/src/device/usbd.c.o
                0x10005358                tud_descriptor_other_speed_configuration_cb
 .text.tud_mount_cb
                0x1000535c        0x4 CMakeFiles/Projeto1_Barbara_Glauco.dir/home/babi_maria/.pico-sdk/sdk/2.1.1/lib/tinyusb/src/device/usbd.c.o
                0x1000535c                tud_mount_cb
 .text.tud_umount_cb
                0x10005360        0x4 CMakeFiles/Projeto1_Barbara_Glauco.dir/home/babi_maria/.pico-sdk/sdk/2.1.1/lib/tinyusb/src/device/usbd.c.o
                0x10005360                tud_umount_cb
 .text.tud_suspend_cb
                0x10005364        0x4 CMakeFiles/Projeto1_Barbara_Glauco.dir/home/babi_maria/.pico-sdk/sdk/2.1.1/lib/tinyusb/src/device/usbd.c.o
                0x10005364                tud_suspend_cb
 .text.tud_resume_cb
                0x10005368        0x4 CMakeFiles/Projeto1_Barbara_Glauco.dir/home/babi_maria/.pico-sdk/sdk/2.1.1/lib/tinyusb/src/device/usbd.c.o
                0x10005368                tud_resume_cb
 .text.tud_mounted
                0x1000536c       0x10 CMakeFiles/Projeto1_Barbara_Glauco.dir/home/babi_maria/.pico-sdk/sdk/2.1.1/lib/tinyusb/src/device/usbd.c.o
                0x1000536c                tud_mounted
 .text.tud_suspended
                0x1000537c       0x10 CMakeFiles/Projeto1_Barbara_Glauco.dir/home/babi_maria/.pico-sdk/sdk/2.1.1/lib/tinyusb/src/device/usbd.c.o
                0x1000537c                tud_suspended
 .text.tud_rhport_init
                0x1000538c       0xfc CMakeFiles/Projeto1_Barbara_Glauco.dir/home/babi_maria/.pico-sdk/sdk/2.1.1/lib/tinyusb/src/device/usbd.c.o
                0x1000538c                tud_rhport_init
 .text.tud_task_ext
                0x10005488      0x800 CMakeFiles/Projeto1_Barbara_Glauco.dir/home/babi_maria/.pico-sdk/sdk/2.1.1/lib/tinyusb/src/device/usbd.c.o
                0x10005488                tud_task_ext
 .text.usbd_open_edpt_pair
                0x10005c88       0x9c CMakeFiles/Projeto1_Barbara_Glauco.dir/home/babi_maria/.pico-sdk/sdk/2.1.1/lib/tinyusb/src/device/usbd.c.o
                0x10005c88                usbd_open_edpt_pair
 .text.usbd_edpt_open
                0x10005d24       0x34 CMakeFiles/Projeto1_Barbara_Glauco.dir/home/babi_maria/.pico-sdk/sdk/2.1.1/lib/tinyusb/src/device/usbd.c.o
                0x10005d24                usbd_edpt_open
 .text.usbd_edpt_claim
                0x10005d58       0x28 CMakeFiles/Projeto1_Barbara_Glauco.dir/home/babi_maria/.pico-sdk/sdk/2.1.1/lib/tinyusb/src/device/usbd.c.o
                0x10005d58                usbd_edpt_claim
 .text.usbd_edpt_release
                0x10005d80       0x28 CMakeFiles/Projeto1_Barbara_Glauco.dir/home/babi_maria/.pico-sdk/sdk/2.1.1/lib/tinyusb/src/device/usbd.c.o
                0x10005d80                usbd_edpt_release
 .text.usbd_edpt_xfer
                0x10005da8       0x4c CMakeFiles/Projeto1_Barbara_Glauco.dir/home/babi_maria/.pico-sdk/sdk/2.1.1/lib/tinyusb/src/device/usbd.c.o
                0x10005da8                usbd_edpt_xfer
 .text.tud_control_status
                0x10005df4       0x2c CMakeFiles/Projeto1_Barbara_Glauco.dir/home/babi_maria/.pico-sdk/sdk/2.1.1/lib/tinyusb/src/device/usbd_control.c.o
                0x10005df4                tud_control_status
 .text.tud_control_xfer
                0x10005e20       0xac CMakeFiles/Projeto1_Barbara_Glauco.dir/home/babi_maria/.pico-sdk/sdk/2.1.1/lib/tinyusb/src/device/usbd_control.c.o
                0x10005e20                tud_control_xfer
 .text.usbd_control_reset
                0x10005ecc       0x14 CMakeFiles/Projeto1_Barbara_Glauco.dir/home/babi_maria/.pico-sdk/sdk/2.1.1/lib/tinyusb/src/device/usbd_control.c.o
                0x10005ecc                usbd_control_reset
 .text.usbd_control_set_complete_callback
                0x10005ee0        0xc CMakeFiles/Projeto1_Barbara_Glauco.dir/home/babi_maria/.pico-sdk/sdk/2.1.1/lib/tinyusb/src/device/usbd_control.c.o
                0x10005ee0                usbd_control_set_complete_callback
 .text.usbd_control_set_request
                0x10005eec       0x1c CMakeFiles/Projeto1_Barbara_Glauco.dir/home/babi_maria/.pico-sdk/sdk/2.1.1/lib/tinyusb/src/device/usbd_control.c.o
                0x10005eec                usbd_control_set_request
 .text.usbd_control_xfer_cb
                0x10005f08       0xec CMakeFiles/Projeto1_Barbara_Glauco.dir/home/babi_maria/.pico-sdk/sdk/2.1.1/lib/tinyusb/src/device/usbd_control.c.o
                0x10005f08                usbd_control_xfer_cb
 .text._prep_out_transaction.isra.0
                0x10005ff4       0x6c CMakeFiles/Projeto1_Barbara_Glauco.dir/home/babi_maria/.pico-sdk/sdk/2.1.1/lib/tinyusb/src/class/cdc/cdc_device.c.o
 .text.tud_cdc_n_connected
                0x10006060       0x2c CMakeFiles/Projeto1_Barbara_Glauco.dir/home/babi_maria/.pico-sdk/sdk/2.1.1/lib/tinyusb/src/class/cdc/cdc_device.c.o
                0x10006060                tud_cdc_n_connected
 .text.tud_cdc_n_available
                0x1000608c       0x14 CMakeFiles/Projeto1_Barbara_Glauco.dir/home/babi_maria/.pico-sdk/sdk/2.1.1/lib/tinyusb/src/class/cdc/cdc_device.c.o
                0x1000608c                tud_cdc_n_available
 .text.tud_cdc_n_read
                0x100060a0       0x94 CMakeFiles/Projeto1_Barbara_Glauco.dir/home/babi_maria/.pico-sdk/sdk/2.1.1/lib/tinyusb/src/class/cdc/cdc_device.c.o
                0x100060a0                tud_cdc_n_read
 .text.tud_cdc_n_write_flush
                0x10006134       0x74 CMakeFiles/Projeto1_Barbara_Glauco.dir/home/babi_maria/.pico-sdk/sdk/2.1.1/lib/tinyusb/src/class/cdc/cdc_device.c.o
                0x10006134                tud_cdc_n_write_flush
 .text.tud_cdc_n_write
                0x100061a8       0x40 CMakeFiles/Projeto1_Barbara_Glauco.dir/home/babi_maria/.pico-sdk/sdk/2.1.1/lib/tinyusb/src/class/cdc/cdc_device.c.o
                0x100061a8                tud_cdc_n_write
 .text.tud_cdc_n_write_available
                0x100061e8       0x14 CMakeFiles/Projeto1_Barbara_Glauco.dir/home/babi_maria/.pico-sdk/sdk/2.1.1/lib/tinyusb/src/class/cdc/cdc_device.c.o
                0x100061e8                tud_cdc_n_write_available
 .text.cdcd_init
                0x100061fc       0x70 CMakeFiles/Projeto1_Barbara_Glauco.dir/home/babi_maria/.pico-sdk/sdk/2.1.1/lib/tinyusb/src/class/cdc/cdc_device.c.o
                0x100061fc                cdcd_init
 .text.cdcd_deinit
                0x1000626c       0x34 CMakeFiles/Projeto1_Barbara_Glauco.dir/home/babi_maria/.pico-sdk/sdk/2.1.1/lib/tinyusb/src/class/cdc/cdc_device.c.o
                0x1000626c                cdcd_deinit
 .text.cdcd_reset
                0x100062a0       0x4c CMakeFiles/Projeto1_Barbara_Glauco.dir/home/babi_maria/.pico-sdk/sdk/2.1.1/lib/tinyusb/src/class/cdc/cdc_device.c.o
                0x100062a0                cdcd_reset
 .text.cdcd_open
                0x100062ec       0xa8 CMakeFiles/Projeto1_Barbara_Glauco.dir/home/babi_maria/.pico-sdk/sdk/2.1.1/lib/tinyusb/src/class/cdc/cdc_device.c.o
                0x100062ec                cdcd_open
 .text.cdcd_control_xfer_cb
                0x10006394       0xe8 CMakeFiles/Projeto1_Barbara_Glauco.dir/home/babi_maria/.pico-sdk/sdk/2.1.1/lib/tinyusb/src/class/cdc/cdc_device.c.o
                0x10006394                cdcd_control_xfer_cb
 .text.cdcd_xfer_cb
                0x1000647c      0x100 CMakeFiles/Projeto1_Barbara_Glauco.dir/home/babi_maria/.pico-sdk/sdk/2.1.1/lib/tinyusb/src/class/cdc/cdc_device.c.o
                0x1000647c                cdcd_xfer_cb
 .text.vendord_init
                0x1000657c       0x5c CMakeFiles/Projeto1_Barbara_Glauco.dir/home/babi_maria/.pico-sdk/sdk/2.1.1/lib/tinyusb/src/class/vendor/vendor_device.c.o
                0x1000657c                vendord_init
 .text.vendord_deinit
                0x100065d8       0x1c CMakeFiles/Projeto1_Barbara_Glauco.dir/home/babi_maria/.pico-sdk/sdk/2.1.1/lib/tinyusb/src/class/vendor/vendor_device.c.o
                0x100065d8                vendord_deinit
 .text.vendord_reset
                0x100065f4       0x28 CMakeFiles/Projeto1_Barbara_Glauco.dir/home/babi_maria/.pico-sdk/sdk/2.1.1/lib/tinyusb/src/class/vendor/vendor_device.c.o
                0x100065f4                vendord_reset
 .text.vendord_open
                0x1000661c      0x128 CMakeFiles/Projeto1_Barbara_Glauco.dir/home/babi_maria/.pico-sdk/sdk/2.1.1/lib/tinyusb/src/class/vendor/vendor_device.c.o
                0x1000661c                vendord_open
 .text.vendord_xfer_cb
                0x10006744       0x9c CMakeFiles/Projeto1_Barbara_Glauco.dir/home/babi_maria/.pico-sdk/sdk/2.1.1/lib/tinyusb/src/class/vendor/vendor_device.c.o
                0x10006744                vendord_xfer_cb
 .text.tusb_rhport_init
                0x100067e0       0x48 CMakeFiles/Projeto1_Barbara_Glauco.dir/home/babi_maria/.pico-sdk/sdk/2.1.1/lib/tinyusb/src/tusb.c.o
                0x100067e0                tusb_rhport_init
 .text.tu_edpt_claim
                0x10006828       0x50 CMakeFiles/Projeto1_Barbara_Glauco.dir/home/babi_maria/.pico-sdk/sdk/2.1.1/lib/tinyusb/src/tusb.c.o
                0x10006828                tu_edpt_claim
 .text.tu_edpt_release
                0x10006878       0x38 CMakeFiles/Projeto1_Barbara_Glauco.dir/home/babi_maria/.pico-sdk/sdk/2.1.1/lib/tinyusb/src/tusb.c.o
                0x10006878                tu_edpt_release
 .text.tu_edpt_validate
                0x100068b0       0x7c CMakeFiles/Projeto1_Barbara_Glauco.dir/home/babi_maria/.pico-sdk/sdk/2.1.1/lib/tinyusb/src/tusb.c.o
                0x100068b0                tu_edpt_validate
 .text.tu_edpt_bind_driver
                0x1000692c       0x34 CMakeFiles/Projeto1_Barbara_Glauco.dir/home/babi_maria/.pico-sdk/sdk/2.1.1/lib/tinyusb/src/tusb.c.o
                0x1000692c                tu_edpt_bind_driver
 .text.tu_edpt_stream_init
                0x10006960       0x6c CMakeFiles/Projeto1_Barbara_Glauco.dir/home/babi_maria/.pico-sdk/sdk/2.1.1/lib/tinyusb/src/tusb.c.o
                0x10006960                tu_edpt_stream_init
 .text.tu_edpt_stream_deinit
                0x100069cc        0x4 CMakeFiles/Projeto1_Barbara_Glauco.dir/home/babi_maria/.pico-sdk/sdk/2.1.1/lib/tinyusb/src/tusb.c.o
                0x100069cc                tu_edpt_stream_deinit
 .text.tu_edpt_stream_write_zlp_if_needed
                0x100069d0       0x68 CMakeFiles/Projeto1_Barbara_Glauco.dir/home/babi_maria/.pico-sdk/sdk/2.1.1/lib/tinyusb/src/tusb.c.o
                0x100069d0                tu_edpt_stream_write_zlp_if_needed
 .text.tu_edpt_stream_write_xfer
                0x10006a38       0x64 CMakeFiles/Projeto1_Barbara_Glauco.dir/home/babi_maria/.pico-sdk/sdk/2.1.1/lib/tinyusb/src/tusb.c.o
                0x10006a38                tu_edpt_stream_write_xfer
 .text.tu_edpt_stream_read_xfer
                0x10006a9c       0xdc CMakeFiles/Projeto1_Barbara_Glauco.dir/home/babi_maria/.pico-sdk/sdk/2.1.1/lib/tinyusb/src/tusb.c.o
                0x10006a9c                tu_edpt_stream_read_xfer
 .text.tu_fifo_config
                0x10006b78       0x6c CMakeFiles/Projeto1_Barbara_Glauco.dir/home/babi_maria/.pico-sdk/sdk/2.1.1/lib/tinyusb/src/common/tusb_fifo.c.o
                0x10006b78                tu_fifo_config
 .text.tu_fifo_count
                0x10006be4       0x2c CMakeFiles/Projeto1_Barbara_Glauco.dir/home/babi_maria/.pico-sdk/sdk/2.1.1/lib/tinyusb/src/common/tusb_fifo.c.o
                0x10006be4                tu_fifo_count
 .text.tu_fifo_empty
                0x10006c10       0x10 CMakeFiles/Projeto1_Barbara_Glauco.dir/home/babi_maria/.pico-sdk/sdk/2.1.1/lib/tinyusb/src/common/tusb_fifo.c.o
                0x10006c10                tu_fifo_empty
 .text.tu_fifo_remaining
                0x10006c20       0x2c CMakeFiles/Projeto1_Barbara_Glauco.dir/home/babi_maria/.pico-sdk/sdk/2.1.1/lib/tinyusb/src/common/tusb_fifo.c.o
                0x10006c20                tu_fifo_remaining
 .text.tu_fifo_read
                0x10006c4c       0x9c CMakeFiles/Projeto1_Barbara_Glauco.dir/home/babi_maria/.pico-sdk/sdk/2.1.1/lib/tinyusb/src/common/tusb_fifo.c.o
                0x10006c4c                tu_fifo_read
 .text.tu_fifo_read_n
                0x10006ce8       0xe8 CMakeFiles/Projeto1_Barbara_Glauco.dir/home/babi_maria/.pico-sdk/sdk/2.1.1/lib/tinyusb/src/common/tusb_fifo.c.o
                0x10006ce8                tu_fifo_read_n
 .text.tu_fifo_write
                0x10006dd0       0xa8 CMakeFiles/Projeto1_Barbara_Glauco.dir/home/babi_maria/.pico-sdk/sdk/2.1.1/lib/tinyusb/src/common/tusb_fifo.c.o
                0x10006dd0                tu_fifo_write
 .text.tu_fifo_write_n
                0x10006e78      0x178 CMakeFiles/Projeto1_Barbara_Glauco.dir/home/babi_maria/.pico-sdk/sdk/2.1.1/lib/tinyusb/src/common/tusb_fifo.c.o
                0x10006e78                tu_fifo_write_n
 .text.tu_fifo_clear
                0x10006ff0       0x40 CMakeFiles/Projeto1_Barbara_Glauco.dir/home/babi_maria/.pico-sdk/sdk/2.1.1/lib/tinyusb/src/common/tusb_fifo.c.o
                0x10006ff0                tu_fifo_clear
 .text.tu_fifo_set_overwritable
                0x10007030       0x48 CMakeFiles/Projeto1_Barbara_Glauco.dir/home/babi_maria/.pico-sdk/sdk/2.1.1/lib/tinyusb/src/common/tusb_fifo.c.o
                0x10007030                tu_fifo_set_overwritable
 .text.adc_init
                0x10007078       0x38 CMakeFiles/Projeto1_Barbara_Glauco.dir/home/babi_maria/.pico-sdk/sdk/2.1.1/src/rp2_common/hardware_adc/adc.c.o
                0x10007078                adc_init
 .text.i2c_write_blocking_internal.constprop.0
                0x100070b0       0xd0 CMakeFiles/Projeto1_Barbara_Glauco.dir/home/babi_maria/.pico-sdk/sdk/2.1.1/src/rp2_common/hardware_i2c/i2c.c.o
 .text.i2c_set_baudrate
                0x10007180       0xc0 CMakeFiles/Projeto1_Barbara_Glauco.dir/home/babi_maria/.pico-sdk/sdk/2.1.1/src/rp2_common/hardware_i2c/i2c.c.o
                0x10007180                i2c_set_baudrate
 .text.i2c_init
                0x10007240       0x50 CMakeFiles/Projeto1_Barbara_Glauco.dir/home/babi_maria/.pico-sdk/sdk/2.1.1/src/rp2_common/hardware_i2c/i2c.c.o
                0x10007240                i2c_init
 .text.i2c_write_blocking
                0x10007290       0x14 CMakeFiles/Projeto1_Barbara_Glauco.dir/home/babi_maria/.pico-sdk/sdk/2.1.1/src/rp2_common/hardware_i2c/i2c.c.o
                0x10007290                i2c_write_blocking
 .text.strlen   0x100072a4       0x5c /home/babi_maria/.pico-sdk/toolchain/13_3_Rel1/bin/../lib/gcc/arm-none-eabi/13.3.1/../../../../arm-none-eabi/lib/thumb/v6-m/nofp/libg.a(libc_a-strlen-stub.o)
                0x100072a4                strlen
 .text.malloc   0x10007300       0x14 /home/babi_maria/.pico-sdk/toolchain/13_3_Rel1/bin/../lib/gcc/arm-none-eabi/13.3.1/../../../../arm-none-eabi/lib/thumb/v6-m/nofp/libg.a(libc_a-malloc.o)
                0x10007300                malloc
 .text.free     0x10007314       0x14 /home/babi_maria/.pico-sdk/toolchain/13_3_Rel1/bin/../lib/gcc/arm-none-eabi/13.3.1/../../../../arm-none-eabi/lib/thumb/v6-m/nofp/libg.a(libc_a-malloc.o)
                0x10007314                free
 .text._malloc_r
                0x10007328      0x5c4 /home/babi_maria/.pico-sdk/toolchain/13_3_Rel1/bin/../lib/gcc/arm-none-eabi/13.3.1/../../../../arm-none-eabi/lib/thumb/v6-m/nofp/libg.a(libc_a-mallocr.o)
                0x10007328                _malloc_r
 .text._sbrk_r  0x100078ec       0x24 /home/babi_maria/.pico-sdk/toolchain/13_3_Rel1/bin/../lib/gcc/arm-none-eabi/13.3.1/../../../../arm-none-eabi/lib/thumb/v6-m/nofp/libg.a(libc_a-sbrkr.o)
                0x100078ec                _sbrk_r
 .text.__malloc_lock
                0x10007910       0x10 /home/babi_maria/.pico-sdk/toolchain/13_3_Rel1/bin/../lib/gcc/arm-none-eabi/13.3.1/../../../../arm-none-eabi/lib/thumb/v6-m/nofp/libg.a(libc_a-mlock.o)
                0x10007910                __malloc_lock
 .text.__malloc_unlock
                0x10007920       0x10 /home/babi_maria/.pico-sdk/toolchain/13_3_Rel1/bin/../lib/gcc/arm-none-eabi/13.3.1/../../../../arm-none-eabi/lib/thumb/v6-m/nofp/libg.a(libc_a-mlock.o)
                0x10007920                __malloc_unlock
 .text.__retarget_lock_acquire_recursive
                0x10007930        0x4 /home/babi_maria/.pico-sdk/toolchain/13_3_Rel1/bin/../lib/gcc/arm-none-eabi/13.3.1/../../../../arm-none-eabi/lib/thumb/v6-m/nofp/libg.a(libc_a-lock.o)
                0x10007930                __retarget_lock_acquire_recursive
 .text.__retarget_lock_release_recursive
                0x10007934        0x4 /home/babi_maria/.pico-sdk/toolchain/13_3_Rel1/bin/../lib/gcc/arm-none-eabi/13.3.1/../../../../arm-none-eabi/lib/thumb/v6-m/nofp/libg.a(libc_a-lock.o)
                0x10007934                __retarget_lock_release_recursive
 .text.sysconf  0x10007938       0x1c /home/babi_maria/.pico-sdk/toolchain/13_3_Rel1/bin/../lib/gcc/arm-none-eabi/13.3.1/../../../../arm-none-eabi/lib/thumb/v6-m/nofp/libg.a(libc_a-sysconf.o)
                0x10007938                sysconf
 .text._malloc_trim_r
                0x10007954       0xb4 /home/babi_maria/.pico-sdk/toolchain/13_3_Rel1/bin/../lib/gcc/arm-none-eabi/13.3.1/../../../../arm-none-eabi/lib/thumb/v6-m/nofp/libg.a(libc_a-freer.o)
                0x10007954                _malloc_trim_r
 .text._free_r  0x10007a08      0x1d4 /home/babi_maria/.pico-sdk/toolchain/13_3_Rel1/bin/../lib/gcc/arm-none-eabi/13.3.1/../../../../arm-none-eabi/lib/thumb/v6-m/nofp/libg.a(libc_a-freer.o)
                0x10007a08                _free_r
 .text.__errno  0x10007bdc        0xc /home/babi_maria/.pico-sdk/toolchain/13_3_Rel1/bin/../lib/gcc/arm-none-eabi/13.3.1/../../../../arm-none-eabi/lib/thumb/v6-m/nofp/libg.a(libc_a-errno.o)
                0x10007bdc                __errno
 *(.fini)
 .fini          0x10007be8        0x4 /home/babi_maria/.pico-sdk/toolchain/13_3_Rel1/bin/../lib/gcc/arm-none-eabi/13.3.1/thumb/v6-m/nofp/crti.o
                0x10007be8                _fini
 *fill*         0x10007bec        0x4 
 .fini.__stub   0x10007bf0       0xc0 linker stubs
 *crtbegin.o(.ctors)
 *crtbegin?.o(.ctors)
 *(EXCLUDE_FILE(*crtend.o *crtend?.o) .ctors)
 *(SORT_BY_NAME(.ctors.*))
 *(.ctors)
 *crtbegin.o(.dtors)
 *crtbegin?.o(.dtors)
 *(EXCLUDE_FILE(*crtend.o *crtend?.o) .dtors)
 *(SORT_BY_NAME(.dtors.*))
 *(.dtors)
                0x10007cb0                        . = ALIGN (0x4)
                0x10007cb0                        PROVIDE (__preinit_array_start = .)
 *(SORT_BY_NAME(.preinit_array.*))
 .preinit_array.00100
                0x10007cb0        0x4 CMakeFiles/Projeto1_Barbara_Glauco.dir/home/babi_maria/.pico-sdk/sdk/2.1.1/src/rp2_common/pico_runtime_init/runtime_init.c.o
                0x10007cb0                __pre_init_runtime_init_early_resets
 .preinit_array.00101
                0x10007cb4        0x4 CMakeFiles/Projeto1_Barbara_Glauco.dir/home/babi_maria/.pico-sdk/sdk/2.1.1/src/rp2_common/pico_runtime_init/runtime_init.c.o
                0x10007cb4                __pre_init_runtime_init_usb_power_down
 .preinit_array.00275
                0x10007cb8        0x4 CMakeFiles/Projeto1_Barbara_Glauco.dir/home/babi_maria/.pico-sdk/sdk/2.1.1/src/rp2_common/pico_bit_ops/bit_ops_aeabi.S.o
 .preinit_array.00300
                0x10007cbc        0x4 CMakeFiles/Projeto1_Barbara_Glauco.dir/home/babi_maria/.pico-sdk/sdk/2.1.1/src/rp2_common/pico_mem_ops/mem_ops_aeabi.S.o
 .preinit_array.00350
                0x10007cc0        0x4 CMakeFiles/Projeto1_Barbara_Glauco.dir/home/babi_maria/.pico-sdk/sdk/2.1.1/src/rp2_common/pico_double/double_aeabi_rp2040.S.o
 .preinit_array.00350
                0x10007cc4        0x4 CMakeFiles/Projeto1_Barbara_Glauco.dir/home/babi_maria/.pico-sdk/sdk/2.1.1/src/rp2_common/pico_float/float_aeabi_rp2040.S.o
 .preinit_array.00500
                0x10007cc8        0x4 CMakeFiles/Projeto1_Barbara_Glauco.dir/home/babi_maria/.pico-sdk/sdk/2.1.1/src/rp2_common/pico_runtime_init/runtime_init.c.o
                0x10007cc8                __pre_init_runtime_init_clocks
 .preinit_array.00600
                0x10007ccc        0x4 CMakeFiles/Projeto1_Barbara_Glauco.dir/home/babi_maria/.pico-sdk/sdk/2.1.1/src/rp2_common/pico_runtime_init/runtime_init.c.o
                0x10007ccc                __pre_init_runtime_init_post_clock_resets
 .preinit_array.00700
                0x10007cd0        0x4 CMakeFiles/Projeto1_Barbara_Glauco.dir/home/babi_maria/.pico-sdk/sdk/2.1.1/src/rp2_common/pico_runtime_init/runtime_init.c.o
                0x10007cd0                __pre_init_runtime_init_rp2040_gpio_ie_disable
 .preinit_array.01000
                0x10007cd4        0x4 CMakeFiles/Projeto1_Barbara_Glauco.dir/home/babi_maria/.pico-sdk/sdk/2.1.1/src/rp2_common/pico_runtime_init/runtime_init.c.o
                0x10007cd4                __pre_init_runtime_init_spin_locks_reset
 .preinit_array.01100
                0x10007cd8        0x4 CMakeFiles/Projeto1_Barbara_Glauco.dir/home/babi_maria/.pico-sdk/sdk/2.1.1/src/common/pico_sync/mutex.c.o
                0x10007cd8                __pre_init_runtime_init_mutex
 .preinit_array.10080
                0x10007cdc        0x4 CMakeFiles/Projeto1_Barbara_Glauco.dir/home/babi_maria/.pico-sdk/sdk/2.1.1/src/rp2_common/pico_runtime_init/runtime_init.c.o
                0x10007cdc                __pre_init_runtime_init_install_ram_vector_table
 .preinit_array.11000
                0x10007ce0        0x4 CMakeFiles/Projeto1_Barbara_Glauco.dir/home/babi_maria/.pico-sdk/sdk/2.1.1/src/common/pico_time/time.c.o
                0x10007ce0                __pre_init_runtime_init_default_alarm_pool
 .preinit_array.YYYYY
                0x10007ce4        0x4 CMakeFiles/Projeto1_Barbara_Glauco.dir/home/babi_maria/.pico-sdk/sdk/2.1.1/src/rp2_common/pico_runtime/runtime.c.o
                0x10007ce4                __pre_init_first_per_core_initializer
 .preinit_array.ZZZZZ.01200
                0x10007ce8        0x4 CMakeFiles/Projeto1_Barbara_Glauco.dir/home/babi_maria/.pico-sdk/sdk/2.1.1/src/rp2_common/hardware_irq/irq.c.o
                0x10007ce8                __pre_init_runtime_init_per_core_irq_priorities
 *(.preinit_array)
                0x10007cec                        PROVIDE (__preinit_array_end = .)
                0x10007cec                        . = ALIGN (0x4)
                0x10007cec                        PROVIDE (__init_array_start = .)
 *(SORT_BY_NAME(.init_array.*))
 *(.init_array)
 .init_array    0x10007cec        0x4 /home/babi_maria/.pico-sdk/toolchain/13_3_Rel1/bin/../lib/gcc/arm-none-eabi/13.3.1/thumb/v6-m/nofp/crtbegin.o
 .init_array    0x10007cf0        0x4 CMakeFiles/Projeto1_Barbara_Glauco.dir/home/babi_maria/.pico-sdk/sdk/2.1.1/src/rp2_common/pico_unique_id/unique_id.c.o
                0x10007cf4                        PROVIDE (__init_array_end = .)
                0x10007cf4                        . = ALIGN (0x4)
                [!provide]                        PROVIDE (__fini_array_start = .)
 *(SORT_BY_NAME(.fini_array.*))
 *(.fini_array)
                [!provide]                        PROVIDE (__fini_array_end = .)
 *(.eh_frame*)
 .eh_frame      0x10007cf4        0x0 /home/babi_maria/.pico-sdk/toolchain/13_3_Rel1/bin/../lib/gcc/arm-none-eabi/13.3.1/thumb/v6-m/nofp/crtbegin.o
                0x10007cf4                        . = ALIGN (0x4)

.glue_7         0x10007cf4        0x0
 .glue_7        0x10007cf4        0x0 linker stubs

.glue_7t        0x10007cf4        0x0
 .glue_7t       0x10007cf4        0x0 linker stubs

.vfp11_veneer   0x10007cf4        0x0
 .vfp11_veneer  0x10007cf4        0x0 linker stubs

.v4_bx          0x10007cf4        0x0
 .v4_bx         0x10007cf4        0x0 linker stubs

.iplt           0x10007cf4        0x0
 .iplt          0x10007cf4        0x0 /home/babi_maria/.pico-sdk/toolchain/13_3_Rel1/bin/../lib/gcc/arm-none-eabi/13.3.1/thumb/v6-m/nofp/crtbegin.o

.rodata         0x10007cf8      0x8f8
 *(EXCLUDE_FILE(*libm.a: *libc.a:*lib_a-mem*.o *libgcc.a:) .rodata*)
 .rodata.main.str1.4
                0x10007cf8      0x1fc CMakeFiles/Projeto1_Barbara_Glauco.dir/Projeto1_Barbara_Glauco.c.o
                                 0x6b (size before relaxing)
 .rodata.font   0x10007ef4      0x128 CMakeFiles/Projeto1_Barbara_Glauco.dir/inc/ssd1306_i2c.c.o
 .rodata        0x1000801c       0x1a CMakeFiles/Projeto1_Barbara_Glauco.dir/inc/ssd1306_i2c.c.o
 .rodata.panic.str1.4
                0x10008036       0x12 CMakeFiles/Projeto1_Barbara_Glauco.dir/home/babi_maria/.pico-sdk/sdk/2.1.1/src/rp2_common/pico_platform_panic/panic.c.o
 .rodata.spin_lock_claim_unused.str1.4
                0x10008036       0x1b CMakeFiles/Projeto1_Barbara_Glauco.dir/home/babi_maria/.pico-sdk/sdk/2.1.1/src/rp2_common/hardware_sync/sync.c.o
 .rodata.user_irq_claim_unused.str1.4
                0x10008036       0x1b CMakeFiles/Projeto1_Barbara_Glauco.dir/home/babi_maria/.pico-sdk/sdk/2.1.1/src/rp2_common/hardware_irq/irq.c.o
 .rodata.timer_hardware_alarm_claim.str1.4
                0x10008036       0x22 CMakeFiles/Projeto1_Barbara_Glauco.dir/home/babi_maria/.pico-sdk/sdk/2.1.1/src/rp2_common/hardware_timer/timer.c.o
 .rodata.hard_assertion_failure.str1.4
                0x10008036        0xc CMakeFiles/Projeto1_Barbara_Glauco.dir/home/babi_maria/.pico-sdk/sdk/2.1.1/src/rp2_common/pico_runtime/runtime.c.o
 .rodata.__wrap_malloc.str1.4
                0x10008036        0xe CMakeFiles/Projeto1_Barbara_Glauco.dir/home/babi_maria/.pico-sdk/sdk/2.1.1/src/rp2_common/pico_malloc/malloc.c.o
 .rodata.str1.4
                0x10008036       0x50 CMakeFiles/Projeto1_Barbara_Glauco.dir/home/babi_maria/.pico-sdk/sdk/2.1.1/src/rp2_common/pico_standard_binary_info/standard_binary_info.c.o
 *fill*         0x10008036        0x2 
 .rodata.__bi_84
                0x10008038        0xc CMakeFiles/Projeto1_Barbara_Glauco.dir/home/babi_maria/.pico-sdk/sdk/2.1.1/src/rp2_common/pico_standard_binary_info/standard_binary_info.c.o
 .rodata.__bi_78
                0x10008044        0xc CMakeFiles/Projeto1_Barbara_Glauco.dir/home/babi_maria/.pico-sdk/sdk/2.1.1/src/rp2_common/pico_standard_binary_info/standard_binary_info.c.o
 .rodata.__bi_60
                0x10008050        0xc CMakeFiles/Projeto1_Barbara_Glauco.dir/home/babi_maria/.pico-sdk/sdk/2.1.1/src/rp2_common/pico_standard_binary_info/standard_binary_info.c.o
 .rodata.__bi_54
                0x1000805c        0xc CMakeFiles/Projeto1_Barbara_Glauco.dir/home/babi_maria/.pico-sdk/sdk/2.1.1/src/rp2_common/pico_standard_binary_info/standard_binary_info.c.o
 .rodata.__bi_48
                0x10008068        0xc CMakeFiles/Projeto1_Barbara_Glauco.dir/home/babi_maria/.pico-sdk/sdk/2.1.1/src/rp2_common/pico_standard_binary_info/standard_binary_info.c.o
 .rodata.__bi_42
                0x10008074        0xc CMakeFiles/Projeto1_Barbara_Glauco.dir/home/babi_maria/.pico-sdk/sdk/2.1.1/src/rp2_common/pico_standard_binary_info/standard_binary_info.c.o
 .rodata.__bi_34
                0x10008080        0xc CMakeFiles/Projeto1_Barbara_Glauco.dir/home/babi_maria/.pico-sdk/sdk/2.1.1/src/rp2_common/pico_standard_binary_info/standard_binary_info.c.o
 .rodata.__bi_26
                0x1000808c        0xc CMakeFiles/Projeto1_Barbara_Glauco.dir/home/babi_maria/.pico-sdk/sdk/2.1.1/src/rp2_common/pico_standard_binary_info/standard_binary_info.c.o
 .rodata._ftoa.str1.4
                0x10008098       0x15 CMakeFiles/Projeto1_Barbara_Glauco.dir/home/babi_maria/.pico-sdk/sdk/2.1.1/src/rp2_common/pico_printf/printf.c.o
 .rodata._vsnprintf
                0x10008098      0x19c CMakeFiles/Projeto1_Barbara_Glauco.dir/home/babi_maria/.pico-sdk/sdk/2.1.1/src/rp2_common/pico_printf/printf.c.o
 *fill*         0x10008234        0x4 
 .rodata.pow10.0
                0x10008238       0x50 CMakeFiles/Projeto1_Barbara_Glauco.dir/home/babi_maria/.pico-sdk/sdk/2.1.1/src/rp2_common/pico_printf/printf.c.o
 .rodata.crlf_str.0
                0x10008288        0x2 CMakeFiles/Projeto1_Barbara_Glauco.dir/home/babi_maria/.pico-sdk/sdk/2.1.1/src/rp2_common/pico_stdio/stdio.c.o
 *fill*         0x1000828a        0x2 
 .rodata._resetd_driver
                0x1000828c       0x20 CMakeFiles/Projeto1_Barbara_Glauco.dir/home/babi_maria/.pico-sdk/sdk/2.1.1/src/rp2_common/pico_stdio_usb/reset_interface.c.o
 .rodata.desc_ms_os_20
                0x100082ac       0xa6 CMakeFiles/Projeto1_Barbara_Glauco.dir/home/babi_maria/.pico-sdk/sdk/2.1.1/src/rp2_common/pico_stdio_usb/reset_interface.c.o
 *fill*         0x10008352        0x2 
 .rodata.desc_bos
                0x10008354       0x21 CMakeFiles/Projeto1_Barbara_Glauco.dir/home/babi_maria/.pico-sdk/sdk/2.1.1/src/rp2_common/pico_stdio_usb/reset_interface.c.o
                0x10008354                desc_bos
 .rodata.str1.4
                0x10008375       0x13 CMakeFiles/Projeto1_Barbara_Glauco.dir/home/babi_maria/.pico-sdk/sdk/2.1.1/src/rp2_common/pico_stdio_usb/stdio_usb.c.o
 *fill*         0x10008375        0x3 
 .rodata.__bi_197.0
                0x10008378        0xc CMakeFiles/Projeto1_Barbara_Glauco.dir/home/babi_maria/.pico-sdk/sdk/2.1.1/src/rp2_common/pico_stdio_usb/stdio_usb.c.o
 .rodata.str1.4
                0x10008384       0x2a CMakeFiles/Projeto1_Barbara_Glauco.dir/home/babi_maria/.pico-sdk/sdk/2.1.1/src/rp2_common/pico_stdio_usb/stdio_usb_descriptors.c.o
 .rodata.usbd_desc_str
                0x10008384       0x18 CMakeFiles/Projeto1_Barbara_Glauco.dir/home/babi_maria/.pico-sdk/sdk/2.1.1/src/rp2_common/pico_stdio_usb/stdio_usb_descriptors.c.o
 .rodata.usbd_desc_cfg
                0x1000839c       0x54 CMakeFiles/Projeto1_Barbara_Glauco.dir/home/babi_maria/.pico-sdk/sdk/2.1.1/src/rp2_common/pico_stdio_usb/stdio_usb_descriptors.c.o
 .rodata.usbd_desc_device
                0x100083f0       0x12 CMakeFiles/Projeto1_Barbara_Glauco.dir/home/babi_maria/.pico-sdk/sdk/2.1.1/src/rp2_common/pico_stdio_usb/stdio_usb_descriptors.c.o
 .rodata.str1.4
                0x10008402       0x14 CMakeFiles/Projeto1_Barbara_Glauco.dir/home/babi_maria/.pico-sdk/sdk/2.1.1/lib/tinyusb/src/portable/raspberrypi/rp2040/dcd_rp2040.c.o
 .rodata.str1.4
                0x10008402       0x48 CMakeFiles/Projeto1_Barbara_Glauco.dir/home/babi_maria/.pico-sdk/sdk/2.1.1/lib/tinyusb/src/portable/raspberrypi/rp2040/rp2040_usb.c.o
 *fill*         0x10008402        0x2 
 .rodata.tud_task_ext
                0x10008404       0x8c CMakeFiles/Projeto1_Barbara_Glauco.dir/home/babi_maria/.pico-sdk/sdk/2.1.1/lib/tinyusb/src/device/usbd.c.o
 .rodata        0x10008490       0x1c CMakeFiles/Projeto1_Barbara_Glauco.dir/home/babi_maria/.pico-sdk/sdk/2.1.1/lib/tinyusb/src/device/usbd.c.o
 .rodata._usbd_driver
                0x100084ac       0x40 CMakeFiles/Projeto1_Barbara_Glauco.dir/home/babi_maria/.pico-sdk/sdk/2.1.1/lib/tinyusb/src/device/usbd.c.o
 .rodata._ctype_
                0x100084ec      0x101 /home/babi_maria/.pico-sdk/toolchain/13_3_Rel1/bin/../lib/gcc/arm-none-eabi/13.3.1/../../../../arm-none-eabi/lib/thumb/v6-m/nofp/libg.a(libc_a-ctype_.o)
                0x100084ec                _ctype_
                0x100085f0                        . = ALIGN (0x4)
 *fill*         0x100085ed        0x3 
 *(SORT_BY_ALIGNMENT(SORT_BY_NAME(.flashdata*)))
                0x100085f0                        . = ALIGN (0x4)

.ARM.extab
 *(.ARM.extab* .gnu.linkonce.armextab.*)
                0x100085f0                        __exidx_start = .

.ARM.exidx
 *(.ARM.exidx* .gnu.linkonce.armexidx.*)
                0x100085f0                        __exidx_end = .
                0x100085f0                        . = ALIGN (0x4)
                0x100085f0                        __binary_info_start = .

.binary_info    0x100085f0       0x24
 *(.binary_info.keep.*)
 .binary_info.keep.__bi_ptr84
                0x100085f0        0x4 CMakeFiles/Projeto1_Barbara_Glauco.dir/home/babi_maria/.pico-sdk/sdk/2.1.1/src/rp2_common/pico_standard_binary_info/standard_binary_info.c.o
 .binary_info.keep.__bi_ptr78
                0x100085f4        0x4 CMakeFiles/Projeto1_Barbara_Glauco.dir/home/babi_maria/.pico-sdk/sdk/2.1.1/src/rp2_common/pico_standard_binary_info/standard_binary_info.c.o
 .binary_info.keep.__bi_ptr60
                0x100085f8        0x4 CMakeFiles/Projeto1_Barbara_Glauco.dir/home/babi_maria/.pico-sdk/sdk/2.1.1/src/rp2_common/pico_standard_binary_info/standard_binary_info.c.o
 .binary_info.keep.__bi_ptr54
                0x100085fc        0x4 CMakeFiles/Projeto1_Barbara_Glauco.dir/home/babi_maria/.pico-sdk/sdk/2.1.1/src/rp2_common/pico_standard_binary_info/standard_binary_info.c.o
 .binary_info.keep.__bi_ptr48
                0x10008600        0x4 CMakeFiles/Projeto1_Barbara_Glauco.dir/home/babi_maria/.pico-sdk/sdk/2.1.1/src/rp2_common/pico_standard_binary_info/standard_binary_info.c.o
 .binary_info.keep.__bi_ptr42
                0x10008604        0x4 CMakeFiles/Projeto1_Barbara_Glauco.dir/home/babi_maria/.pico-sdk/sdk/2.1.1/src/rp2_common/pico_standard_binary_info/standard_binary_info.c.o
 .binary_info.keep.__bi_ptr34
                0x10008608        0x4 CMakeFiles/Projeto1_Barbara_Glauco.dir/home/babi_maria/.pico-sdk/sdk/2.1.1/src/rp2_common/pico_standard_binary_info/standard_binary_info.c.o
 .binary_info.keep.__bi_ptr26
                0x1000860c        0x4 CMakeFiles/Projeto1_Barbara_Glauco.dir/home/babi_maria/.pico-sdk/sdk/2.1.1/src/rp2_common/pico_standard_binary_info/standard_binary_info.c.o
 *(.binary_info.*)
 .binary_info.__bi_ptr197
                0x10008610        0x4 CMakeFiles/Projeto1_Barbara_Glauco.dir/home/babi_maria/.pico-sdk/sdk/2.1.1/src/rp2_common/pico_stdio_usb/stdio_usb.c.o
                0x10008614                        __binary_info_end = .

.rel.dyn        0x10008614        0x0
 .rel.iplt      0x10008614        0x0 /home/babi_maria/.pico-sdk/toolchain/13_3_Rel1/bin/../lib/gcc/arm-none-eabi/13.3.1/thumb/v6-m/nofp/crtbegin.o
                0x10008614                        . = ALIGN (0x4)

.ram_vector_table
                0x20000000       0xc0
 *(.ram_vector_table)
 .ram_vector_table
                0x20000000       0xc0 CMakeFiles/Projeto1_Barbara_Glauco.dir/home/babi_maria/.pico-sdk/sdk/2.1.1/src/rp2_common/pico_runtime_init/runtime_init.c.o
                0x20000000                ram_vector_table

.uninitialized_data
                0x200000c0        0x0
                0x200000c0                        . = ALIGN (0x4)
 *(.uninitialized_data*)

.data           0x200000c0     0x14c8 load address 0x10008614
                0x200000c0                        __data_start__ = .
 *(vtable)
 *(.time_critical*)
 .time_critical.mutex_try_enter
                0x200000c0       0x40 CMakeFiles/Projeto1_Barbara_Glauco.dir/home/babi_maria/.pico-sdk/sdk/2.1.1/src/common/pico_sync/mutex.c.o
                0x200000c0                mutex_try_enter
 .time_critical.mutex_try_enter_block_until
                0x20000100       0x9c CMakeFiles/Projeto1_Barbara_Glauco.dir/home/babi_maria/.pico-sdk/sdk/2.1.1/src/common/pico_sync/mutex.c.o
                0x20000100                mutex_try_enter_block_until
 .time_critical.mutex_enter_timeout_ms
                0x2000019c       0x90 CMakeFiles/Projeto1_Barbara_Glauco.dir/home/babi_maria/.pico-sdk/sdk/2.1.1/src/common/pico_sync/mutex.c.o
                0x2000019c                mutex_enter_timeout_ms
 .time_critical.mutex_exit
                0x2000022c       0x28 CMakeFiles/Projeto1_Barbara_Glauco.dir/home/babi_maria/.pico-sdk/sdk/2.1.1/src/common/pico_sync/mutex.c.o
                0x2000022c                mutex_exit
 .time_critical.flash_init_boot2_copyout
                0x20000254       0x30 CMakeFiles/Projeto1_Barbara_Glauco.dir/home/babi_maria/.pico-sdk/sdk/2.1.1/src/rp2_common/hardware_flash/flash.c.o
 .time_critical.flash_enable_xip_via_boot2
                0x20000284        0xc CMakeFiles/Projeto1_Barbara_Glauco.dir/home/babi_maria/.pico-sdk/sdk/2.1.1/src/rp2_common/hardware_flash/flash.c.o
 .time_critical.flash_cs_force
                0x20000290       0x38 CMakeFiles/Projeto1_Barbara_Glauco.dir/home/babi_maria/.pico-sdk/sdk/2.1.1/src/rp2_common/hardware_flash/flash.c.o
 .time_critical.flash_do_cmd
                0x200002c8       0xc0 CMakeFiles/Projeto1_Barbara_Glauco.dir/home/babi_maria/.pico-sdk/sdk/2.1.1/src/rp2_common/hardware_flash/flash.c.o
                0x200002c8                flash_do_cmd
 .time_critical.reset_non_control_endpoints
                0x20000388       0x68 CMakeFiles/Projeto1_Barbara_Glauco.dir/home/babi_maria/.pico-sdk/sdk/2.1.1/lib/tinyusb/src/portable/raspberrypi/rp2040/dcd_rp2040.c.o
 .time_critical.hw_handle_buff_status
                0x200003f0       0xa0 CMakeFiles/Projeto1_Barbara_Glauco.dir/home/babi_maria/.pico-sdk/sdk/2.1.1/lib/tinyusb/src/portable/raspberrypi/rp2040/dcd_rp2040.c.o
 .time_critical.dcd_rp2040_irq
                0x20000490      0x544 CMakeFiles/Projeto1_Barbara_Glauco.dir/home/babi_maria/.pico-sdk/sdk/2.1.1/lib/tinyusb/src/portable/raspberrypi/rp2040/dcd_rp2040.c.o
 .time_critical.prepare_ep_buffer
                0x200009d4       0xe0 CMakeFiles/Projeto1_Barbara_Glauco.dir/home/babi_maria/.pico-sdk/sdk/2.1.1/lib/tinyusb/src/portable/raspberrypi/rp2040/rp2040_usb.c.o
 .time_critical.sync_ep_buffer
                0x20000ab4       0xa8 CMakeFiles/Projeto1_Barbara_Glauco.dir/home/babi_maria/.pico-sdk/sdk/2.1.1/lib/tinyusb/src/portable/raspberrypi/rp2040/rp2040_usb.c.o
 .time_critical._hw_endpoint_xfer_sync
                0x20000b5c       0x28 CMakeFiles/Projeto1_Barbara_Glauco.dir/home/babi_maria/.pico-sdk/sdk/2.1.1/lib/tinyusb/src/portable/raspberrypi/rp2040/rp2040_usb.c.o
 .time_critical.e15_is_bulkin_ep
                0x20000b84       0x28 CMakeFiles/Projeto1_Barbara_Glauco.dir/home/babi_maria/.pico-sdk/sdk/2.1.1/lib/tinyusb/src/portable/raspberrypi/rp2040/rp2040_usb.c.o
 .time_critical.e15_is_critical_frame_period
                0x20000bac       0x34 CMakeFiles/Projeto1_Barbara_Glauco.dir/home/babi_maria/.pico-sdk/sdk/2.1.1/lib/tinyusb/src/portable/raspberrypi/rp2040/rp2040_usb.c.o
 .time_critical.hw_endpoint_reset_transfer
                0x20000be0        0xc CMakeFiles/Projeto1_Barbara_Glauco.dir/home/babi_maria/.pico-sdk/sdk/2.1.1/lib/tinyusb/src/portable/raspberrypi/rp2040/rp2040_usb.c.o
                0x20000be0                hw_endpoint_reset_transfer
 .time_critical._hw_endpoint_buffer_control_update32
                0x20000bec       0x50 CMakeFiles/Projeto1_Barbara_Glauco.dir/home/babi_maria/.pico-sdk/sdk/2.1.1/lib/tinyusb/src/portable/raspberrypi/rp2040/rp2040_usb.c.o
                0x20000bec                _hw_endpoint_buffer_control_update32
 .time_critical.hw_endpoint_start_next_buffer
                0x20000c3c       0x6c CMakeFiles/Projeto1_Barbara_Glauco.dir/home/babi_maria/.pico-sdk/sdk/2.1.1/lib/tinyusb/src/portable/raspberrypi/rp2040/rp2040_usb.c.o
                0x20000c3c                hw_endpoint_start_next_buffer
 .time_critical.hw_endpoint_xfer_continue
                0x20000ca8       0x40 CMakeFiles/Projeto1_Barbara_Glauco.dir/home/babi_maria/.pico-sdk/sdk/2.1.1/lib/tinyusb/src/portable/raspberrypi/rp2040/rp2040_usb.c.o
                0x20000ca8                hw_endpoint_xfer_continue
 .time_critical.tinyusb
                0x20000ce8      0x1e4 CMakeFiles/Projeto1_Barbara_Glauco.dir/home/babi_maria/.pico-sdk/sdk/2.1.1/lib/tinyusb/src/device/usbd.c.o
                0x20000ce8                dcd_event_handler
 *(.text*)
 .text          0x20000ecc        0x4 /home/babi_maria/.pico-sdk/toolchain/13_3_Rel1/bin/../lib/gcc/arm-none-eabi/13.3.1/thumb/v6-m/nofp/libgcc.a(_dvmd_tls.o)
                0x20000ecc                __aeabi_ldiv0
                0x20000ecc                __aeabi_idiv0
 .text.__stub   0x20000ed0       0x80 linker stubs
                0x20000f50                        . = ALIGN (0x4)
 *(.rodata*)
                0x20000f50                        . = ALIGN (0x4)
 *(.data*)
 .data.striped_spin_lock_num
                0x20000f50        0x1 CMakeFiles/Projeto1_Barbara_Glauco.dir/home/babi_maria/.pico-sdk/sdk/2.1.1/src/rp2_common/hardware_sync/sync.c.o
 *fill*         0x20000f51        0x3 
 .data          0x20000f54       0x48 CMakeFiles/Projeto1_Barbara_Glauco.dir/home/babi_maria/.pico-sdk/sdk/2.1.1/src/rp2_common/hardware_irq/irq_handler_chain.S.o
                0x20000f54                irq_handler_chain_slots
                0x20000f84                irq_handler_chain_first_slot
                0x20000f8e                irq_handler_chain_remove_tail
 .data.default_alarm_pool
                0x20000f9c       0x18 CMakeFiles/Projeto1_Barbara_Glauco.dir/home/babi_maria/.pico-sdk/sdk/2.1.1/src/common/pico_time/time.c.o
 *fill*         0x20000fb4        0xc 
 .data.aeabi_bits_funcs
                0x20000fc0       0x10 CMakeFiles/Projeto1_Barbara_Glauco.dir/home/babi_maria/.pico-sdk/sdk/2.1.1/src/rp2_common/pico_bit_ops/bit_ops_aeabi.S.o
                0x20000fc0                aeabi_bits_funcs
                0x20000fd0                aeabi_bits_funcs_end
 .data.aeabi_mem_funcs
                0x20000fd0       0x10 CMakeFiles/Projeto1_Barbara_Glauco.dir/home/babi_maria/.pico-sdk/sdk/2.1.1/src/rp2_common/pico_mem_ops/mem_ops_aeabi.S.o
                0x20000fd0                aeabi_mem_funcs
                0x20000fe0                aeabi_mem_funcs_end
 .data.stdio_usb
                0x20000fe0       0x18 CMakeFiles/Projeto1_Barbara_Glauco.dir/home/babi_maria/.pico-sdk/sdk/2.1.1/src/rp2_common/pico_stdio_usb/stdio_usb.c.o
                0x20000fe0                stdio_usb
 .data._usbd_qdef
                0x20000ff8       0x1c CMakeFiles/Projeto1_Barbara_Glauco.dir/home/babi_maria/.pico-sdk/sdk/2.1.1/lib/tinyusb/src/device/usbd.c.o
                0x20000ff8                _usbd_qdef
 .data._usbd_rhport
                0x20001014        0x1 CMakeFiles/Projeto1_Barbara_Glauco.dir/home/babi_maria/.pico-sdk/sdk/2.1.1/lib/tinyusb/src/device/usbd.c.o
 *fill*         0x20001015        0x3 
 .data.i2c1_inst
                0x20001018        0x8 CMakeFiles/Projeto1_Barbara_Glauco.dir/home/babi_maria/.pico-sdk/sdk/2.1.1/src/rp2_common/hardware_i2c/i2c.c.o
                0x20001018                i2c1_inst
 .data.i2c0_inst
                0x20001020        0x8 CMakeFiles/Projeto1_Barbara_Glauco.dir/home/babi_maria/.pico-sdk/sdk/2.1.1/src/rp2_common/hardware_i2c/i2c.c.o
                0x20001020                i2c0_inst
 .data.__malloc_sbrk_base
                0x20001028        0x4 /home/babi_maria/.pico-sdk/toolchain/13_3_Rel1/bin/../lib/gcc/arm-none-eabi/13.3.1/../../../../arm-none-eabi/lib/thumb/v6-m/nofp/libg.a(libc_a-mallocr.o)
                0x20001028                __malloc_sbrk_base
 .data.__malloc_trim_threshold
                0x2000102c        0x4 /home/babi_maria/.pico-sdk/toolchain/13_3_Rel1/bin/../lib/gcc/arm-none-eabi/13.3.1/../../../../arm-none-eabi/lib/thumb/v6-m/nofp/libg.a(libc_a-mallocr.o)
                0x2000102c                __malloc_trim_threshold
 .data.__malloc_av_
                0x20001030      0x408 /home/babi_maria/.pico-sdk/toolchain/13_3_Rel1/bin/../lib/gcc/arm-none-eabi/13.3.1/../../../../arm-none-eabi/lib/thumb/v6-m/nofp/libg.a(libc_a-mallocr.o)
                0x20001030                __malloc_av_
 .data._impure_ptr
                0x20001438        0x4 /home/babi_maria/.pico-sdk/toolchain/13_3_Rel1/bin/../lib/gcc/arm-none-eabi/13.3.1/../../../../arm-none-eabi/lib/thumb/v6-m/nofp/libg.a(libc_a-impure.o)
                0x20001438                _impure_ptr
 *fill*         0x2000143c        0x4 
 .data._impure_data
                0x20001440      0x140 /home/babi_maria/.pico-sdk/toolchain/13_3_Rel1/bin/../lib/gcc/arm-none-eabi/13.3.1/../../../../arm-none-eabi/lib/thumb/v6-m/nofp/libg.a(libc_a-impure.o)
                0x20001440                _impure_data
                0x20001580                        . = ALIGN (0x4)
 *(.after_data.*)
                0x20001580                        . = ALIGN (0x4)
                0x20001580                        PROVIDE (__mutex_array_start = .)
 *(SORT_BY_NAME(.mutex_array.*))
 *(.mutex_array)
 .mutex_array   0x20001580        0x8 CMakeFiles/Projeto1_Barbara_Glauco.dir/home/babi_maria/.pico-sdk/sdk/2.1.1/src/rp2_common/pico_stdio/stdio.c.o
                0x20001588                        PROVIDE (__mutex_array_end = .)
                0x20001588                        . = ALIGN (0x4)
 *(.jcr)
                0x20001588                        . = ALIGN (0x4)

.tm_clone_table
                0x20001588        0x0 load address 0x10009adc
 .tm_clone_table
                0x20001588        0x0 /home/babi_maria/.pico-sdk/toolchain/13_3_Rel1/bin/../lib/gcc/arm-none-eabi/13.3.1/thumb/v6-m/nofp/crtbegin.o
 .tm_clone_table
                0x20001588        0x0 /home/babi_maria/.pico-sdk/toolchain/13_3_Rel1/bin/../lib/gcc/arm-none-eabi/13.3.1/thumb/v6-m/nofp/crtend.o

.igot.plt       0x20001588        0x0 load address 0x10009adc
 .igot.plt      0x20001588        0x0 /home/babi_maria/.pico-sdk/toolchain/13_3_Rel1/bin/../lib/gcc/arm-none-eabi/13.3.1/thumb/v6-m/nofp/crtbegin.o

.tdata          0x20001588        0x0 load address 0x10009adc
                0x20001588                        . = ALIGN (0x4)
 *(.tdata .tdata.* .gnu.linkonce.td.*)
                0x20001588                        __tdata_end = .
                0x20001588                        PROVIDE (__data_end__ = .)
                0x10008614                        __etext = LOADADDR (.data)

.tbss           0x20001588        0x0 load address 0x10009adc
                0x20001588                        . = ALIGN (0x4)
                0x20001588                        __bss_start__ = .
                0x20001588                        __tls_base = .
 *(.tbss .tbss.* .gnu.linkonce.tb.*)
 *(.tcommon)
                0x20001588                        __tls_end = .

.bss            0x20001588     0x1074 load address 0x10009adc
                0x20001588                        . = ALIGN (0x4)
                0x20001588                        __tbss_end = .
 *(SORT_BY_ALIGNMENT(SORT_BY_NAME(.bss*)))
 .bss.default_alarm_pool_entries
                0x20001588      0x180 CMakeFiles/Projeto1_Barbara_Glauco.dir/home/babi_maria/.pico-sdk/sdk/2.1.1/src/common/pico_time/time.c.o
 .bss.last_avail_time.1
                0x20001708        0x8 CMakeFiles/Projeto1_Barbara_Glauco.dir/home/babi_maria/.pico-sdk/sdk/2.1.1/src/rp2_common/pico_stdio_usb/stdio_usb.c.o
 .bss.sd_table  0x20001710      0x100 CMakeFiles/Projeto1_Barbara_Glauco.dir/home/babi_maria/.pico-sdk/sdk/2.1.1/src/rp2_common/pico_double/double_init_rom_rp2040.c.o
                0x20001710                sd_table
 .bss.sf_table  0x20001810      0x100 CMakeFiles/Projeto1_Barbara_Glauco.dir/home/babi_maria/.pico-sdk/sdk/2.1.1/src/rp2_common/pico_float/float_init_rom_rp2040.c.o
                0x20001810                sf_table
 .bss.__lock___malloc_recursive_mutex
                0x20001910        0x1 /home/babi_maria/.pico-sdk/toolchain/13_3_Rel1/bin/../lib/gcc/arm-none-eabi/13.3.1/../../../../arm-none-eabi/lib/thumb/v6-m/nofp/libg.a(libc_a-lock.o)
                0x20001910                __lock___malloc_recursive_mutex
 *fill*         0x20001911        0x3 
 .bss.__malloc_current_mallinfo
                0x20001914       0x28 /home/babi_maria/.pico-sdk/toolchain/13_3_Rel1/bin/../lib/gcc/arm-none-eabi/13.3.1/../../../../arm-none-eabi/lib/thumb/v6-m/nofp/libg.a(libc_a-mallocr.o)
                0x20001914                __malloc_current_mallinfo
 .bss.__malloc_max_sbrked_mem
                0x2000193c        0x4 /home/babi_maria/.pico-sdk/toolchain/13_3_Rel1/bin/../lib/gcc/arm-none-eabi/13.3.1/../../../../arm-none-eabi/lib/thumb/v6-m/nofp/libg.a(libc_a-mallocr.o)
                0x2000193c                __malloc_max_sbrked_mem
 .bss.__malloc_max_total_mem
                0x20001940        0x4 /home/babi_maria/.pico-sdk/toolchain/13_3_Rel1/bin/../lib/gcc/arm-none-eabi/13.3.1/../../../../arm-none-eabi/lib/thumb/v6-m/nofp/libg.a(libc_a-mallocr.o)
                0x20001940                __malloc_max_total_mem
 .bss.__malloc_top_pad
                0x20001944        0x4 /home/babi_maria/.pico-sdk/toolchain/13_3_Rel1/bin/../lib/gcc/arm-none-eabi/13.3.1/../../../../arm-none-eabi/lib/thumb/v6-m/nofp/libg.a(libc_a-mallocr.o)
                0x20001944                __malloc_top_pad